<?xml version="1.0"?>
<link_info>
   <banner>TI ARM Linker PC v16.9.1.LTS</banner>
   <copyright>Copyright (c) 1996-2015 Texas Instruments Incorporated</copyright>
   <link_time>0x593fe2a5</link_time>
   <link_errors>0x0</link_errors>
   <output_file>FEE.out</output_file>
   <entry_point>
      <name>_c_int00</name>
      <address>0xc570</address>
   </entry_point>
   <input_file_list>
      <input_file id="fl-2">
         <path>.\source\</path>
         <kind>object</kind>
         <file>Device_TMS570LS04.obj</file>
         <name>Device_TMS570LS04.obj</name>
      </input_file>
      <input_file id="fl-3">
         <path>.\source\</path>
         <kind>object</kind>
         <file>Fapi_UserDefinedFunctions.obj</file>
         <name>Fapi_UserDefinedFunctions.obj</name>
      </input_file>
      <input_file id="fl-4">
         <path>.\source\</path>
         <kind>object</kind>
         <file>dabort.obj</file>
         <name>dabort.obj</name>
      </input_file>
      <input_file id="fl-5">
         <path>.\source\</path>
         <kind>object</kind>
         <file>esm.obj</file>
         <name>esm.obj</name>
      </input_file>
      <input_file id="fl-6">
         <path>.\source\</path>
         <kind>object</kind>
         <file>notification.obj</file>
         <name>notification.obj</name>
      </input_file>
      <input_file id="fl-7">
         <path>.\source\</path>
         <kind>object</kind>
         <file>pinmux.obj</file>
         <name>pinmux.obj</name>
      </input_file>
      <input_file id="fl-8">
         <path>.\source\</path>
         <kind>object</kind>
         <file>sys_core.obj</file>
         <name>sys_core.obj</name>
      </input_file>
      <input_file id="fl-9">
         <path>.\source\</path>
         <kind>object</kind>
         <file>sys_intvecs.obj</file>
         <name>sys_intvecs.obj</name>
      </input_file>
      <input_file id="fl-a">
         <path>.\source\</path>
         <kind>object</kind>
         <file>sys_main.obj</file>
         <name>sys_main.obj</name>
      </input_file>
      <input_file id="fl-b">
         <path>.\source\</path>
         <kind>object</kind>
         <file>sys_mpu.obj</file>
         <name>sys_mpu.obj</name>
      </input_file>
      <input_file id="fl-c">
         <path>.\source\</path>
         <kind>object</kind>
         <file>sys_pcr.obj</file>
         <name>sys_pcr.obj</name>
      </input_file>
      <input_file id="fl-d">
         <path>.\source\</path>
         <kind>object</kind>
         <file>sys_phantom.obj</file>
         <name>sys_phantom.obj</name>
      </input_file>
      <input_file id="fl-e">
         <path>.\source\</path>
         <kind>object</kind>
         <file>sys_pmu.obj</file>
         <name>sys_pmu.obj</name>
      </input_file>
      <input_file id="fl-f">
         <path>.\source\</path>
         <kind>object</kind>
         <file>sys_selftest.obj</file>
         <name>sys_selftest.obj</name>
      </input_file>
      <input_file id="fl-10">
         <path>.\source\</path>
         <kind>object</kind>
         <file>sys_startup.obj</file>
         <name>sys_startup.obj</name>
      </input_file>
      <input_file id="fl-11">
         <path>.\source\</path>
         <kind>object</kind>
         <file>sys_vim.obj</file>
         <name>sys_vim.obj</name>
      </input_file>
      <input_file id="fl-12">
         <path>.\source\</path>
         <kind>object</kind>
         <file>system.obj</file>
         <name>system.obj</name>
      </input_file>
      <input_file id="fl-13">
         <path>.\source\</path>
         <kind>object</kind>
         <file>ti_fee_Info.obj</file>
         <name>ti_fee_Info.obj</name>
      </input_file>
      <input_file id="fl-14">
         <path>.\source\</path>
         <kind>object</kind>
         <file>ti_fee_cancel.obj</file>
         <name>ti_fee_cancel.obj</name>
      </input_file>
      <input_file id="fl-15">
         <path>.\source\</path>
         <kind>object</kind>
         <file>ti_fee_cfg.obj</file>
         <name>ti_fee_cfg.obj</name>
      </input_file>
      <input_file id="fl-16">
         <path>.\source\</path>
         <kind>object</kind>
         <file>ti_fee_eraseimmediateblock.obj</file>
         <name>ti_fee_eraseimmediateblock.obj</name>
      </input_file>
      <input_file id="fl-17">
         <path>.\source\</path>
         <kind>object</kind>
         <file>ti_fee_format.obj</file>
         <name>ti_fee_format.obj</name>
      </input_file>
      <input_file id="fl-18">
         <path>.\source\</path>
         <kind>object</kind>
         <file>ti_fee_ini.obj</file>
         <name>ti_fee_ini.obj</name>
      </input_file>
      <input_file id="fl-19">
         <path>.\source\</path>
         <kind>object</kind>
         <file>ti_fee_invalidateblock.obj</file>
         <name>ti_fee_invalidateblock.obj</name>
      </input_file>
      <input_file id="fl-1a">
         <path>.\source\</path>
         <kind>object</kind>
         <file>ti_fee_main.obj</file>
         <name>ti_fee_main.obj</name>
      </input_file>
      <input_file id="fl-1b">
         <path>.\source\</path>
         <kind>object</kind>
         <file>ti_fee_read.obj</file>
         <name>ti_fee_read.obj</name>
      </input_file>
      <input_file id="fl-1c">
         <path>.\source\</path>
         <kind>object</kind>
         <file>ti_fee_readSync.obj</file>
         <name>ti_fee_readSync.obj</name>
      </input_file>
      <input_file id="fl-1d">
         <path>.\source\</path>
         <kind>object</kind>
         <file>ti_fee_shutdown.obj</file>
         <name>ti_fee_shutdown.obj</name>
      </input_file>
      <input_file id="fl-1e">
         <path>.\source\</path>
         <kind>object</kind>
         <file>ti_fee_util.obj</file>
         <name>ti_fee_util.obj</name>
      </input_file>
      <input_file id="fl-1f">
         <path>.\source\</path>
         <kind>object</kind>
         <file>ti_fee_writeAsync.obj</file>
         <name>ti_fee_writeAsync.obj</name>
      </input_file>
      <input_file id="fl-20">
         <path>.\source\</path>
         <kind>object</kind>
         <file>ti_fee_writeSync.obj</file>
         <name>ti_fee_writeSync.obj</name>
      </input_file>
      <input_file id="fl-db">
         <path>C:\ti\ccsv7\tools\compiler\ti-cgt-arm_16.9.1.LTS\lib\</path>
         <kind>archive</kind>
         <file>rtsv7R4_A_be_eabi.lib</file>
         <name>autoinit.obj</name>
      </input_file>
      <input_file id="fl-dc">
         <path>C:\ti\ccsv7\tools\compiler\ti-cgt-arm_16.9.1.LTS\lib\</path>
         <kind>archive</kind>
         <file>rtsv7R4_A_be_eabi.lib</file>
         <name>copy_decompress_lzss.obj</name>
      </input_file>
      <input_file id="fl-dd">
         <path>C:\ti\ccsv7\tools\compiler\ti-cgt-arm_16.9.1.LTS\lib\</path>
         <kind>archive</kind>
         <file>rtsv7R4_A_be_eabi.lib</file>
         <name>copy_decompress_none.obj</name>
      </input_file>
      <input_file id="fl-de">
         <path>C:\ti\ccsv7\tools\compiler\ti-cgt-arm_16.9.1.LTS\lib\</path>
         <kind>archive</kind>
         <file>rtsv7R4_A_be_eabi.lib</file>
         <name>copy_zero_init.obj</name>
      </input_file>
      <input_file id="fl-df">
         <path>C:\ti\ccsv7\tools\compiler\ti-cgt-arm_16.9.1.LTS\lib\</path>
         <kind>archive</kind>
         <file>rtsv7R4_A_be_eabi.lib</file>
         <name>cpy_tbl.obj</name>
      </input_file>
      <input_file id="fl-e0">
         <path>C:\ti\ccsv7\tools\compiler\ti-cgt-arm_16.9.1.LTS\lib\</path>
         <kind>archive</kind>
         <file>rtsv7R4_A_be_eabi.lib</file>
         <name>exit.obj</name>
      </input_file>
      <input_file id="fl-e1">
         <path>C:\ti\ccsv7\tools\compiler\ti-cgt-arm_16.9.1.LTS\lib\</path>
         <kind>archive</kind>
         <file>rtsv7R4_A_be_eabi.lib</file>
         <name>memcpy32.obj</name>
      </input_file>
      <input_file id="fl-e2">
         <path>C:\ti\ccsv7\tools\compiler\ti-cgt-arm_16.9.1.LTS\lib\</path>
         <kind>archive</kind>
         <file>rtsv7R4_A_be_eabi.lib</file>
         <name>memset32.obj</name>
      </input_file>
      <input_file id="fl-e3">
         <path>C:\ti\ccsv7\tools\compiler\ti-cgt-arm_16.9.1.LTS\lib\</path>
         <kind>archive</kind>
         <file>rtsv7R4_A_be_eabi.lib</file>
         <name>startup.obj</name>
      </input_file>
      <input_file id="fl-e4">
         <path>C:\ti\ccsv7\tools\compiler\ti-cgt-arm_16.9.1.LTS\lib\</path>
         <kind>archive</kind>
         <file>rtsv7R4_A_be_eabi.lib</file>
         <name>_lock.obj</name>
      </input_file>
      <input_file id="fl-e5">
         <path>C:\ti\Hercules\F021 Flash API\02.01.01\</path>
         <kind>archive</kind>
         <file>F021_API_CortexR4_BE.lib</file>
         <name>Async.obj</name>
      </input_file>
      <input_file id="fl-e6">
         <path>C:\ti\Hercules\F021 Flash API\02.01.01\</path>
         <kind>archive</kind>
         <file>F021_API_CortexR4_BE.lib</file>
         <name>Async.WithAddress.obj</name>
      </input_file>
      <input_file id="fl-e7">
         <path>C:\ti\Hercules\F021 Flash API\02.01.01\</path>
         <kind>archive</kind>
         <file>F021_API_CortexR4_BE.lib</file>
         <name>BlankCheck.obj</name>
      </input_file>
      <input_file id="fl-e8">
         <path>C:\ti\Hercules\F021 Flash API\02.01.01\</path>
         <kind>archive</kind>
         <file>F021_API_CortexR4_BE.lib</file>
         <name>FlashStateMachine.EnableEepromSectors.obj</name>
      </input_file>
      <input_file id="fl-e9">
         <path>C:\ti\Hercules\F021 Flash API\02.01.01\</path>
         <kind>archive</kind>
         <file>F021_API_CortexR4_BE.lib</file>
         <name>FlashStateMachine.InitializeFlashBanks.obj</name>
      </input_file>
      <input_file id="fl-ea">
         <path>C:\ti\Hercules\F021 Flash API\02.01.01\</path>
         <kind>archive</kind>
         <file>F021_API_CortexR4_BE.lib</file>
         <name>FlashStateMachine.IssueFsmCommand.obj</name>
      </input_file>
      <input_file id="fl-eb">
         <path>C:\ti\Hercules\F021 Flash API\02.01.01\</path>
         <kind>archive</kind>
         <file>F021_API_CortexR4_BE.lib</file>
         <name>FlashStateMachine.ScaleFclk.obj</name>
      </input_file>
      <input_file id="fl-ec">
         <path>C:\ti\Hercules\F021 Flash API\02.01.01\</path>
         <kind>archive</kind>
         <file>F021_API_CortexR4_BE.lib</file>
         <name>FlashStateMachine.SetActiveBank.obj</name>
      </input_file>
      <input_file id="fl-ed">
         <path>C:\ti\Hercules\F021 Flash API\02.01.01\</path>
         <kind>archive</kind>
         <file>F021_API_CortexR4_BE.lib</file>
         <name>Read.FlushPipeline.obj</name>
      </input_file>
      <input_file id="fl-ee">
         <path>C:\ti\Hercules\F021 Flash API\02.01.01\</path>
         <kind>archive</kind>
         <file>F021_API_CortexR4_BE.lib</file>
         <name>Read.LoopDword.obj</name>
      </input_file>
      <input_file id="fl-ef">
         <path>C:\ti\Hercules\F021 Flash API\02.01.01\</path>
         <kind>archive</kind>
         <file>F021_API_CortexR4_BE.lib</file>
         <name>Read.WdService.obj</name>
      </input_file>
      <input_file id="fl-f0">
         <path>C:\ti\Hercules\F021 Flash API\02.01.01\</path>
         <kind>archive</kind>
         <file>F021_API_CortexR4_BE.lib</file>
         <name>Utilities.CalculateFletcher.obj</name>
      </input_file>
      <input_file id="fl-f1">
         <path>C:\ti\Hercules\F021 Flash API\02.01.01\</path>
         <kind>archive</kind>
         <file>F021_API_CortexR4_BE.lib</file>
         <name>Utilities.WaitDelay.obj</name>
      </input_file>
      <input_file id="fl-f2">
         <path>C:\ti\Hercules\F021 Flash API\02.01.01\</path>
         <kind>archive</kind>
         <file>F021_API_CortexR4_BE.lib</file>
         <name>Utilities.GetNumberOfSectors.obj</name>
      </input_file>
      <input_file id="fl-f3">
         <path>C:\ti\Hercules\F021 Flash API\02.01.01\</path>
         <kind>archive</kind>
         <file>F021_API_CortexR4_BE.lib</file>
         <name>Read.Common.obj</name>
      </input_file>
      <input_file id="fl-f4">
         <path>C:\ti\Hercules\F021 Flash API\02.01.01\</path>
         <kind>archive</kind>
         <file>F021_API_CortexR4_BE.lib</file>
         <name>FlashStateMachine.Hercules.IsEccAddress.obj</name>
      </input_file>
   </input_file_list>
   <object_component_list>
      <object_component id="oc-30">
         <name>.intvecs</name>
         <load_address>0x0</load_address>
         <run_address>0x0</run_address>
         <size>0x20</size>
         <input_file_ref idref="fl-9"/>
      </object_component>
      <object_component id="oc-fd">
         <name>.text</name>
         <load_address>0x20</load_address>
         <run_address>0x20</run_address>
         <size>0x57e0</size>
         <input_file_ref idref="fl-1e"/>
      </object_component>
      <object_component id="oc-75">
         <name>.text</name>
         <load_address>0x5800</load_address>
         <run_address>0x5800</run_address>
         <size>0x24f0</size>
         <input_file_ref idref="fl-f"/>
      </object_component>
      <object_component id="oc-f1">
         <name>.text</name>
         <load_address>0x7cf0</load_address>
         <run_address>0x7cf0</run_address>
         <size>0x1750</size>
         <input_file_ref idref="fl-18"/>
      </object_component>
      <object_component id="oc-f7">
         <name>.text</name>
         <load_address>0x9440</load_address>
         <run_address>0x9440</run_address>
         <size>0x10c4</size>
         <input_file_ref idref="fl-1a"/>
      </object_component>
      <object_component id="oc-6f">
         <name>.text</name>
         <load_address>0xa504</load_address>
         <run_address>0xa504</run_address>
         <size>0xa64</size>
         <input_file_ref idref="fl-12"/>
      </object_component>
      <object_component id="oc-3f">
         <name>.text</name>
         <load_address>0xaf68</load_address>
         <run_address>0xaf68</run_address>
         <size>0x898</size>
         <input_file_ref idref="fl-11"/>
      </object_component>
      <object_component id="oc-7b">
         <name>.text</name>
         <load_address>0xb800</load_address>
         <run_address>0xb800</run_address>
         <size>0x5d8</size>
         <input_file_ref idref="fl-5"/>
      </object_component>
      <object_component id="oc-6a">
         <name>.text</name>
         <load_address>0xbdd8</load_address>
         <run_address>0xbdd8</run_address>
         <size>0x2d0</size>
         <input_file_ref idref="fl-8"/>
      </object_component>
      <object_component id="oc-3b">
         <name>.text:retain</name>
         <load_address>0xc0a8</load_address>
         <run_address>0xc0a8</run_address>
         <size>0x268</size>
         <input_file_ref idref="fl-11"/>
      </object_component>
      <object_component id="oc-1c5">
         <name>.text:Fapi_initializeFlashBanks</name>
         <load_address>0xc310</load_address>
         <run_address>0xc310</run_address>
         <size>0x260</size>
         <input_file_ref idref="fl-e9"/>
      </object_component>
      <object_component id="oc-21">
         <name>.text:retain</name>
         <load_address>0xc570</load_address>
         <run_address>0xc570</run_address>
         <size>0x208</size>
         <input_file_ref idref="fl-10"/>
      </object_component>
      <object_component id="oc-87">
         <name>.text</name>
         <load_address>0xc778</load_address>
         <run_address>0xc778</run_address>
         <size>0x190</size>
         <input_file_ref idref="fl-a"/>
      </object_component>
      <object_component id="oc-52">
         <name>.text</name>
         <load_address>0xc908</load_address>
         <run_address>0xc908</run_address>
         <size>0x180</size>
         <input_file_ref idref="fl-e1"/>
      </object_component>
      <object_component id="oc-1cb">
         <name>.text:Fapi_setActiveFlashBank</name>
         <load_address>0xca88</load_address>
         <run_address>0xca88</run_address>
         <size>0x17c</size>
         <input_file_ref idref="fl-ec"/>
      </object_component>
      <object_component id="oc-cd">
         <name>.text</name>
         <load_address>0xcc04</load_address>
         <run_address>0xcc04</run_address>
         <size>0x150</size>
         <input_file_ref idref="fl-7"/>
      </object_component>
      <object_component id="oc-27">
         <name>.text:retain</name>
         <load_address>0xcd54</load_address>
         <run_address>0xcd54</run_address>
         <size>0xec</size>
         <input_file_ref idref="fl-5"/>
      </object_component>
      <object_component id="oc-a3">
         <name>.text</name>
         <load_address>0xce40</load_address>
         <run_address>0xce40</run_address>
         <size>0xe8</size>
         <input_file_ref idref="fl-4"/>
      </object_component>
      <object_component id="oc-d5">
         <name>.text</name>
         <load_address>0xcf28</load_address>
         <run_address>0xcf28</run_address>
         <size>0xe0</size>
         <input_file_ref idref="fl-e"/>
      </object_component>
      <object_component id="oc-5e">
         <name>.text</name>
         <load_address>0xd008</load_address>
         <run_address>0xd008</run_address>
         <size>0xb0</size>
         <input_file_ref idref="fl-e2"/>
      </object_component>
      <object_component id="oc-81">
         <name>.text</name>
         <load_address>0xd0b8</load_address>
         <run_address>0xd0b8</run_address>
         <size>0xa8</size>
         <input_file_ref idref="fl-db"/>
      </object_component>
      <object_component id="oc-1e6">
         <name>.text:Fapi_doBlankCheck</name>
         <load_address>0xd160</load_address>
         <run_address>0xd160</run_address>
         <size>0x94</size>
         <input_file_ref idref="fl-e7"/>
      </object_component>
      <object_component id="oc-f">
         <name>.text:decompress:lzss</name>
         <load_address>0xd1f4</load_address>
         <run_address>0xd1f4</run_address>
         <size>0x90</size>
         <input_file_ref idref="fl-dc"/>
      </object_component>
      <object_component id="oc-8d">
         <name>.text</name>
         <load_address>0xd284</load_address>
         <run_address>0xd284</run_address>
         <size>0x90</size>
         <input_file_ref idref="fl-e0"/>
      </object_component>
      <object_component id="oc-e3">
         <name>.text</name>
         <load_address>0xd314</load_address>
         <run_address>0xd314</run_address>
         <size>0x84</size>
         <input_file_ref idref="fl-df"/>
      </object_component>
      <object_component id="oc-1d1">
         <name>.text:Fapi_enableEepromBankSectors</name>
         <load_address>0xd398</load_address>
         <run_address>0xd398</run_address>
         <size>0x80</size>
         <input_file_ref idref="fl-e8"/>
      </object_component>
      <object_component id="oc-27e">
         <name>.text:_Fapi_loopRegionForValue</name>
         <load_address>0xd418</load_address>
         <run_address>0xd418</run_address>
         <size>0x5e</size>
         <input_file_ref idref="fl-ee"/>
      </object_component>
      <object_component id="oc-94">
         <name>.text</name>
         <load_address>0xd478</load_address>
         <run_address>0xd478</run_address>
         <size>0x58</size>
         <input_file_ref idref="fl-6"/>
      </object_component>
      <object_component id="oc-2f5">
         <name>.text:Fapi_isAddressEcc</name>
         <load_address>0xd4d0</load_address>
         <run_address>0xd4d0</run_address>
         <size>0x50</size>
         <input_file_ref idref="fl-f4"/>
      </object_component>
      <object_component id="oc-26c">
         <name>.text:_Fapi_EnableSectors</name>
         <load_address>0xd520</load_address>
         <run_address>0xd520</run_address>
         <size>0x44</size>
         <input_file_ref idref="fl-e8"/>
      </object_component>
      <object_component id="oc-286">
         <name>.text:_Fapi_issueFsmCommand</name>
         <load_address>0xd564</load_address>
         <run_address>0xd564</run_address>
         <size>0x3c</size>
         <input_file_ref idref="fl-ea"/>
      </object_component>
      <object_component id="oc-244">
         <name>.text:Fapi_calculateFletcherChecksum</name>
         <load_address>0xd5a0</load_address>
         <run_address>0xd5a0</run_address>
         <size>0x36</size>
         <input_file_ref idref="fl-f0"/>
      </object_component>
      <object_component id="oc-1f2">
         <name>.text:Fapi_issueAsyncCommandWithAddress</name>
         <load_address>0xd5d8</load_address>
         <run_address>0xd5d8</run_address>
         <size>0x30</size>
         <input_file_ref idref="fl-e6"/>
      </object_component>
      <object_component id="oc-2c8">
         <name>.text:Fapi_waitDelay</name>
         <load_address>0xd608</load_address>
         <run_address>0xd608</run_address>
         <size>0x30</size>
         <input_file_ref idref="fl-f1"/>
      </object_component>
      <object_component id="oc-2d0">
         <name>.text:_Fapi_readDword</name>
         <load_address>0xd638</load_address>
         <run_address>0xd638</run_address>
         <size>0x2c</size>
         <input_file_ref idref="fl-f3"/>
      </object_component>
      <object_component id="oc-1ec">
         <name>.text:Fapi_issueAsyncCommand</name>
         <load_address>0xd664</load_address>
         <run_address>0xd664</run_address>
         <size>0x2a</size>
         <input_file_ref idref="fl-e5"/>
      </object_component>
      <object_component id="oc-21b">
         <name>.text</name>
         <load_address>0xd690</load_address>
         <run_address>0xd690</run_address>
         <size>0x24</size>
         <input_file_ref idref="fl-e4"/>
      </object_component>
      <object_component id="oc-278">
         <name>.text:Fapi_flushPipeline</name>
         <load_address>0xd6b4</load_address>
         <run_address>0xd6b4</run_address>
         <size>0x22</size>
         <input_file_ref idref="fl-ed"/>
      </object_component>
      <object_component id="oc-24a">
         <name>.text:_Fapi_divideUnsignedLong</name>
         <load_address>0xd6d6</load_address>
         <run_address>0xd6d6</run_address>
         <size>0x1c</size>
         <input_file_ref idref="fl-e9"/>
      </object_component>
      <object_component id="oc-15">
         <name>.text:decompress:none</name>
         <load_address>0xd6f4</load_address>
         <run_address>0xd6f4</run_address>
         <size>0x14</size>
         <input_file_ref idref="fl-dd"/>
      </object_component>
      <object_component id="oc-266">
         <name>.text:Fapi_getNumberOfBankSectors</name>
         <load_address>0xd708</load_address>
         <run_address>0xd708</run_address>
         <size>0x10</size>
         <input_file_ref idref="fl-f2"/>
      </object_component>
      <object_component id="oc-256">
         <name>.text:_scaleEEFclk</name>
         <load_address>0xd718</load_address>
         <run_address>0xd718</run_address>
         <size>0x10</size>
         <input_file_ref idref="fl-eb"/>
      </object_component>
      <object_component id="oc-250">
         <name>.text:_scaleMainFclk</name>
         <load_address>0xd728</load_address>
         <run_address>0xd728</run_address>
         <size>0x10</size>
         <input_file_ref idref="fl-eb"/>
      </object_component>
      <object_component id="oc-1b">
         <name>.text:decompress:ZI</name>
         <load_address>0xd738</load_address>
         <run_address>0xd738</run_address>
         <size>0x10</size>
         <input_file_ref idref="fl-de"/>
      </object_component>
      <object_component id="oc-2d6">
         <name>.text:_Fapi_checkWdService</name>
         <load_address>0xd748</load_address>
         <run_address>0xd748</run_address>
         <size>0xc</size>
         <input_file_ref idref="fl-ef"/>
      </object_component>
      <object_component id="oc-2fd">
         <name>.text</name>
         <load_address>0xd754</load_address>
         <run_address>0xd754</run_address>
         <size>0x8</size>
         <input_file_ref idref="fl-3"/>
      </object_component>
      <object_component id="oc-35">
         <name>.text:retain</name>
         <load_address>0xd75c</load_address>
         <run_address>0xd75c</run_address>
         <size>0x4</size>
         <input_file_ref idref="fl-d"/>
      </object_component>
      <object_component id="oc-e9">
         <name>.text</name>
         <load_address>0xd760</load_address>
         <run_address>0xd760</run_address>
         <size>0x4</size>
         <input_file_ref idref="fl-e3"/>
      </object_component>
      <object_component id="oc-338">
         <name>.tramp.Fapi_serviceWatchdogTimer.1</name>
         <load_address>0xd764</load_address>
         <run_address>0xd764</run_address>
         <size>0x8</size>
         <input_file_ref idref="fl-3"/>
      </object_component>
      <object_component id="oc-2d">
         <name>.const:s_vim_init</name>
         <load_address>0x1062c</load_address>
         <run_address>0x1062c</run_address>
         <size>0x180</size>
         <input_file_ref idref="fl-11"/>
      </object_component>
      <object_component id="oc-336">
         <name>.cinit..data.load</name>
         <load_address>0x10850</load_address>
         <run_address>0x10850</run_address>
         <size>0x12</size>
      </object_component>
      <object_component id="oc-333">
         <name>__TI_handler_table</name>
         <load_address>0x10864</load_address>
         <run_address>0x10864</run_address>
         <size>0xc</size>
      </object_component>
      <object_component id="oc-337">
         <name>.cinit.FEE_DATA_SECTION.load</name>
         <load_address>0x10870</load_address>
         <run_address>0x10870</run_address>
         <size>0x9</size>
      </object_component>
      <object_component id="oc-335">
         <name>.cinit..bss.load</name>
         <load_address>0x10880</load_address>
         <run_address>0x10880</run_address>
         <size>0x8</size>
      </object_component>
      <object_component id="oc-334">
         <name>__TI_cinit_table</name>
         <load_address>0x10888</load_address>
         <run_address>0x10888</run_address>
         <size>0x18</size>
      </object_component>
      <object_component id="oc-127">
         <name>.common:Status</name>
         <uninitialized>true</uninitialized>
         <run_address>0x800170e</run_address>
         <size>0x2</size>
      </object_component>
      <object_component id="oc-124">
         <name>.common:SpecialRamBlock</name>
         <uninitialized>true</uninitialized>
         <run_address>0x80016aa</run_address>
         <size>0x64</size>
      </object_component>
      <object_component id="oc-128">
         <name>.data</name>
         <load_address>0x80016a9</load_address>
         <run_address>0x80016a9</run_address>
         <size>0x1</size>
         <input_file_ref idref="fl-a"/>
      </object_component>
      <object_component id="oc-121">
         <name>.data:read_data</name>
         <load_address>0x8001628</load_address>
         <run_address>0x8001628</run_address>
         <size>0x64</size>
         <input_file_ref idref="fl-a"/>
      </object_component>
      <object_component id="oc-131">
         <name>.data:$O1$$</name>
         <load_address>0x800168c</load_address>
         <run_address>0x800168c</run_address>
         <size>0xc</size>
         <input_file_ref idref="fl-e0"/>
      </object_component>
      <object_component id="oc-134">
         <name>.data:$O1$$</name>
         <load_address>0x8001698</load_address>
         <run_address>0x8001698</run_address>
         <size>0x8</size>
         <input_file_ref idref="fl-e4"/>
      </object_component>
      <object_component id="oc-2b0">
         <name>.data</name>
         <load_address>0x80016a0</load_address>
         <run_address>0x80016a0</run_address>
         <size>0x8</size>
         <input_file_ref idref="fl-eb"/>
      </object_component>
      <object_component id="oc-263">
         <name>.data</name>
         <load_address>0x80016a8</load_address>
         <run_address>0x80016a8</run_address>
         <size>0x1</size>
         <input_file_ref idref="fl-ec"/>
      </object_component>
      <object_component id="oc-109">
         <name>FEE_TEXT_SECTION</name>
         <load_address>0xd76c</load_address>
         <run_address>0xd76c</run_address>
         <size>0x11c0</size>
         <input_file_ref idref="fl-20"/>
      </object_component>
      <object_component id="oc-103">
         <name>FEE_TEXT_SECTION</name>
         <load_address>0xe92c</load_address>
         <run_address>0xe92c</run_address>
         <size>0xcb8</size>
         <input_file_ref idref="fl-1f"/>
      </object_component>
      <object_component id="oc-10f">
         <name>FEE_TEXT_SECTION</name>
         <load_address>0xf5e4</load_address>
         <run_address>0xf5e4</run_address>
         <size>0x7a8</size>
         <input_file_ref idref="fl-1b"/>
      </object_component>
      <object_component id="oc-11b">
         <name>FEE_TEXT_SECTION</name>
         <load_address>0xfd8c</load_address>
         <run_address>0xfd8c</run_address>
         <size>0x4b0</size>
         <input_file_ref idref="fl-17"/>
      </object_component>
      <object_component id="oc-115">
         <name>FEE_TEXT_SECTION</name>
         <load_address>0x1023c</load_address>
         <run_address>0x1023c</run_address>
         <size>0x3f0</size>
         <input_file_ref idref="fl-19"/>
      </object_component>
      <object_component id="oc-1bf">
         <name>FEE_CONST_SECTION</name>
         <load_address>0x107ac</load_address>
         <run_address>0x107ac</run_address>
         <size>0x84</size>
         <input_file_ref idref="fl-2"/>
      </object_component>
      <object_component id="oc-1c2">
         <name>FEE_CONST_SECTION</name>
         <load_address>0x10830</load_address>
         <run_address>0x10830</run_address>
         <size>0x1c</size>
         <input_file_ref idref="fl-15"/>
      </object_component>
      <object_component id="oc-1bc">
         <name>FEE_DATA_SECTION</name>
         <load_address>0x8001500</load_address>
         <run_address>0x8001500</run_address>
         <size>0xf3</size>
         <input_file_ref idref="fl-18"/>
      </object_component>
      <object_component id="oc-1e3">
         <name>FEE_DATA_SECTION</name>
         <load_address>0x80015f3</load_address>
         <run_address>0x80015f3</run_address>
         <size>0x1</size>
         <input_file_ref idref="fl-1a"/>
      </object_component>
      <object_component id="oc-1f9">
         <name>FEE_DATA_SECTION:uninit</name>
         <load_address>0x80015f4</load_address>
         <run_address>0x80015f4</run_address>
         <size>0x28</size>
         <input_file_ref idref="fl-1e"/>
      </object_component>
      <object_component id="oc-1f8">
         <name>FEE_DATA_SECTION:init</name>
         <load_address>0x800161c</load_address>
         <run_address>0x800161c</run_address>
         <size>0x9</size>
         <input_file_ref idref="fl-1e"/>
      </object_component>
      <object_component id="oc-240">
         <name>.debug_info</name>
         <load_address>0x0</load_address>
         <run_address>0x0</run_address>
         <size>0x1c9</size>
         <input_file_ref idref="fl-2"/>
      </object_component>
      <object_component id="oc-1c0">
         <name>.debug_info</name>
         <load_address>0x1c9</load_address>
         <run_address>0x1c9</run_address>
         <size>0xeb</size>
         <input_file_ref idref="fl-2"/>
      </object_component>
      <object_component id="oc-1de">
         <name>.debug_info</name>
         <load_address>0x2b4</load_address>
         <run_address>0x2b4</run_address>
         <size>0xe57</size>
         <input_file_ref idref="fl-2"/>
      </object_component>
      <object_component id="oc-20d">
         <name>.debug_info</name>
         <load_address>0x110b</load_address>
         <run_address>0x110b</run_address>
         <size>0x225</size>
         <input_file_ref idref="fl-2"/>
      </object_component>
      <object_component id="oc-212">
         <name>.debug_info</name>
         <load_address>0x1330</load_address>
         <run_address>0x1330</run_address>
         <size>0x26d5</size>
         <input_file_ref idref="fl-2"/>
      </object_component>
      <object_component id="oc-9b">
         <name>.debug_info</name>
         <load_address>0x3a05</load_address>
         <run_address>0x3a05</run_address>
         <size>0x157</size>
         <input_file_ref idref="fl-2"/>
      </object_component>
      <object_component id="oc-292">
         <name>.debug_info</name>
         <load_address>0x3b5c</load_address>
         <run_address>0x3b5c</run_address>
         <size>0x46</size>
         <input_file_ref idref="fl-2"/>
      </object_component>
      <object_component id="oc-12c">
         <name>.debug_info</name>
         <load_address>0x3ba2</load_address>
         <run_address>0x3ba2</run_address>
         <size>0x8b</size>
         <input_file_ref idref="fl-2"/>
      </object_component>
      <object_component id="oc-13b">
         <name>.debug_info</name>
         <load_address>0x3c2d</load_address>
         <run_address>0x3c2d</run_address>
         <size>0x18b</size>
         <input_file_ref idref="fl-2"/>
      </object_component>
      <object_component id="oc-2ff">
         <name>.debug_info</name>
         <load_address>0x3db8</load_address>
         <run_address>0x3db8</run_address>
         <size>0x167</size>
         <input_file_ref idref="fl-3"/>
      </object_component>
      <object_component id="oc-4d">
         <name>.debug_info</name>
         <load_address>0x3f1f</load_address>
         <run_address>0x3f1f</run_address>
         <size>0x84</size>
         <input_file_ref idref="fl-3"/>
      </object_component>
      <object_component id="oc-a5">
         <name>.debug_info</name>
         <load_address>0x3fa3</load_address>
         <run_address>0x3fa3</run_address>
         <size>0xee</size>
         <input_file_ref idref="fl-4"/>
      </object_component>
      <object_component id="oc-e2">
         <name>.debug_info</name>
         <load_address>0x4091</load_address>
         <run_address>0x4091</run_address>
         <size>0x156</size>
         <input_file_ref idref="fl-5"/>
      </object_component>
      <object_component id="oc-7e">
         <name>.debug_info</name>
         <load_address>0x41e7</load_address>
         <run_address>0x41e7</run_address>
         <size>0xb17</size>
         <input_file_ref idref="fl-5"/>
      </object_component>
      <object_component id="oc-2a">
         <name>.debug_info</name>
         <load_address>0x4cfe</load_address>
         <run_address>0x4cfe</run_address>
         <size>0x177</size>
         <input_file_ref idref="fl-5"/>
      </object_component>
      <object_component id="oc-ac">
         <name>.debug_info</name>
         <load_address>0x4e75</load_address>
         <run_address>0x4e75</run_address>
         <size>0x18c</size>
         <input_file_ref idref="fl-5"/>
      </object_component>
      <object_component id="oc-b1">
         <name>.debug_info</name>
         <load_address>0x5001</load_address>
         <run_address>0x5001</run_address>
         <size>0x86</size>
         <input_file_ref idref="fl-5"/>
      </object_component>
      <object_component id="oc-142">
         <name>.debug_info</name>
         <load_address>0x5087</load_address>
         <run_address>0x5087</run_address>
         <size>0x1de</size>
         <input_file_ref idref="fl-5"/>
      </object_component>
      <object_component id="oc-dd">
         <name>.debug_info</name>
         <load_address>0x5265</load_address>
         <run_address>0x5265</run_address>
         <size>0x129</size>
         <input_file_ref idref="fl-5"/>
      </object_component>
      <object_component id="oc-15b">
         <name>.debug_info</name>
         <load_address>0x538e</load_address>
         <run_address>0x538e</run_address>
         <size>0x2cf</size>
         <input_file_ref idref="fl-5"/>
      </object_component>
      <object_component id="oc-227">
         <name>.debug_info</name>
         <load_address>0x565d</load_address>
         <run_address>0x565d</run_address>
         <size>0x268</size>
         <input_file_ref idref="fl-6"/>
      </object_component>
      <object_component id="oc-95">
         <name>.debug_info</name>
         <load_address>0x58c5</load_address>
         <run_address>0x58c5</run_address>
         <size>0x4c3</size>
         <input_file_ref idref="fl-6"/>
      </object_component>
      <object_component id="oc-16c">
         <name>.debug_info</name>
         <load_address>0x5d88</load_address>
         <run_address>0x5d88</run_address>
         <size>0x791</size>
         <input_file_ref idref="fl-6"/>
      </object_component>
      <object_component id="oc-171">
         <name>.debug_info</name>
         <load_address>0x6519</load_address>
         <run_address>0x6519</run_address>
         <size>0x4de</size>
         <input_file_ref idref="fl-6"/>
      </object_component>
      <object_component id="oc-176">
         <name>.debug_info</name>
         <load_address>0x69f7</load_address>
         <run_address>0x69f7</run_address>
         <size>0x3ce</size>
         <input_file_ref idref="fl-6"/>
      </object_component>
      <object_component id="oc-c5">
         <name>.debug_info</name>
         <load_address>0x6dc5</load_address>
         <run_address>0x6dc5</run_address>
         <size>0x2c</size>
         <input_file_ref idref="fl-6"/>
      </object_component>
      <object_component id="oc-17b">
         <name>.debug_info</name>
         <load_address>0x6df1</load_address>
         <run_address>0x6df1</run_address>
         <size>0x437</size>
         <input_file_ref idref="fl-6"/>
      </object_component>
      <object_component id="oc-1a6">
         <name>.debug_info</name>
         <load_address>0x7228</load_address>
         <run_address>0x7228</run_address>
         <size>0x37b</size>
         <input_file_ref idref="fl-6"/>
      </object_component>
      <object_component id="oc-180">
         <name>.debug_info</name>
         <load_address>0x75a3</load_address>
         <run_address>0x75a3</run_address>
         <size>0x1ca</size>
         <input_file_ref idref="fl-6"/>
      </object_component>
      <object_component id="oc-147">
         <name>.debug_info</name>
         <load_address>0x776d</load_address>
         <run_address>0x776d</run_address>
         <size>0x435</size>
         <input_file_ref idref="fl-6"/>
      </object_component>
      <object_component id="oc-199">
         <name>.debug_info</name>
         <load_address>0x7ba2</load_address>
         <run_address>0x7ba2</run_address>
         <size>0x510</size>
         <input_file_ref idref="fl-6"/>
      </object_component>
      <object_component id="oc-14c">
         <name>.debug_info</name>
         <load_address>0x80b2</load_address>
         <run_address>0x80b2</run_address>
         <size>0x1f9</size>
         <input_file_ref idref="fl-6"/>
      </object_component>
      <object_component id="oc-185">
         <name>.debug_info</name>
         <load_address>0x82ab</load_address>
         <run_address>0x82ab</run_address>
         <size>0x3d3</size>
         <input_file_ref idref="fl-6"/>
      </object_component>
      <object_component id="oc-18f">
         <name>.debug_info</name>
         <load_address>0x867e</load_address>
         <run_address>0x867e</run_address>
         <size>0x1de</size>
         <input_file_ref idref="fl-6"/>
      </object_component>
      <object_component id="oc-19e">
         <name>.debug_info</name>
         <load_address>0x885c</load_address>
         <run_address>0x885c</run_address>
         <size>0x17a</size>
         <input_file_ref idref="fl-6"/>
      </object_component>
      <object_component id="oc-151">
         <name>.debug_info</name>
         <load_address>0x89d6</load_address>
         <run_address>0x89d6</run_address>
         <size>0x642</size>
         <input_file_ref idref="fl-6"/>
      </object_component>
      <object_component id="oc-156">
         <name>.debug_info</name>
         <load_address>0x9018</load_address>
         <run_address>0x9018</run_address>
         <size>0x13e</size>
         <input_file_ref idref="fl-6"/>
      </object_component>
      <object_component id="oc-169">
         <name>.debug_info</name>
         <load_address>0x9156</load_address>
         <run_address>0x9156</run_address>
         <size>0xc0</size>
         <input_file_ref idref="fl-7"/>
      </object_component>
      <object_component id="oc-ce">
         <name>.debug_info</name>
         <load_address>0x9216</load_address>
         <run_address>0x9216</run_address>
         <size>0x1d1</size>
         <input_file_ref idref="fl-7"/>
      </object_component>
      <object_component id="oc-18a">
         <name>.debug_info</name>
         <load_address>0x93e7</load_address>
         <run_address>0x93e7</run_address>
         <size>0x1d8</size>
         <input_file_ref idref="fl-7"/>
      </object_component>
      <object_component id="oc-22a">
         <name>.debug_info</name>
         <load_address>0x95bf</load_address>
         <run_address>0x95bf</run_address>
         <size>0xc6</size>
         <input_file_ref idref="fl-7"/>
      </object_component>
      <object_component id="oc-6c">
         <name>.debug_info</name>
         <load_address>0x9685</load_address>
         <run_address>0x9685</run_address>
         <size>0x76f</size>
         <input_file_ref idref="fl-8"/>
      </object_component>
      <object_component id="oc-31">
         <name>.debug_info</name>
         <load_address>0x9df4</load_address>
         <run_address>0x9df4</run_address>
         <size>0xf6</size>
         <input_file_ref idref="fl-9"/>
      </object_component>
      <object_component id="oc-125">
         <name>.debug_info</name>
         <load_address>0x9eea</load_address>
         <run_address>0x9eea</run_address>
         <size>0x5ab</size>
         <input_file_ref idref="fl-a"/>
      </object_component>
      <object_component id="oc-129">
         <name>.debug_info</name>
         <load_address>0xa495</load_address>
         <run_address>0xa495</run_address>
         <size>0xcc</size>
         <input_file_ref idref="fl-a"/>
      </object_component>
      <object_component id="oc-122">
         <name>.debug_info</name>
         <load_address>0xa561</load_address>
         <run_address>0xa561</run_address>
         <size>0xd0</size>
         <input_file_ref idref="fl-a"/>
      </object_component>
      <object_component id="oc-89">
         <name>.debug_info</name>
         <load_address>0xa631</load_address>
         <run_address>0xa631</run_address>
         <size>0x367</size>
         <input_file_ref idref="fl-a"/>
      </object_component>
      <object_component id="oc-1fc">
         <name>.debug_info</name>
         <load_address>0xa998</load_address>
         <run_address>0xa998</run_address>
         <size>0x1f8</size>
         <input_file_ref idref="fl-a"/>
      </object_component>
      <object_component id="oc-1d9">
         <name>.debug_info</name>
         <load_address>0xab90</load_address>
         <run_address>0xab90</run_address>
         <size>0x841</size>
         <input_file_ref idref="fl-a"/>
      </object_component>
      <object_component id="oc-22f">
         <name>.debug_info</name>
         <load_address>0xb3d1</load_address>
         <run_address>0xb3d1</run_address>
         <size>0xdf</size>
         <input_file_ref idref="fl-c"/>
      </object_component>
      <object_component id="oc-2a4">
         <name>.debug_info</name>
         <load_address>0xb4b0</load_address>
         <run_address>0xb4b0</run_address>
         <size>0x242</size>
         <input_file_ref idref="fl-c"/>
      </object_component>
      <object_component id="oc-194">
         <name>.debug_info</name>
         <load_address>0xb6f2</load_address>
         <run_address>0xb6f2</run_address>
         <size>0x2af</size>
         <input_file_ref idref="fl-c"/>
      </object_component>
      <object_component id="oc-36">
         <name>.debug_info</name>
         <load_address>0xb9a1</load_address>
         <run_address>0xb9a1</run_address>
         <size>0x128</size>
         <input_file_ref idref="fl-d"/>
      </object_component>
      <object_component id="oc-d6">
         <name>.debug_info</name>
         <load_address>0xbac9</load_address>
         <run_address>0xbac9</run_address>
         <size>0x355</size>
         <input_file_ref idref="fl-e"/>
      </object_component>
      <object_component id="oc-db">
         <name>.debug_info</name>
         <load_address>0xbe1e</load_address>
         <run_address>0xbe1e</run_address>
         <size>0x4a1</size>
         <input_file_ref idref="fl-f"/>
      </object_component>
      <object_component id="oc-76">
         <name>.debug_info</name>
         <load_address>0xc2bf</load_address>
         <run_address>0xc2bf</run_address>
         <size>0x27ed</size>
         <input_file_ref idref="fl-f"/>
      </object_component>
      <object_component id="oc-22">
         <name>.debug_info</name>
         <load_address>0xeaac</load_address>
         <run_address>0xeaac</run_address>
         <size>0x4d9</size>
         <input_file_ref idref="fl-10"/>
      </object_component>
      <object_component id="oc-a2">
         <name>.debug_info</name>
         <load_address>0xef85</load_address>
         <run_address>0xef85</run_address>
         <size>0x27d</size>
         <input_file_ref idref="fl-11"/>
      </object_component>
      <object_component id="oc-2e">
         <name>.debug_info</name>
         <load_address>0xf202</load_address>
         <run_address>0xf202</run_address>
         <size>0xd0</size>
         <input_file_ref idref="fl-11"/>
      </object_component>
      <object_component id="oc-41">
         <name>.debug_info</name>
         <load_address>0xf2d2</load_address>
         <run_address>0xf2d2</run_address>
         <size>0x462</size>
         <input_file_ref idref="fl-11"/>
      </object_component>
      <object_component id="oc-3d">
         <name>.debug_info</name>
         <load_address>0xf734</load_address>
         <run_address>0xf734</run_address>
         <size>0x1eb</size>
         <input_file_ref idref="fl-11"/>
      </object_component>
      <object_component id="oc-160">
         <name>.debug_info</name>
         <load_address>0xf91f</load_address>
         <run_address>0xf91f</run_address>
         <size>0x4f</size>
         <input_file_ref idref="fl-11"/>
      </object_component>
      <object_component id="oc-d4">
         <name>.debug_info</name>
         <load_address>0xf96e</load_address>
         <run_address>0xf96e</run_address>
         <size>0x34d</size>
         <input_file_ref idref="fl-12"/>
      </object_component>
      <object_component id="oc-70">
         <name>.debug_info</name>
         <load_address>0xfcbb</load_address>
         <run_address>0xfcbb</run_address>
         <size>0x721</size>
         <input_file_ref idref="fl-12"/>
      </object_component>
      <object_component id="oc-243">
         <name>.debug_info</name>
         <load_address>0x103dc</load_address>
         <run_address>0x103dc</run_address>
         <size>0x23d</size>
         <input_file_ref idref="fl-15"/>
      </object_component>
      <object_component id="oc-1c3">
         <name>.debug_info</name>
         <load_address>0x10619</load_address>
         <run_address>0x10619</run_address>
         <size>0x139</size>
         <input_file_ref idref="fl-15"/>
      </object_component>
      <object_component id="oc-11c">
         <name>.debug_info</name>
         <load_address>0x10752</load_address>
         <run_address>0x10752</run_address>
         <size>0x400</size>
         <input_file_ref idref="fl-17"/>
      </object_component>
      <object_component id="oc-1d8">
         <name>.debug_info</name>
         <load_address>0x10b52</load_address>
         <run_address>0x10b52</run_address>
         <size>0x607</size>
         <input_file_ref idref="fl-18"/>
      </object_component>
      <object_component id="oc-1bd">
         <name>.debug_info</name>
         <load_address>0x11159</load_address>
         <run_address>0x11159</run_address>
         <size>0x32e</size>
         <input_file_ref idref="fl-18"/>
      </object_component>
      <object_component id="oc-f2">
         <name>.debug_info</name>
         <load_address>0x11487</load_address>
         <run_address>0x11487</run_address>
         <size>0x713</size>
         <input_file_ref idref="fl-18"/>
      </object_component>
      <object_component id="oc-118">
         <name>.debug_info</name>
         <load_address>0x11b9a</load_address>
         <run_address>0x11b9a</run_address>
         <size>0x3b0</size>
         <input_file_ref idref="fl-19"/>
      </object_component>
      <object_component id="oc-1e5">
         <name>.debug_info</name>
         <load_address>0x11f4a</load_address>
         <run_address>0x11f4a</run_address>
         <size>0x6b6</size>
         <input_file_ref idref="fl-1a"/>
      </object_component>
      <object_component id="oc-f8">
         <name>.debug_info</name>
         <load_address>0x12600</load_address>
         <run_address>0x12600</run_address>
         <size>0x523</size>
         <input_file_ref idref="fl-1a"/>
      </object_component>
      <object_component id="oc-206">
         <name>.debug_info</name>
         <load_address>0x12b23</load_address>
         <run_address>0x12b23</run_address>
         <size>0x680</size>
         <input_file_ref idref="fl-1b"/>
      </object_component>
      <object_component id="oc-111">
         <name>.debug_info</name>
         <load_address>0x131a3</load_address>
         <run_address>0x131a3</run_address>
         <size>0x512</size>
         <input_file_ref idref="fl-1b"/>
      </object_component>
      <object_component id="oc-1fb">
         <name>.debug_info</name>
         <load_address>0x136b5</load_address>
         <run_address>0x136b5</run_address>
         <size>0x745</size>
         <input_file_ref idref="fl-1e"/>
      </object_component>
      <object_component id="oc-fe">
         <name>.debug_info</name>
         <load_address>0x13dfa</load_address>
         <run_address>0x13dfa</run_address>
         <size>0x5331</size>
         <input_file_ref idref="fl-1e"/>
      </object_component>
      <object_component id="oc-202">
         <name>.debug_info</name>
         <load_address>0x1912b</load_address>
         <run_address>0x1912b</run_address>
         <size>0x7fc</size>
         <input_file_ref idref="fl-1f"/>
      </object_component>
      <object_component id="oc-104">
         <name>.debug_info</name>
         <load_address>0x19927</load_address>
         <run_address>0x19927</run_address>
         <size>0x50f</size>
         <input_file_ref idref="fl-1f"/>
      </object_component>
      <object_component id="oc-204">
         <name>.debug_info</name>
         <load_address>0x19e36</load_address>
         <run_address>0x19e36</run_address>
         <size>0xaf2</size>
         <input_file_ref idref="fl-20"/>
      </object_component>
      <object_component id="oc-10c">
         <name>.debug_info</name>
         <load_address>0x1a928</load_address>
         <run_address>0x1a928</run_address>
         <size>0x79e</size>
         <input_file_ref idref="fl-20"/>
      </object_component>
      <object_component id="oc-f0">
         <name>.debug_info</name>
         <load_address>0x1b0c6</load_address>
         <run_address>0x1b0c6</run_address>
         <size>0x2b9</size>
         <input_file_ref idref="fl-db"/>
      </object_component>
      <object_component id="oc-84">
         <name>.debug_info</name>
         <load_address>0x1b37f</load_address>
         <run_address>0x1b37f</run_address>
         <size>0x160</size>
         <input_file_ref idref="fl-db"/>
      </object_component>
      <object_component id="oc-1b2">
         <name>.debug_info</name>
         <load_address>0x1b4df</load_address>
         <run_address>0x1b4df</run_address>
         <size>0x39</size>
         <input_file_ref idref="fl-db"/>
      </object_component>
      <object_component id="oc-237">
         <name>.debug_info</name>
         <load_address>0x1b518</load_address>
         <run_address>0x1b518</run_address>
         <size>0x39</size>
         <input_file_ref idref="fl-db"/>
      </object_component>
      <object_component id="oc-1b7">
         <name>.debug_info</name>
         <load_address>0x1b551</load_address>
         <run_address>0x1b551</run_address>
         <size>0xcd</size>
         <input_file_ref idref="fl-db"/>
      </object_component>
      <object_component id="oc-bb">
         <name>.debug_info</name>
         <load_address>0x1b61e</load_address>
         <run_address>0x1b61e</run_address>
         <size>0xc9</size>
         <input_file_ref idref="fl-dc"/>
      </object_component>
      <object_component id="oc-12">
         <name>.debug_info</name>
         <load_address>0x1b6e7</load_address>
         <run_address>0x1b6e7</run_address>
         <size>0x215</size>
         <input_file_ref idref="fl-dc"/>
      </object_component>
      <object_component id="oc-48">
         <name>.debug_info</name>
         <load_address>0x1b8fc</load_address>
         <run_address>0x1b8fc</run_address>
         <size>0x60</size>
         <input_file_ref idref="fl-dc"/>
      </object_component>
      <object_component id="oc-b6">
         <name>.debug_info</name>
         <load_address>0x1b95c</load_address>
         <run_address>0x1b95c</run_address>
         <size>0x46</size>
         <input_file_ref idref="fl-dc"/>
      </object_component>
      <object_component id="oc-5d">
         <name>.debug_info</name>
         <load_address>0x1b9a2</load_address>
         <run_address>0x1b9a2</run_address>
         <size>0x10b</size>
         <input_file_ref idref="fl-dd"/>
      </object_component>
      <object_component id="oc-16">
         <name>.debug_info</name>
         <load_address>0x1baad</load_address>
         <run_address>0x1baad</run_address>
         <size>0x19a</size>
         <input_file_ref idref="fl-dd"/>
      </object_component>
      <object_component id="oc-58">
         <name>.debug_info</name>
         <load_address>0x1bc47</load_address>
         <run_address>0x1bc47</run_address>
         <size>0x46</size>
         <input_file_ref idref="fl-dd"/>
      </object_component>
      <object_component id="oc-bd">
         <name>.debug_info</name>
         <load_address>0x1bc8d</load_address>
         <run_address>0x1bc8d</run_address>
         <size>0x2c</size>
         <input_file_ref idref="fl-dd"/>
      </object_component>
      <object_component id="oc-69">
         <name>.debug_info</name>
         <load_address>0x1bcb9</load_address>
         <run_address>0x1bcb9</run_address>
         <size>0xfa</size>
         <input_file_ref idref="fl-de"/>
      </object_component>
      <object_component id="oc-1c">
         <name>.debug_info</name>
         <load_address>0x1bdb3</load_address>
         <run_address>0x1bdb3</run_address>
         <size>0x165</size>
         <input_file_ref idref="fl-de"/>
      </object_component>
      <object_component id="oc-64">
         <name>.debug_info</name>
         <load_address>0x1bf18</load_address>
         <run_address>0x1bf18</run_address>
         <size>0x46</size>
         <input_file_ref idref="fl-de"/>
      </object_component>
      <object_component id="oc-1ae">
         <name>.debug_info</name>
         <load_address>0x1bf5e</load_address>
         <run_address>0x1bf5e</run_address>
         <size>0x1b0</size>
         <input_file_ref idref="fl-df"/>
      </object_component>
      <object_component id="oc-e4">
         <name>.debug_info</name>
         <load_address>0x1c10e</load_address>
         <run_address>0x1c10e</run_address>
         <size>0x153</size>
         <input_file_ref idref="fl-df"/>
      </object_component>
      <object_component id="oc-232">
         <name>.debug_info</name>
         <load_address>0x1c261</load_address>
         <run_address>0x1c261</run_address>
         <size>0x2c</size>
         <input_file_ref idref="fl-df"/>
      </object_component>
      <object_component id="oc-138">
         <name>.debug_info</name>
         <load_address>0x1c28d</load_address>
         <run_address>0x1c28d</run_address>
         <size>0x204</size>
         <input_file_ref idref="fl-e0"/>
      </object_component>
      <object_component id="oc-132">
         <name>.debug_info</name>
         <load_address>0x1c491</load_address>
         <run_address>0x1c491</run_address>
         <size>0x155</size>
         <input_file_ref idref="fl-e0"/>
      </object_component>
      <object_component id="oc-8e">
         <name>.debug_info</name>
         <load_address>0x1c5e6</load_address>
         <run_address>0x1c5e6</run_address>
         <size>0x1e4</size>
         <input_file_ref idref="fl-e0"/>
      </object_component>
      <object_component id="oc-53">
         <name>.debug_info</name>
         <load_address>0x1c7ca</load_address>
         <run_address>0x1c7ca</run_address>
         <size>0x14c</size>
         <input_file_ref idref="fl-e1"/>
      </object_component>
      <object_component id="oc-5f">
         <name>.debug_info</name>
         <load_address>0x1c916</load_address>
         <run_address>0x1c916</run_address>
         <size>0x114</size>
         <input_file_ref idref="fl-e2"/>
      </object_component>
      <object_component id="oc-ed">
         <name>.debug_info</name>
         <load_address>0x1ca2a</load_address>
         <run_address>0x1ca2a</run_address>
         <size>0x115</size>
         <input_file_ref idref="fl-e3"/>
      </object_component>
      <object_component id="oc-223">
         <name>.debug_info</name>
         <load_address>0x1cb3f</load_address>
         <run_address>0x1cb3f</run_address>
         <size>0xf4</size>
         <input_file_ref idref="fl-e4"/>
      </object_component>
      <object_component id="oc-135">
         <name>.debug_info</name>
         <load_address>0x1cc33</load_address>
         <run_address>0x1cc33</run_address>
         <size>0xe3</size>
         <input_file_ref idref="fl-e4"/>
      </object_component>
      <object_component id="oc-21f">
         <name>.debug_info</name>
         <load_address>0x1cd16</load_address>
         <run_address>0x1cd16</run_address>
         <size>0x1ef</size>
         <input_file_ref idref="fl-e4"/>
      </object_component>
      <object_component id="oc-28d">
         <name>.debug_info</name>
         <load_address>0x1cf05</load_address>
         <run_address>0x1cf05</run_address>
         <size>0x23c</size>
         <input_file_ref idref="fl-e5"/>
      </object_component>
      <object_component id="oc-1ed">
         <name>.debug_info</name>
         <load_address>0x1d141</load_address>
         <run_address>0x1d141</run_address>
         <size>0x1c4</size>
         <input_file_ref idref="fl-e5"/>
      </object_component>
      <object_component id="oc-25d">
         <name>.debug_info</name>
         <load_address>0x1d305</load_address>
         <run_address>0x1d305</run_address>
         <size>0xe55</size>
         <input_file_ref idref="fl-e5"/>
      </object_component>
      <object_component id="oc-2de">
         <name>.debug_info</name>
         <load_address>0x1e15a</load_address>
         <run_address>0x1e15a</run_address>
         <size>0x51</size>
         <input_file_ref idref="fl-e5"/>
      </object_component>
      <object_component id="oc-2bc">
         <name>.debug_info</name>
         <load_address>0x1e1ab</load_address>
         <run_address>0x1e1ab</run_address>
         <size>0x26d5</size>
         <input_file_ref idref="fl-e5"/>
      </object_component>
      <object_component id="oc-2b7">
         <name>.debug_info</name>
         <load_address>0x20880</load_address>
         <run_address>0x20880</run_address>
         <size>0x1bff</size>
         <input_file_ref idref="fl-e5"/>
      </object_component>
      <object_component id="oc-28f">
         <name>.debug_info</name>
         <load_address>0x2247f</load_address>
         <run_address>0x2247f</run_address>
         <size>0x253</size>
         <input_file_ref idref="fl-e6"/>
      </object_component>
      <object_component id="oc-1f5">
         <name>.debug_info</name>
         <load_address>0x226d2</load_address>
         <run_address>0x226d2</run_address>
         <size>0x24a</size>
         <input_file_ref idref="fl-e6"/>
      </object_component>
      <object_component id="oc-285">
         <name>.debug_info</name>
         <load_address>0x2291c</load_address>
         <run_address>0x2291c</run_address>
         <size>0x29d</size>
         <input_file_ref idref="fl-e7"/>
      </object_component>
      <object_component id="oc-1e7">
         <name>.debug_info</name>
         <load_address>0x22bb9</load_address>
         <run_address>0x22bb9</run_address>
         <size>0x2de</size>
         <input_file_ref idref="fl-e7"/>
      </object_component>
      <object_component id="oc-273">
         <name>.debug_info</name>
         <load_address>0x22e97</load_address>
         <run_address>0x22e97</run_address>
         <size>0x268</size>
         <input_file_ref idref="fl-e8"/>
      </object_component>
      <object_component id="oc-26e">
         <name>.debug_info</name>
         <load_address>0x230ff</load_address>
         <run_address>0x230ff</run_address>
         <size>0x2af</size>
         <input_file_ref idref="fl-e8"/>
      </object_component>
      <object_component id="oc-1d3">
         <name>.debug_info</name>
         <load_address>0x233ae</load_address>
         <run_address>0x233ae</run_address>
         <size>0x2da</size>
         <input_file_ref idref="fl-e8"/>
      </object_component>
      <object_component id="oc-262">
         <name>.debug_info</name>
         <load_address>0x23688</load_address>
         <run_address>0x23688</run_address>
         <size>0x2d4</size>
         <input_file_ref idref="fl-e9"/>
      </object_component>
      <object_component id="oc-24b">
         <name>.debug_info</name>
         <load_address>0x2395c</load_address>
         <run_address>0x2395c</run_address>
         <size>0x232</size>
         <input_file_ref idref="fl-e9"/>
      </object_component>
      <object_component id="oc-1c6">
         <name>.debug_info</name>
         <load_address>0x23b8e</load_address>
         <run_address>0x23b8e</run_address>
         <size>0x3f8</size>
         <input_file_ref idref="fl-e9"/>
      </object_component>
      <object_component id="oc-2e6">
         <name>.debug_info</name>
         <load_address>0x23f86</load_address>
         <run_address>0x23f86</run_address>
         <size>0x218</size>
         <input_file_ref idref="fl-ea"/>
      </object_component>
      <object_component id="oc-287">
         <name>.debug_info</name>
         <load_address>0x2419e</load_address>
         <run_address>0x2419e</run_address>
         <size>0x1b7</size>
         <input_file_ref idref="fl-ea"/>
      </object_component>
      <object_component id="oc-2b2">
         <name>.debug_info</name>
         <load_address>0x24355</load_address>
         <run_address>0x24355</run_address>
         <size>0x278</size>
         <input_file_ref idref="fl-eb"/>
      </object_component>
      <object_component id="oc-251">
         <name>.debug_info</name>
         <load_address>0x245cd</load_address>
         <run_address>0x245cd</run_address>
         <size>0x1d6</size>
         <input_file_ref idref="fl-eb"/>
      </object_component>
      <object_component id="oc-257">
         <name>.debug_info</name>
         <load_address>0x247a3</load_address>
         <run_address>0x247a3</run_address>
         <size>0x1ce</size>
         <input_file_ref idref="fl-eb"/>
      </object_component>
      <object_component id="oc-265">
         <name>.debug_info</name>
         <load_address>0x24971</load_address>
         <run_address>0x24971</run_address>
         <size>0x27c</size>
         <input_file_ref idref="fl-ec"/>
      </object_component>
      <object_component id="oc-1cc">
         <name>.debug_info</name>
         <load_address>0x24bed</load_address>
         <run_address>0x24bed</run_address>
         <size>0x328</size>
         <input_file_ref idref="fl-ec"/>
      </object_component>
      <object_component id="oc-2cf">
         <name>.debug_info</name>
         <load_address>0x24f15</load_address>
         <run_address>0x24f15</run_address>
         <size>0x236</size>
         <input_file_ref idref="fl-ed"/>
      </object_component>
      <object_component id="oc-27a">
         <name>.debug_info</name>
         <load_address>0x2514b</load_address>
         <run_address>0x2514b</run_address>
         <size>0x185</size>
         <input_file_ref idref="fl-ed"/>
      </object_component>
      <object_component id="oc-2dd">
         <name>.debug_info</name>
         <load_address>0x252d0</load_address>
         <run_address>0x252d0</run_address>
         <size>0x2b5</size>
         <input_file_ref idref="fl-ee"/>
      </object_component>
      <object_component id="oc-280">
         <name>.debug_info</name>
         <load_address>0x25585</load_address>
         <run_address>0x25585</run_address>
         <size>0x355</size>
         <input_file_ref idref="fl-ee"/>
      </object_component>
      <object_component id="oc-304">
         <name>.debug_info</name>
         <load_address>0x258da</load_address>
         <run_address>0x258da</run_address>
         <size>0x243</size>
         <input_file_ref idref="fl-ef"/>
      </object_component>
      <object_component id="oc-2d7">
         <name>.debug_info</name>
         <load_address>0x25b1d</load_address>
         <run_address>0x25b1d</run_address>
         <size>0x1a1</size>
         <input_file_ref idref="fl-ef"/>
      </object_component>
      <object_component id="oc-2ae">
         <name>.debug_info</name>
         <load_address>0x25cbe</load_address>
         <run_address>0x25cbe</run_address>
         <size>0x212</size>
         <input_file_ref idref="fl-f0"/>
      </object_component>
      <object_component id="oc-245">
         <name>.debug_info</name>
         <load_address>0x25ed0</load_address>
         <run_address>0x25ed0</run_address>
         <size>0x223</size>
         <input_file_ref idref="fl-f0"/>
      </object_component>
      <object_component id="oc-2f2">
         <name>.debug_info</name>
         <load_address>0x260f3</load_address>
         <run_address>0x260f3</run_address>
         <size>0x20a</size>
         <input_file_ref idref="fl-f1"/>
      </object_component>
      <object_component id="oc-2ca">
         <name>.debug_info</name>
         <load_address>0x262fd</load_address>
         <run_address>0x262fd</run_address>
         <size>0x1d2</size>
         <input_file_ref idref="fl-f1"/>
      </object_component>
      <object_component id="oc-2c4">
         <name>.debug_info</name>
         <load_address>0x264cf</load_address>
         <run_address>0x264cf</run_address>
         <size>0x213</size>
         <input_file_ref idref="fl-f2"/>
      </object_component>
      <object_component id="oc-267">
         <name>.debug_info</name>
         <load_address>0x266e2</load_address>
         <run_address>0x266e2</run_address>
         <size>0x1b0</size>
         <input_file_ref idref="fl-f2"/>
      </object_component>
      <object_component id="oc-2fc">
         <name>.debug_info</name>
         <load_address>0x26892</load_address>
         <run_address>0x26892</run_address>
         <size>0x281</size>
         <input_file_ref idref="fl-f3"/>
      </object_component>
      <object_component id="oc-2d2">
         <name>.debug_info</name>
         <load_address>0x26b13</load_address>
         <run_address>0x26b13</run_address>
         <size>0x1b1</size>
         <input_file_ref idref="fl-f3"/>
      </object_component>
      <object_component id="oc-30c">
         <name>.debug_info</name>
         <load_address>0x26cc4</load_address>
         <run_address>0x26cc4</run_address>
         <size>0x21e</size>
         <input_file_ref idref="fl-f4"/>
      </object_component>
      <object_component id="oc-2f7">
         <name>.debug_info</name>
         <load_address>0x26ee2</load_address>
         <run_address>0x26ee2</run_address>
         <size>0x1ea</size>
         <input_file_ref idref="fl-f4"/>
      </object_component>
      <object_component id="oc-339">
         <name>.debug_info</name>
         <load_address>0x270cc</load_address>
         <run_address>0x270cc</run_address>
         <size>0xf2</size>
      </object_component>
      <object_component id="oc-2aa">
         <name>.debug_line</name>
         <load_address>0x0</load_address>
         <run_address>0x0</run_address>
         <size>0x20</size>
         <input_file_ref idref="fl-2"/>
      </object_component>
      <object_component id="oc-23f">
         <name>.debug_line</name>
         <load_address>0x20</load_address>
         <run_address>0x20</run_address>
         <size>0x41</size>
         <input_file_ref idref="fl-2"/>
      </object_component>
      <object_component id="oc-1e1">
         <name>.debug_line</name>
         <load_address>0x61</load_address>
         <run_address>0x61</run_address>
         <size>0x5a</size>
         <input_file_ref idref="fl-2"/>
      </object_component>
      <object_component id="oc-210">
         <name>.debug_line</name>
         <load_address>0xbb</load_address>
         <run_address>0xbb</run_address>
         <size>0x5b</size>
         <input_file_ref idref="fl-2"/>
      </object_component>
      <object_component id="oc-215">
         <name>.debug_line</name>
         <load_address>0x116</load_address>
         <run_address>0x116</run_address>
         <size>0x65</size>
         <input_file_ref idref="fl-2"/>
      </object_component>
      <object_component id="oc-9e">
         <name>.debug_line</name>
         <load_address>0x17b</load_address>
         <run_address>0x17b</run_address>
         <size>0x5b</size>
         <input_file_ref idref="fl-2"/>
      </object_component>
      <object_component id="oc-295">
         <name>.debug_line</name>
         <load_address>0x1d6</load_address>
         <run_address>0x1d6</run_address>
         <size>0x5e</size>
         <input_file_ref idref="fl-2"/>
      </object_component>
      <object_component id="oc-12f">
         <name>.debug_line</name>
         <load_address>0x234</load_address>
         <run_address>0x234</run_address>
         <size>0x20</size>
         <input_file_ref idref="fl-2"/>
      </object_component>
      <object_component id="oc-13e">
         <name>.debug_line</name>
         <load_address>0x254</load_address>
         <run_address>0x254</run_address>
         <size>0x65</size>
         <input_file_ref idref="fl-2"/>
      </object_component>
      <object_component id="oc-2fe">
         <name>.debug_line</name>
         <load_address>0x2b9</load_address>
         <run_address>0x2b9</run_address>
         <size>0x5e</size>
         <input_file_ref idref="fl-3"/>
      </object_component>
      <object_component id="oc-50">
         <name>.debug_line</name>
         <load_address>0x317</load_address>
         <run_address>0x317</run_address>
         <size>0x20</size>
         <input_file_ref idref="fl-3"/>
      </object_component>
      <object_component id="oc-a7">
         <name>.debug_line</name>
         <load_address>0x337</load_address>
         <run_address>0x337</run_address>
         <size>0x78</size>
         <input_file_ref idref="fl-4"/>
      </object_component>
      <object_component id="oc-1ac">
         <name>.debug_line</name>
         <load_address>0x3af</load_address>
         <run_address>0x3af</run_address>
         <size>0x52</size>
         <input_file_ref idref="fl-5"/>
      </object_component>
      <object_component id="oc-7c">
         <name>.debug_line</name>
         <load_address>0x401</load_address>
         <run_address>0x401</run_address>
         <size>0x289</size>
         <input_file_ref idref="fl-5"/>
      </object_component>
      <object_component id="oc-28">
         <name>.debug_line</name>
         <load_address>0x68a</load_address>
         <run_address>0x68a</run_address>
         <size>0x6e</size>
         <input_file_ref idref="fl-5"/>
      </object_component>
      <object_component id="oc-af">
         <name>.debug_line</name>
         <load_address>0x6f8</load_address>
         <run_address>0x6f8</run_address>
         <size>0x56</size>
         <input_file_ref idref="fl-5"/>
      </object_component>
      <object_component id="oc-b4">
         <name>.debug_line</name>
         <load_address>0x74e</load_address>
         <run_address>0x74e</run_address>
         <size>0x59</size>
         <input_file_ref idref="fl-5"/>
      </object_component>
      <object_component id="oc-145">
         <name>.debug_line</name>
         <load_address>0x7a7</load_address>
         <run_address>0x7a7</run_address>
         <size>0x56</size>
         <input_file_ref idref="fl-5"/>
      </object_component>
      <object_component id="oc-e0">
         <name>.debug_line</name>
         <load_address>0x7fd</load_address>
         <run_address>0x7fd</run_address>
         <size>0x52</size>
         <input_file_ref idref="fl-5"/>
      </object_component>
      <object_component id="oc-15e">
         <name>.debug_line</name>
         <load_address>0x84f</load_address>
         <run_address>0x84f</run_address>
         <size>0x56</size>
         <input_file_ref idref="fl-5"/>
      </object_component>
      <object_component id="oc-2a1">
         <name>.debug_line</name>
         <load_address>0x8a5</load_address>
         <run_address>0x8a5</run_address>
         <size>0x20</size>
         <input_file_ref idref="fl-6"/>
      </object_component>
      <object_component id="oc-98">
         <name>.debug_line</name>
         <load_address>0x8c5</load_address>
         <run_address>0x8c5</run_address>
         <size>0x90</size>
         <input_file_ref idref="fl-6"/>
      </object_component>
      <object_component id="oc-16f">
         <name>.debug_line</name>
         <load_address>0x955</load_address>
         <run_address>0x955</run_address>
         <size>0x56</size>
         <input_file_ref idref="fl-6"/>
      </object_component>
      <object_component id="oc-174">
         <name>.debug_line</name>
         <load_address>0x9ab</load_address>
         <run_address>0x9ab</run_address>
         <size>0x59</size>
         <input_file_ref idref="fl-6"/>
      </object_component>
      <object_component id="oc-179">
         <name>.debug_line</name>
         <load_address>0xa04</load_address>
         <run_address>0xa04</run_address>
         <size>0x56</size>
         <input_file_ref idref="fl-6"/>
      </object_component>
      <object_component id="oc-c8">
         <name>.debug_line</name>
         <load_address>0xa5a</load_address>
         <run_address>0xa5a</run_address>
         <size>0x65</size>
         <input_file_ref idref="fl-6"/>
      </object_component>
      <object_component id="oc-17e">
         <name>.debug_line</name>
         <load_address>0xabf</load_address>
         <run_address>0xabf</run_address>
         <size>0x56</size>
         <input_file_ref idref="fl-6"/>
      </object_component>
      <object_component id="oc-1a9">
         <name>.debug_line</name>
         <load_address>0xb15</load_address>
         <run_address>0xb15</run_address>
         <size>0x5b</size>
         <input_file_ref idref="fl-6"/>
      </object_component>
      <object_component id="oc-183">
         <name>.debug_line</name>
         <load_address>0xb70</load_address>
         <run_address>0xb70</run_address>
         <size>0x56</size>
         <input_file_ref idref="fl-6"/>
      </object_component>
      <object_component id="oc-14a">
         <name>.debug_line</name>
         <load_address>0xbc6</load_address>
         <run_address>0xbc6</run_address>
         <size>0x58</size>
         <input_file_ref idref="fl-6"/>
      </object_component>
      <object_component id="oc-19c">
         <name>.debug_line</name>
         <load_address>0xc1e</load_address>
         <run_address>0xc1e</run_address>
         <size>0x55</size>
         <input_file_ref idref="fl-6"/>
      </object_component>
      <object_component id="oc-14f">
         <name>.debug_line</name>
         <load_address>0xc73</load_address>
         <run_address>0xc73</run_address>
         <size>0x56</size>
         <input_file_ref idref="fl-6"/>
      </object_component>
      <object_component id="oc-188">
         <name>.debug_line</name>
         <load_address>0xcc9</load_address>
         <run_address>0xcc9</run_address>
         <size>0x56</size>
         <input_file_ref idref="fl-6"/>
      </object_component>
      <object_component id="oc-192">
         <name>.debug_line</name>
         <load_address>0xd1f</load_address>
         <run_address>0xd1f</run_address>
         <size>0x58</size>
         <input_file_ref idref="fl-6"/>
      </object_component>
      <object_component id="oc-1a1">
         <name>.debug_line</name>
         <load_address>0xd77</load_address>
         <run_address>0xd77</run_address>
         <size>0x56</size>
         <input_file_ref idref="fl-6"/>
      </object_component>
      <object_component id="oc-154">
         <name>.debug_line</name>
         <load_address>0xdcd</load_address>
         <run_address>0xdcd</run_address>
         <size>0x59</size>
         <input_file_ref idref="fl-6"/>
      </object_component>
      <object_component id="oc-159">
         <name>.debug_line</name>
         <load_address>0xe26</load_address>
         <run_address>0xe26</run_address>
         <size>0x58</size>
         <input_file_ref idref="fl-6"/>
      </object_component>
      <object_component id="oc-229">
         <name>.debug_line</name>
         <load_address>0xe7e</load_address>
         <run_address>0xe7e</run_address>
         <size>0x20</size>
         <input_file_ref idref="fl-7"/>
      </object_component>
      <object_component id="oc-d1">
         <name>.debug_line</name>
         <load_address>0xe9e</load_address>
         <run_address>0xe9e</run_address>
         <size>0x81</size>
         <input_file_ref idref="fl-7"/>
      </object_component>
      <object_component id="oc-18d">
         <name>.debug_line</name>
         <load_address>0xf1f</load_address>
         <run_address>0xf1f</run_address>
         <size>0x59</size>
         <input_file_ref idref="fl-7"/>
      </object_component>
      <object_component id="oc-22d">
         <name>.debug_line</name>
         <load_address>0xf78</load_address>
         <run_address>0xf78</run_address>
         <size>0x55</size>
         <input_file_ref idref="fl-7"/>
      </object_component>
      <object_component id="oc-6b">
         <name>.debug_line</name>
         <load_address>0xfcd</load_address>
         <run_address>0xfcd</run_address>
         <size>0x2a5</size>
         <input_file_ref idref="fl-8"/>
      </object_component>
      <object_component id="oc-34">
         <name>.debug_line</name>
         <load_address>0x1272</load_address>
         <run_address>0x1272</run_address>
         <size>0x4f</size>
         <input_file_ref idref="fl-9"/>
      </object_component>
      <object_component id="oc-20c">
         <name>.debug_line</name>
         <load_address>0x12c1</load_address>
[...]
         <value>0x6078</value>
         <object_component_ref idref="oc-75"/>
      </symbol>
      <symbol id="sm-3b8">
         <name>fmcBus2Check</name>
         <value>0x603c</value>
         <object_component_ref idref="oc-75"/>
      </symbol>
      <symbol id="sm-3b9">
         <name>checkRAMUERRTest</name>
         <value>0x7284</value>
         <object_component_ref idref="oc-75"/>
      </symbol>
      <symbol id="sm-3ba">
         <name>efcStuckZeroTest</name>
         <value>0x5ec8</value>
         <object_component_ref idref="oc-75"/>
      </symbol>
      <symbol id="sm-3d9">
         <name>_c_int00</name>
         <value>0xc570</value>
         <object_component_ref idref="oc-21"/>
      </symbol>
      <symbol id="sm-470">
         <name>vimChannelMap</name>
         <value>0xb03c</value>
         <object_component_ref idref="oc-3f"/>
      </symbol>
      <symbol id="sm-471">
         <name>vimInit</name>
         <value>0xaf68</value>
         <object_component_ref idref="oc-3f"/>
      </symbol>
      <symbol id="sm-472">
         <name>vimEnableInterrupt</name>
         <value>0xb0e0</value>
         <object_component_ref idref="oc-3f"/>
      </symbol>
      <symbol id="sm-473">
         <name>vimDisableInterrupt</name>
         <value>0xb238</value>
         <object_component_ref idref="oc-3f"/>
      </symbol>
      <symbol id="sm-474">
         <name>vimGetConfigValue</name>
         <value>0xb2bc</value>
         <object_component_ref idref="oc-3f"/>
      </symbol>
      <symbol id="sm-475">
         <name>vimParityErrorHandler</name>
         <value>0xc0a8</value>
         <object_component_ref idref="oc-3b"/>
      </symbol>
      <symbol id="sm-4c8">
         <name>systemGetConfigValue</name>
         <value>0xa810</value>
         <object_component_ref idref="oc-6f"/>
      </symbol>
      <symbol id="sm-4c9">
         <name>trimLPO</name>
         <value>0xa554</value>
         <object_component_ref idref="oc-6f"/>
      </symbol>
      <symbol id="sm-4ca">
         <name>systemInit</name>
         <value>0xa714</value>
         <object_component_ref idref="oc-6f"/>
      </symbol>
      <symbol id="sm-4cb">
         <name>tcmflashGetConfigValue</name>
         <value>0xabd0</value>
         <object_component_ref idref="oc-6f"/>
      </symbol>
      <symbol id="sm-4cc">
         <name>sramGetConfigValue</name>
         <value>0xad7c</value>
         <object_component_ref idref="oc-6f"/>
      </symbol>
      <symbol id="sm-4cd">
         <name>periphInit</name>
         <value>0xa5dc</value>
         <object_component_ref idref="oc-6f"/>
      </symbol>
      <symbol id="sm-4ce">
         <name>setupFlash</name>
         <value>0xa59c</value>
         <object_component_ref idref="oc-6f"/>
      </symbol>
      <symbol id="sm-4cf">
         <name>setupPLL</name>
         <value>0xa504</value>
         <object_component_ref idref="oc-6f"/>
      </symbol>
      <symbol id="sm-4d0">
         <name>mapClocks</name>
         <value>0xa630</value>
         <object_component_ref idref="oc-6f"/>
      </symbol>
      <symbol id="sm-4d1">
         <name>systemPowerDown</name>
         <value>0xa7e0</value>
         <object_component_ref idref="oc-6f"/>
      </symbol>
      <symbol id="sm-4df">
         <name>Fee_BlockConfiguration</name>
         <value>0x1083c</value>
         <object_component_ref idref="oc-1c2"/>
      </symbol>
      <symbol id="sm-4e0">
         <name>Fee_VirtualSectorConfiguration</name>
         <value>0x10830</value>
         <object_component_ref idref="oc-1c2"/>
      </symbol>
      <symbol id="sm-50e">
         <name>TI_Fee_Format</name>
         <value>0xfd8c</value>
         <object_component_ref idref="oc-11b"/>
      </symbol>
      <symbol id="sm-590">
         <name>TI_Fee_u32ActCpyVS</name>
         <value>0x80015d8</value>
         <object_component_ref idref="oc-1bc"/>
      </symbol>
      <symbol id="sm-591">
         <name>TI_FlashStatusWord</name>
         <value>0x80015e2</value>
         <object_component_ref idref="oc-1bc"/>
      </symbol>
      <symbol id="sm-592">
         <name>TI_Fee_Init</name>
         <value>0x7d70</value>
         <object_component_ref idref="oc-f1"/>
      </symbol>
      <symbol id="sm-593">
         <name>TI_Fee_u8DeviceIndex</name>
         <value>0x80015d4</value>
         <object_component_ref idref="oc-1bc"/>
      </symbol>
      <symbol id="sm-594">
         <name>TI_Fee_FapiInitCalled</name>
         <value>0x80015f2</value>
         <object_component_ref idref="oc-1bc"/>
      </symbol>
      <symbol id="sm-595">
         <name>TI_Fee_oStatusWord</name>
         <value>0x80015de</value>
         <object_component_ref idref="oc-1bc"/>
      </symbol>
      <symbol id="sm-596">
         <name>TI_Fee_GlobalVariables</name>
         <value>0x8001500</value>
         <object_component_ref idref="oc-1bc"/>
      </symbol>
      <symbol id="sm-597">
         <name>TI_Fee_u8DataSets</name>
         <value>0x80015c8</value>
         <object_component_ref idref="oc-1bc"/>
      </symbol>
      <symbol id="sm-598">
         <name>TI_Fee_u32FletcherChecksum</name>
         <value>0x80015cc</value>
         <object_component_ref idref="oc-1bc"/>
      </symbol>
      <symbol id="sm-599">
         <name>TI_Fee_bEraseSuspended</name>
         <value>0x80015dd</value>
         <object_component_ref idref="oc-1bc"/>
      </symbol>
      <symbol id="sm-59a">
         <name>TI_Fee_u32BlockEraseCount</name>
         <value>0x80015d0</value>
         <object_component_ref idref="oc-1bc"/>
      </symbol>
      <symbol id="sm-59b">
         <name>TI_Fee_u8ErrEraseVS</name>
         <value>0x80015dc</value>
         <object_component_ref idref="oc-1bc"/>
      </symbol>
      <symbol id="sm-5ba">
         <name>TI_Fee_InvalidateBlock</name>
         <value>0x1023c</value>
         <object_component_ref idref="oc-115"/>
      </symbol>
      <symbol id="sm-628">
         <name>TI_Fee_MainFunction</name>
         <value>0x9440</value>
         <object_component_ref idref="oc-f7"/>
      </symbol>
      <symbol id="sm-656">
         <name>TI_Fee_Read</name>
         <value>0xf5e4</value>
         <object_component_ref idref="oc-10f"/>
      </symbol>
      <symbol id="sm-879">
         <name>TI_FeeInternal_FindNextVirtualSector</name>
         <value>0xeb4</value>
         <object_component_ref idref="oc-fd"/>
      </symbol>
      <symbol id="sm-87a">
         <name>TI_Fee_GetStatus</name>
         <value>0x4fc0</value>
         <object_component_ref idref="oc-fd"/>
      </symbol>
      <symbol id="sm-87b">
         <name>TI_FeeInternal_SetClearCopyBlockState</name>
         <value>0x3020</value>
         <object_component_ref idref="oc-fd"/>
      </symbol>
      <symbol id="sm-87c">
         <name>TI_FeeInternal_UpdateBlockOffsetArray</name>
         <value>0x1e84</value>
         <object_component_ref idref="oc-fd"/>
      </symbol>
      <symbol id="sm-87d">
         <name>TI_FeeInternal_CheckReadParameters</name>
         <value>0x2bb4</value>
         <object_component_ref idref="oc-fd"/>
      </symbol>
      <symbol id="sm-87e">
         <name>TI_FeeInternal_BlankCheck</name>
         <value>0x1178</value>
         <object_component_ref idref="oc-fd"/>
      </symbol>
      <symbol id="sm-87f">
         <name>TI_FeeInternal_Fletcher16</name>
         <value>0x51ac</value>
         <object_component_ref idref="oc-fd"/>
      </symbol>
      <symbol id="sm-880">
         <name>TI_Fee_ErrorRecovery</name>
         <value>0x52d8</value>
         <object_component_ref idref="oc-fd"/>
      </symbol>
      <symbol id="sm-881">
         <name>TI_FeeInternal_PollFlashStatus</name>
         <value>0xdf8</value>
         <object_component_ref idref="oc-fd"/>
      </symbol>
      <symbol id="sm-882">
         <name>TI_FeeInternal_StartProgramBlock</name>
         <value>0x4ebc</value>
         <object_component_ref idref="oc-fd"/>
      </symbol>
      <symbol id="sm-883">
         <name>TI_FeeInternal_GetCurrentBlockAddress</name>
         <value>0x2ce0</value>
         <object_component_ref idref="oc-fd"/>
      </symbol>
      <symbol id="sm-884">
         <name>TI_FeeInternal_WriteBlockHeader</name>
         <value>0x45b4</value>
         <object_component_ref idref="oc-fd"/>
      </symbol>
      <symbol id="sm-885">
         <name>TI_FeeInternal_EnableRequiredFlashSector</name>
         <value>0x56d8</value>
         <object_component_ref idref="oc-fd"/>
      </symbol>
      <symbol id="sm-886">
         <name>TI_FeeInternal_WriteDataF021</name>
         <value>0x664</value>
         <object_component_ref idref="oc-fd"/>
      </symbol>
      <symbol id="sm-887">
         <name>TI_FeeInternal_GetBlockNumber</name>
         <value>0x1c1c</value>
         <object_component_ref idref="oc-fd"/>
      </symbol>
      <symbol id="sm-888">
         <name>TI_FeeInternal_GetDataSetIndex</name>
         <value>0x1cd8</value>
         <object_component_ref idref="oc-fd"/>
      </symbol>
      <symbol id="sm-889">
         <name>TI_FeeInternal_GetVirtualSectorParameter</name>
         <value>0x20</value>
         <object_component_ref idref="oc-fd"/>
      </symbol>
      <symbol id="sm-88a">
         <name>TI_FeeInternal_WriteVirtualSectorHeader</name>
         <value>0x1b8</value>
         <object_component_ref idref="oc-fd"/>
      </symbol>
      <symbol id="sm-88b">
         <name>TI_FeeInternal_AlignAddressForECC</name>
         <value>0xae4</value>
         <object_component_ref idref="oc-fd"/>
      </symbol>
      <symbol id="sm-88c">
         <name>TI_FeeInternal_WritePreviousBlockHeader</name>
         <value>0x4914</value>
         <object_component_ref idref="oc-fd"/>
      </symbol>
      <symbol id="sm-88d">
         <name>TI_FeeInternal_GetBlockSize</name>
         <value>0xe74</value>
         <object_component_ref idref="oc-fd"/>
      </symbol>
      <symbol id="sm-88e">
         <name>TI_FeeInternal_GetNextFlashAddress</name>
         <value>0x2de4</value>
         <object_component_ref idref="oc-fd"/>
      </symbol>
      <symbol id="sm-88f">
         <name>TI_FeeInternal_GetArrayIndex</name>
         <value>0x1d14</value>
         <object_component_ref idref="oc-fd"/>
      </symbol>
      <symbol id="sm-890">
         <name>TI_FeeInternal_WriteInitialize</name>
         <value>0xb1c</value>
         <object_component_ref idref="oc-fd"/>
      </symbol>
      <symbol id="sm-891">
         <name>TI_FeeInternal_FeeManager</name>
         <value>0x3148</value>
         <object_component_ref idref="oc-fd"/>
      </symbol>
      <symbol id="sm-892">
         <name>TI_FeeInternal_CheckModuleState</name>
         <value>0x2b54</value>
         <object_component_ref idref="oc-fd"/>
      </symbol>
      <symbol id="sm-893">
         <name>TI_FeeInternal_GetBlockIndex</name>
         <value>0x1c58</value>
         <object_component_ref idref="oc-fd"/>
      </symbol>
      <symbol id="sm-894">
         <name>TI_FeeInternal_InvalidateErase</name>
         <value>0x4c0c</value>
         <object_component_ref idref="oc-fd"/>
      </symbol>
      <symbol id="sm-895">
         <name>TI_FeeInternal_GetVirtualSectorIndex</name>
         <value>0x1a40</value>
         <object_component_ref idref="oc-fd"/>
      </symbol>
      <symbol id="sm-896">
         <name>TI_FeeInternal_CheckForError</name>
         <value>0x502c</value>
         <object_component_ref idref="oc-fd"/>
      </symbol>
      <symbol id="sm-897">
         <name>TI_Fee_SuspendResumeErase</name>
         <value>0x55a8</value>
         <object_component_ref idref="oc-fd"/>
      </symbol>
      <symbol id="sm-898">
         <name>TI_FeeInternal_SanityCheck</name>
         <value>0x2e30</value>
         <object_component_ref idref="oc-fd"/>
      </symbol>
      <symbol id="sm-8dd">
         <name>TI_Fee_WriteAsync</name>
         <value>0xe92c</value>
         <object_component_ref idref="oc-103"/>
      </symbol>
      <symbol id="sm-93a">
         <name>TI_Fee_WriteSync</name>
         <value>0xd774</value>
         <object_component_ref idref="oc-109"/>
      </symbol>
      <symbol id="sm-963">
         <name>__TI_auto_init</name>
         <value>0xd0b8</value>
         <object_component_ref idref="oc-81"/>
      </symbol>
      <symbol id="sm-981">
         <name>__TI_decompress_lzss</name>
         <value>0xd1f4</value>
         <object_component_ref idref="oc-f"/>
      </symbol>
      <symbol id="sm-998">
         <name>__TI_decompress_none</name>
         <value>0xd6f4</value>
         <object_component_ref idref="oc-15"/>
      </symbol>
      <symbol id="sm-9aa">
         <name>__TI_zero_init</name>
         <value>0xd738</value>
         <object_component_ref idref="oc-1b"/>
      </symbol>
      <symbol id="sm-9c4">
         <name>copy_in</name>
         <value>0xd314</value>
         <object_component_ref idref="oc-e3"/>
      </symbol>
      <symbol id="sm-9e5">
         <name>C$$EXIT</name>
         <value>0xd284</value>
         <object_component_ref idref="oc-8d"/>
      </symbol>
      <symbol id="sm-9e6">
         <name>abort</name>
         <value>0xd28c</value>
         <object_component_ref idref="oc-8d"/>
      </symbol>
      <symbol id="sm-9e7">
         <name>exit</name>
         <value>0xd298</value>
         <object_component_ref idref="oc-8d"/>
      </symbol>
      <symbol id="sm-9e8">
         <name>__TI_dtors_ptr</name>
         <value>0x8001690</value>
         <object_component_ref idref="oc-131"/>
      </symbol>
      <symbol id="sm-9e9">
         <name>__TI_cleanup_ptr</name>
         <value>0x800168c</value>
         <object_component_ref idref="oc-131"/>
      </symbol>
      <symbol id="sm-9ea">
         <name>__TI_enable_exit_profile_output</name>
         <value>0x8001694</value>
         <object_component_ref idref="oc-131"/>
      </symbol>
      <symbol id="sm-a03">
         <name>memcpy</name>
         <value>0xc908</value>
         <object_component_ref idref="oc-52"/>
      </symbol>
      <symbol id="sm-a04">
         <name>__aeabi_memcpy</name>
         <value>0xc908</value>
         <object_component_ref idref="oc-52"/>
      </symbol>
      <symbol id="sm-a05">
         <name>__aeabi_memcpy8</name>
         <value>0xc908</value>
         <object_component_ref idref="oc-52"/>
      </symbol>
      <symbol id="sm-a06">
         <name>__aeabi_memcpy4</name>
         <value>0xc908</value>
         <object_component_ref idref="oc-52"/>
      </symbol>
      <symbol id="sm-a15">
         <name>__aeabi_memset</name>
         <value>0xd00c</value>
         <object_component_ref idref="oc-5e"/>
      </symbol>
      <symbol id="sm-a16">
         <name>memset</name>
         <value>0xd018</value>
         <object_component_ref idref="oc-5e"/>
      </symbol>
      <symbol id="sm-a17">
         <name>__aeabi_memset8</name>
         <value>0xd00c</value>
         <object_component_ref idref="oc-5e"/>
      </symbol>
      <symbol id="sm-a18">
         <name>__aeabi_memset4</name>
         <value>0xd00c</value>
         <object_component_ref idref="oc-5e"/>
      </symbol>
      <symbol id="sm-a19">
         <name>__aeabi_memclr8</name>
         <value>0xd008</value>
         <object_component_ref idref="oc-5e"/>
      </symbol>
      <symbol id="sm-a1a">
         <name>__aeabi_memclr4</name>
         <value>0xd008</value>
         <object_component_ref idref="oc-5e"/>
      </symbol>
      <symbol id="sm-a1b">
         <name>__aeabi_memclr</name>
         <value>0xd008</value>
         <object_component_ref idref="oc-5e"/>
      </symbol>
      <symbol id="sm-a25">
         <name>_system_post_cinit</name>
         <value>0xd760</value>
         <object_component_ref idref="oc-e9"/>
      </symbol>
      <symbol id="sm-a3f">
         <name>_nop</name>
         <value>0xd6a8</value>
         <object_component_ref idref="oc-21b"/>
      </symbol>
      <symbol id="sm-a40">
         <name>_lock</name>
         <value>0x8001698</value>
         <object_component_ref idref="oc-134"/>
      </symbol>
      <symbol id="sm-a41">
         <name>_unlock</name>
         <value>0x800169c</value>
         <object_component_ref idref="oc-134"/>
      </symbol>
      <symbol id="sm-a42">
         <name>_register_lock</name>
         <value>0xd69c</value>
         <object_component_ref idref="oc-21b"/>
      </symbol>
      <symbol id="sm-a43">
         <name>_register_unlock</name>
         <value>0xd690</value>
         <object_component_ref idref="oc-21b"/>
      </symbol>
      <symbol id="sm-a66">
         <name>Fapi_issueAsyncCommand</name>
         <value>0xd665</value>
         <object_component_ref idref="oc-1ec"/>
      </symbol>
      <symbol id="sm-a77">
         <name>Fapi_issueAsyncCommandWithAddress</name>
         <value>0xd5d9</value>
         <object_component_ref idref="oc-1f2"/>
      </symbol>
      <symbol id="sm-a88">
         <name>Fapi_doBlankCheck</name>
         <value>0xd161</value>
         <object_component_ref idref="oc-1e6"/>
      </symbol>
      <symbol id="sm-aa8">
         <name>_Fapi_EnableSectors</name>
         <value>0xd521</value>
         <object_component_ref idref="oc-26c"/>
      </symbol>
      <symbol id="sm-aa9">
         <name>Fapi_enableEepromBankSectors</name>
         <value>0xd399</value>
         <object_component_ref idref="oc-1d1"/>
      </symbol>
      <symbol id="sm-acc">
         <name>Fapi_initializeFlashBanks</name>
         <value>0xc311</value>
         <object_component_ref idref="oc-1c5"/>
      </symbol>
      <symbol id="sm-adb">
         <name>_Fapi_issueFsmCommand</name>
         <value>0xd565</value>
         <object_component_ref idref="oc-286"/>
      </symbol>
      <symbol id="sm-af8">
         <name>_scaleMainFclk</name>
         <value>0xd729</value>
         <object_component_ref idref="oc-250"/>
      </symbol>
      <symbol id="sm-af9">
         <name>_scaleEEFclk</name>
         <value>0xd719</value>
         <object_component_ref idref="oc-256"/>
      </symbol>
      <symbol id="sm-b13">
         <name>Fapi_setActiveFlashBank</name>
         <value>0xca89</value>
         <object_component_ref idref="oc-1cb"/>
      </symbol>
      <symbol id="sm-b20">
         <name>Fapi_flushPipeline</name>
         <value>0xd6b5</value>
         <object_component_ref idref="oc-278"/>
      </symbol>
      <symbol id="sm-b31">
         <name>_Fapi_loopRegionForValue</name>
         <value>0xd419</value>
         <object_component_ref idref="oc-27e"/>
      </symbol>
      <symbol id="sm-b3f">
         <name>_Fapi_checkWdService</name>
         <value>0xd749</value>
         <object_component_ref idref="oc-2d6"/>
      </symbol>
      <symbol id="sm-b4e">
         <name>Fapi_calculateFletcherChecksum</name>
         <value>0xd5a1</value>
         <object_component_ref idref="oc-244"/>
      </symbol>
      <symbol id="sm-b5e">
         <name>Fapi_waitDelay</name>
         <value>0xd609</value>
         <object_component_ref idref="oc-2c8"/>
      </symbol>
      <symbol id="sm-b6d">
         <name>Fapi_getNumberOfBankSectors</name>
         <value>0xd709</value>
         <object_component_ref idref="oc-266"/>
      </symbol>
      <symbol id="sm-b7c">
         <name>_Fapi_readDword</name>
         <value>0xd639</value>
         <object_component_ref idref="oc-2d0"/>
      </symbol>
      <symbol id="sm-b91">
         <name>Fapi_isAddressEcc</name>
         <value>0xd4d1</value>
         <object_component_ref idref="oc-2f5"/>
      </symbol>
      <symbol id="sm-b92">
         <name>__TI_static_base__</name>
         <value>0x0</value>
      </symbol>
      <symbol id="sm-b98">
         <name>SHT$$INIT_ARRAY$$Base</name>
         <value>0x0</value>
      </symbol>
      <symbol id="sm-b99">
         <name>SHT$$INIT_ARRAY$$Limit</name>
         <value>0x0</value>
      </symbol>
   </symbol_table>
   <title>Link successful</title>
</link_info>
