<?xml version="1.0"?>
<link_info>
   <banner>TI ARM Linker PC v16.9.1.LTS</banner>
   <copyright>Copyright (c) 1996-2015 Texas Instruments Incorporated</copyright>
   <link_time>0x594030f9</link_time>
   <link_errors>0x0</link_errors>
   <output_file>EEPROM Write.out</output_file>
   <entry_point>
      <name>_c_int00</name>
      <address>0x9488</address>
   </entry_point>
   <input_file_list>
      <input_file id="fl-2">
         <path>.\source\</path>
         <kind>object</kind>
         <file>Device_TMS570LS04.obj</file>
         <name>Device_TMS570LS04.obj</name>
      </input_file>
      <input_file id="fl-3">
         <path>.\source\</path>
         <kind>object</kind>
         <file>Fapi_UserDefinedFunctions.obj</file>
         <name>Fapi_UserDefinedFunctions.obj</name>
      </input_file>
      <input_file id="fl-4">
         <path>.\source\</path>
         <kind>object</kind>
         <file>adc.obj</file>
         <name>adc.obj</name>
      </input_file>
      <input_file id="fl-5">
         <path>.\source\</path>
         <kind>object</kind>
         <file>can.obj</file>
         <name>can.obj</name>
      </input_file>
      <input_file id="fl-6">
         <path>.\source\</path>
         <kind>object</kind>
         <file>crc.obj</file>
         <name>crc.obj</name>
      </input_file>
      <input_file id="fl-7">
         <path>.\source\</path>
         <kind>object</kind>
         <file>dabort.obj</file>
         <name>dabort.obj</name>
      </input_file>
      <input_file id="fl-8">
         <path>.\source\</path>
         <kind>object</kind>
         <file>dcc.obj</file>
         <name>dcc.obj</name>
      </input_file>
      <input_file id="fl-9">
         <path>.\source\</path>
         <kind>object</kind>
         <file>eqep.obj</file>
         <name>eqep.obj</name>
      </input_file>
      <input_file id="fl-a">
         <path>.\source\</path>
         <kind>object</kind>
         <file>esm.obj</file>
         <name>esm.obj</name>
      </input_file>
      <input_file id="fl-b">
         <path>.\source\</path>
         <kind>object</kind>
         <file>gio.obj</file>
         <name>gio.obj</name>
      </input_file>
      <input_file id="fl-c">
         <path>.\source\</path>
         <kind>object</kind>
         <file>het.obj</file>
         <name>het.obj</name>
      </input_file>
      <input_file id="fl-d">
         <path>.\source\</path>
         <kind>object</kind>
         <file>lin.obj</file>
         <name>lin.obj</name>
      </input_file>
      <input_file id="fl-e">
         <path>.\source\</path>
         <kind>object</kind>
         <file>mibspi.obj</file>
         <name>mibspi.obj</name>
      </input_file>
      <input_file id="fl-f">
         <path>.\source\</path>
         <kind>object</kind>
         <file>notification.obj</file>
         <name>notification.obj</name>
      </input_file>
      <input_file id="fl-10">
         <path>.\source\</path>
         <kind>object</kind>
         <file>pinmux.obj</file>
         <name>pinmux.obj</name>
      </input_file>
      <input_file id="fl-11">
         <path>.\source\</path>
         <kind>object</kind>
         <file>rti.obj</file>
         <name>rti.obj</name>
      </input_file>
      <input_file id="fl-12">
         <path>.\source\</path>
         <kind>object</kind>
         <file>spi.obj</file>
         <name>spi.obj</name>
      </input_file>
      <input_file id="fl-13">
         <path>.\source\</path>
         <kind>object</kind>
         <file>sys_core.obj</file>
         <name>sys_core.obj</name>
      </input_file>
      <input_file id="fl-14">
         <path>.\source\</path>
         <kind>object</kind>
         <file>sys_intvecs.obj</file>
         <name>sys_intvecs.obj</name>
      </input_file>
      <input_file id="fl-15">
         <path>.\source\</path>
         <kind>object</kind>
         <file>sys_main.obj</file>
         <name>sys_main.obj</name>
      </input_file>
      <input_file id="fl-16">
         <path>.\source\</path>
         <kind>object</kind>
         <file>sys_mpu.obj</file>
         <name>sys_mpu.obj</name>
      </input_file>
      <input_file id="fl-17">
         <path>.\source\</path>
         <kind>object</kind>
         <file>sys_pcr.obj</file>
         <name>sys_pcr.obj</name>
      </input_file>
      <input_file id="fl-18">
         <path>.\source\</path>
         <kind>object</kind>
         <file>sys_phantom.obj</file>
         <name>sys_phantom.obj</name>
      </input_file>
      <input_file id="fl-19">
         <path>.\source\</path>
         <kind>object</kind>
         <file>sys_pmu.obj</file>
         <name>sys_pmu.obj</name>
      </input_file>
      <input_file id="fl-1a">
         <path>.\source\</path>
         <kind>object</kind>
         <file>sys_selftest.obj</file>
         <name>sys_selftest.obj</name>
      </input_file>
      <input_file id="fl-1b">
         <path>.\source\</path>
         <kind>object</kind>
         <file>sys_startup.obj</file>
         <name>sys_startup.obj</name>
      </input_file>
      <input_file id="fl-1c">
         <path>.\source\</path>
         <kind>object</kind>
         <file>sys_vim.obj</file>
         <name>sys_vim.obj</name>
      </input_file>
      <input_file id="fl-1d">
         <path>.\source\</path>
         <kind>object</kind>
         <file>system.obj</file>
         <name>system.obj</name>
      </input_file>
      <input_file id="fl-1e">
         <path>.\source\</path>
         <kind>object</kind>
         <file>ti_fee_Info.obj</file>
         <name>ti_fee_Info.obj</name>
      </input_file>
      <input_file id="fl-1f">
         <path>.\source\</path>
         <kind>object</kind>
         <file>ti_fee_cancel.obj</file>
         <name>ti_fee_cancel.obj</name>
      </input_file>
      <input_file id="fl-20">
         <path>.\source\</path>
         <kind>object</kind>
         <file>ti_fee_cfg.obj</file>
         <name>ti_fee_cfg.obj</name>
      </input_file>
      <input_file id="fl-21">
         <path>.\source\</path>
         <kind>object</kind>
         <file>ti_fee_eraseimmediateblock.obj</file>
         <name>ti_fee_eraseimmediateblock.obj</name>
      </input_file>
      <input_file id="fl-22">
         <path>.\source\</path>
         <kind>object</kind>
         <file>ti_fee_format.obj</file>
         <name>ti_fee_format.obj</name>
      </input_file>
      <input_file id="fl-23">
         <path>.\source\</path>
         <kind>object</kind>
         <file>ti_fee_ini.obj</file>
         <name>ti_fee_ini.obj</name>
      </input_file>
      <input_file id="fl-24">
         <path>.\source\</path>
         <kind>object</kind>
         <file>ti_fee_invalidateblock.obj</file>
         <name>ti_fee_invalidateblock.obj</name>
      </input_file>
      <input_file id="fl-25">
         <path>.\source\</path>
         <kind>object</kind>
         <file>ti_fee_main.obj</file>
         <name>ti_fee_main.obj</name>
      </input_file>
      <input_file id="fl-26">
         <path>.\source\</path>
         <kind>object</kind>
         <file>ti_fee_read.obj</file>
         <name>ti_fee_read.obj</name>
      </input_file>
      <input_file id="fl-27">
         <path>.\source\</path>
         <kind>object</kind>
         <file>ti_fee_readSync.obj</file>
         <name>ti_fee_readSync.obj</name>
      </input_file>
      <input_file id="fl-28">
         <path>.\source\</path>
         <kind>object</kind>
         <file>ti_fee_shutdown.obj</file>
         <name>ti_fee_shutdown.obj</name>
      </input_file>
      <input_file id="fl-29">
         <path>.\source\</path>
         <kind>object</kind>
         <file>ti_fee_util.obj</file>
         <name>ti_fee_util.obj</name>
      </input_file>
      <input_file id="fl-2a">
         <path>.\source\</path>
         <kind>object</kind>
         <file>ti_fee_writeAsync.obj</file>
         <name>ti_fee_writeAsync.obj</name>
      </input_file>
      <input_file id="fl-2b">
         <path>.\source\</path>
         <kind>object</kind>
         <file>ti_fee_writeSync.obj</file>
         <name>ti_fee_writeSync.obj</name>
      </input_file>
      <input_file id="fl-2c">
         <path>.\source\</path>
         <kind>object</kind>
         <file>usdcard.obj</file>
         <name>usdcard.obj</name>
      </input_file>
      <input_file id="fl-2d">
         <path>.\source\</path>
         <kind>object</kind>
         <file>usdcard_tests.obj</file>
         <name>usdcard_tests.obj</name>
      </input_file>
      <input_file id="fl-e8">
         <path>C:\ti\ccsv7\tools\compiler\ti-cgt-arm_16.9.1.LTS\lib\</path>
         <kind>archive</kind>
         <file>rtsv7R4_A_be_eabi.lib</file>
         <name>autoinit.obj</name>
      </input_file>
      <input_file id="fl-e9">
         <path>C:\ti\ccsv7\tools\compiler\ti-cgt-arm_16.9.1.LTS\lib\</path>
         <kind>archive</kind>
         <file>rtsv7R4_A_be_eabi.lib</file>
         <name>copy_decompress_lzss.obj</name>
      </input_file>
      <input_file id="fl-ea">
         <path>C:\ti\ccsv7\tools\compiler\ti-cgt-arm_16.9.1.LTS\lib\</path>
         <kind>archive</kind>
         <file>rtsv7R4_A_be_eabi.lib</file>
         <name>copy_decompress_none.obj</name>
      </input_file>
      <input_file id="fl-eb">
         <path>C:\ti\ccsv7\tools\compiler\ti-cgt-arm_16.9.1.LTS\lib\</path>
         <kind>archive</kind>
         <file>rtsv7R4_A_be_eabi.lib</file>
         <name>copy_zero_init.obj</name>
      </input_file>
      <input_file id="fl-ec">
         <path>C:\ti\ccsv7\tools\compiler\ti-cgt-arm_16.9.1.LTS\lib\</path>
         <kind>archive</kind>
         <file>rtsv7R4_A_be_eabi.lib</file>
         <name>cpy_tbl.obj</name>
      </input_file>
      <input_file id="fl-ed">
         <path>C:\ti\ccsv7\tools\compiler\ti-cgt-arm_16.9.1.LTS\lib\</path>
         <kind>archive</kind>
         <file>rtsv7R4_A_be_eabi.lib</file>
         <name>exit.obj</name>
      </input_file>
      <input_file id="fl-ee">
         <path>C:\ti\ccsv7\tools\compiler\ti-cgt-arm_16.9.1.LTS\lib\</path>
         <kind>archive</kind>
         <file>rtsv7R4_A_be_eabi.lib</file>
         <name>fd_div32.obj</name>
      </input_file>
      <input_file id="fl-ef">
         <path>C:\ti\ccsv7\tools\compiler\ti-cgt-arm_16.9.1.LTS\lib\</path>
         <kind>archive</kind>
         <file>rtsv7R4_A_be_eabi.lib</file>
         <name>fd_mul32.obj</name>
      </input_file>
      <input_file id="fl-f0">
         <path>C:\ti\ccsv7\tools\compiler\ti-cgt-arm_16.9.1.LTS\lib\</path>
         <kind>archive</kind>
         <file>rtsv7R4_A_be_eabi.lib</file>
         <name>fd_tou32.obj</name>
      </input_file>
      <input_file id="fl-f1">
         <path>C:\ti\ccsv7\tools\compiler\ti-cgt-arm_16.9.1.LTS\lib\</path>
         <kind>archive</kind>
         <file>rtsv7R4_A_be_eabi.lib</file>
         <name>memcpy32.obj</name>
      </input_file>
      <input_file id="fl-f2">
         <path>C:\ti\ccsv7\tools\compiler\ti-cgt-arm_16.9.1.LTS\lib\</path>
         <kind>archive</kind>
         <file>rtsv7R4_A_be_eabi.lib</file>
         <name>memset32.obj</name>
      </input_file>
      <input_file id="fl-f3">
         <path>C:\ti\ccsv7\tools\compiler\ti-cgt-arm_16.9.1.LTS\lib\</path>
         <kind>archive</kind>
         <file>rtsv7R4_A_be_eabi.lib</file>
         <name>printf.obj</name>
      </input_file>
      <input_file id="fl-f4">
         <path>C:\ti\ccsv7\tools\compiler\ti-cgt-arm_16.9.1.LTS\lib\</path>
         <kind>archive</kind>
         <file>rtsv7R4_A_be_eabi.lib</file>
         <name>startup.obj</name>
      </input_file>
      <input_file id="fl-f5">
         <path>C:\ti\ccsv7\tools\compiler\ti-cgt-arm_16.9.1.LTS\lib\</path>
         <kind>archive</kind>
         <file>rtsv7R4_A_be_eabi.lib</file>
         <name>u_div32.obj</name>
      </input_file>
      <input_file id="fl-f6">
         <path>C:\ti\ccsv7\tools\compiler\ti-cgt-arm_16.9.1.LTS\lib\</path>
         <kind>archive</kind>
         <file>rtsv7R4_A_be_eabi.lib</file>
         <name>u_tofd32.obj</name>
      </input_file>
      <input_file id="fl-f7">
         <path>C:\ti\ccsv7\tools\compiler\ti-cgt-arm_16.9.1.LTS\lib\</path>
         <kind>archive</kind>
         <file>rtsv7R4_A_be_eabi.lib</file>
         <name>_lock.obj</name>
      </input_file>
      <input_file id="fl-f8">
         <path>C:\ti\ccsv7\tools\compiler\ti-cgt-arm_16.9.1.LTS\lib\</path>
         <kind>archive</kind>
         <file>rtsv7R4_A_be_eabi.lib</file>
         <name>_printfi.obj</name>
      </input_file>
      <input_file id="fl-f9">
         <path>C:\ti\ccsv7\tools\compiler\ti-cgt-arm_16.9.1.LTS\lib\</path>
         <kind>archive</kind>
         <file>rtsv7R4_A_be_eabi.lib</file>
         <name>atoi.obj</name>
      </input_file>
      <input_file id="fl-fa">
         <path>C:\ti\ccsv7\tools\compiler\ti-cgt-arm_16.9.1.LTS\lib\</path>
         <kind>archive</kind>
         <file>rtsv7R4_A_be_eabi.lib</file>
         <name>ctype.obj</name>
      </input_file>
      <input_file id="fl-fb">
         <path>C:\ti\ccsv7\tools\compiler\ti-cgt-arm_16.9.1.LTS\lib\</path>
         <kind>archive</kind>
         <file>rtsv7R4_A_be_eabi.lib</file>
         <name>defs.obj</name>
      </input_file>
      <input_file id="fl-fc">
         <path>C:\ti\ccsv7\tools\compiler\ti-cgt-arm_16.9.1.LTS\lib\</path>
         <kind>archive</kind>
         <file>rtsv7R4_A_be_eabi.lib</file>
         <name>fd_add32.obj</name>
      </input_file>
      <input_file id="fl-fd">
         <path>C:\ti\ccsv7\tools\compiler\ti-cgt-arm_16.9.1.LTS\lib\</path>
         <kind>archive</kind>
         <file>rtsv7R4_A_be_eabi.lib</file>
         <name>fd_cmp32.obj</name>
      </input_file>
      <input_file id="fl-fe">
         <path>C:\ti\ccsv7\tools\compiler\ti-cgt-arm_16.9.1.LTS\lib\</path>
         <kind>archive</kind>
         <file>rtsv7R4_A_be_eabi.lib</file>
         <name>fd_toi32.obj</name>
      </input_file>
      <input_file id="fl-ff">
         <path>C:\ti\ccsv7\tools\compiler\ti-cgt-arm_16.9.1.LTS\lib\</path>
         <kind>archive</kind>
         <file>rtsv7R4_A_be_eabi.lib</file>
         <name>fputc.obj</name>
      </input_file>
      <input_file id="fl-100">
         <path>C:\ti\ccsv7\tools\compiler\ti-cgt-arm_16.9.1.LTS\lib\</path>
         <kind>archive</kind>
         <file>rtsv7R4_A_be_eabi.lib</file>
         <name>fputs.obj</name>
      </input_file>
      <input_file id="fl-101">
         <path>C:\ti\ccsv7\tools\compiler\ti-cgt-arm_16.9.1.LTS\lib\</path>
         <kind>archive</kind>
         <file>rtsv7R4_A_be_eabi.lib</file>
         <name>i_div0.obj</name>
      </input_file>
      <input_file id="fl-102">
         <path>C:\ti\ccsv7\tools\compiler\ti-cgt-arm_16.9.1.LTS\lib\</path>
         <kind>archive</kind>
         <file>rtsv7R4_A_be_eabi.lib</file>
         <name>i_tofd32.obj</name>
      </input_file>
      <input_file id="fl-103">
         <path>C:\ti\ccsv7\tools\compiler\ti-cgt-arm_16.9.1.LTS\lib\</path>
         <kind>archive</kind>
         <file>rtsv7R4_A_be_eabi.lib</file>
         <name>lowlev.obj</name>
      </input_file>
      <input_file id="fl-104">
         <path>C:\ti\ccsv7\tools\compiler\ti-cgt-arm_16.9.1.LTS\lib\</path>
         <kind>archive</kind>
         <file>rtsv7R4_A_be_eabi.lib</file>
         <name>ltoa.obj</name>
      </input_file>
      <input_file id="fl-105">
         <path>C:\ti\ccsv7\tools\compiler\ti-cgt-arm_16.9.1.LTS\lib\</path>
         <kind>archive</kind>
         <file>rtsv7R4_A_be_eabi.lib</file>
         <name>memccpy.obj</name>
      </input_file>
      <input_file id="fl-106">
         <path>C:\ti\ccsv7\tools\compiler\ti-cgt-arm_16.9.1.LTS\lib\</path>
         <kind>archive</kind>
         <file>rtsv7R4_A_be_eabi.lib</file>
         <name>memchr.obj</name>
      </input_file>
      <input_file id="fl-107">
         <path>C:\ti\ccsv7\tools\compiler\ti-cgt-arm_16.9.1.LTS\lib\</path>
         <kind>archive</kind>
         <file>rtsv7R4_A_be_eabi.lib</file>
         <name>s_frexp.obj</name>
      </input_file>
      <input_file id="fl-108">
         <path>C:\ti\ccsv7\tools\compiler\ti-cgt-arm_16.9.1.LTS\lib\</path>
         <kind>archive</kind>
         <file>rtsv7R4_A_be_eabi.lib</file>
         <name>s_scalbn.obj</name>
      </input_file>
      <input_file id="fl-109">
         <path>C:\ti\ccsv7\tools\compiler\ti-cgt-arm_16.9.1.LTS\lib\</path>
         <kind>archive</kind>
         <file>rtsv7R4_A_be_eabi.lib</file>
         <name>strchr.obj</name>
      </input_file>
      <input_file id="fl-10a">
         <path>C:\ti\ccsv7\tools\compiler\ti-cgt-arm_16.9.1.LTS\lib\</path>
         <kind>archive</kind>
         <file>rtsv7R4_A_be_eabi.lib</file>
         <name>strcmp.obj</name>
      </input_file>
      <input_file id="fl-10b">
         <path>C:\ti\ccsv7\tools\compiler\ti-cgt-arm_16.9.1.LTS\lib\</path>
         <kind>archive</kind>
         <file>rtsv7R4_A_be_eabi.lib</file>
         <name>strlen.obj</name>
      </input_file>
      <input_file id="fl-10c">
         <path>C:\ti\ccsv7\tools\compiler\ti-cgt-arm_16.9.1.LTS\lib\</path>
         <kind>archive</kind>
         <file>rtsv7R4_A_be_eabi.lib</file>
         <name>strncpy.obj</name>
      </input_file>
      <input_file id="fl-10d">
         <path>C:\ti\ccsv7\tools\compiler\ti-cgt-arm_16.9.1.LTS\lib\</path>
         <kind>archive</kind>
         <file>rtsv7R4_A_be_eabi.lib</file>
         <name>trgdrv.obj</name>
      </input_file>
      <input_file id="fl-10e">
         <path>C:\ti\ccsv7\tools\compiler\ti-cgt-arm_16.9.1.LTS\lib\</path>
         <kind>archive</kind>
         <file>rtsv7R4_A_be_eabi.lib</file>
         <name>trgmsg.obj</name>
      </input_file>
      <input_file id="fl-10f">
         <path>C:\ti\ccsv7\tools\compiler\ti-cgt-arm_16.9.1.LTS\lib\</path>
         <kind>archive</kind>
         <file>rtsv7R4_A_be_eabi.lib</file>
         <name>ull_div32.obj</name>
      </input_file>
      <input_file id="fl-110">
         <path>C:\ti\ccsv7\tools\compiler\ti-cgt-arm_16.9.1.LTS\lib\</path>
         <kind>archive</kind>
         <file>rtsv7R4_A_be_eabi.lib</file>
         <name>_io_perm.obj</name>
      </input_file>
      <input_file id="fl-111">
         <path>C:\ti\ccsv7\tools\compiler\ti-cgt-arm_16.9.1.LTS\lib\</path>
         <kind>archive</kind>
         <file>rtsv7R4_A_be_eabi.lib</file>
         <name>errno.obj</name>
      </input_file>
      <input_file id="fl-112">
         <path>C:\ti\ccsv7\tools\compiler\ti-cgt-arm_16.9.1.LTS\lib\</path>
         <kind>archive</kind>
         <file>rtsv7R4_A_be_eabi.lib</file>
         <name>fflush.obj</name>
      </input_file>
      <input_file id="fl-113">
         <path>C:\ti\ccsv7\tools\compiler\ti-cgt-arm_16.9.1.LTS\lib\</path>
         <kind>archive</kind>
         <file>rtsv7R4_A_be_eabi.lib</file>
         <name>fseek.obj</name>
      </input_file>
      <input_file id="fl-114">
         <path>C:\ti\ccsv7\tools\compiler\ti-cgt-arm_16.9.1.LTS\lib\</path>
         <kind>archive</kind>
         <file>rtsv7R4_A_be_eabi.lib</file>
         <name>i_div32.obj</name>
      </input_file>
      <input_file id="fl-115">
         <path>C:\ti\ccsv7\tools\compiler\ti-cgt-arm_16.9.1.LTS\lib\</path>
         <kind>archive</kind>
         <file>rtsv7R4_A_be_eabi.lib</file>
         <name>s_copysign.obj</name>
      </input_file>
      <input_file id="fl-116">
         <path>C:\ti\ccsv7\tools\compiler\ti-cgt-arm_16.9.1.LTS\lib\</path>
         <kind>archive</kind>
         <file>rtsv7R4_A_be_eabi.lib</file>
         <name>setvbuf.obj</name>
      </input_file>
      <input_file id="fl-117">
         <path>C:\ti\ccsv7\tools\compiler\ti-cgt-arm_16.9.1.LTS\lib\</path>
         <kind>archive</kind>
         <file>rtsv7R4_A_be_eabi.lib</file>
         <name>strcpy.obj</name>
      </input_file>
      <input_file id="fl-118">
         <path>C:\ti\ccsv7\tools\compiler\ti-cgt-arm_16.9.1.LTS\lib\</path>
         <kind>archive</kind>
         <file>rtsv7R4_A_be_eabi.lib</file>
         <name>fopen.obj</name>
      </input_file>
      <input_file id="fl-119">
         <path>C:\ti\ccsv7\tools\compiler\ti-cgt-arm_16.9.1.LTS\lib\</path>
         <kind>archive</kind>
         <file>rtsv7R4_A_be_eabi.lib</file>
         <name>memory.obj</name>
      </input_file>
      <input_file id="fl-11a">
         <path>C:\ti\ccsv7\tools\compiler\ti-cgt-arm_16.9.1.LTS\lib\</path>
         <kind>archive</kind>
         <file>rtsv7R4_A_be_eabi.lib</file>
         <name>fclose.obj</name>
      </input_file>
      <input_file id="fl-11b">
         <path>C:\ti\ccsv7\tools\compiler\ti-cgt-arm_16.9.1.LTS\lib\</path>
         <kind>archive</kind>
         <file>rtsv7R4_A_be_eabi.lib</file>
         <name>remove.obj</name>
      </input_file>
      <input_file id="fl-11c">
         <path>C:\ti\Hercules\F021 Flash API\02.01.01\</path>
         <kind>archive</kind>
         <file>F021_API_CortexR4_BE.lib</file>
         <name>Async.obj</name>
      </input_file>
      <input_file id="fl-11d">
         <path>C:\ti\Hercules\F021 Flash API\02.01.01\</path>
         <kind>archive</kind>
         <file>F021_API_CortexR4_BE.lib</file>
         <name>Async.WithAddress.obj</name>
      </input_file>
      <input_file id="fl-11e">
         <path>C:\ti\Hercules\F021 Flash API\02.01.01\</path>
         <kind>archive</kind>
         <file>F021_API_CortexR4_BE.lib</file>
         <name>BlankCheck.obj</name>
      </input_file>
      <input_file id="fl-11f">
         <path>C:\ti\Hercules\F021 Flash API\02.01.01\</path>
         <kind>archive</kind>
         <file>F021_API_CortexR4_BE.lib</file>
         <name>FlashStateMachine.EnableEepromSectors.obj</name>
      </input_file>
      <input_file id="fl-120">
         <path>C:\ti\Hercules\F021 Flash API\02.01.01\</path>
         <kind>archive</kind>
         <file>F021_API_CortexR4_BE.lib</file>
         <name>FlashStateMachine.InitializeFlashBanks.obj</name>
      </input_file>
      <input_file id="fl-121">
         <path>C:\ti\Hercules\F021 Flash API\02.01.01\</path>
         <kind>archive</kind>
         <file>F021_API_CortexR4_BE.lib</file>
         <name>FlashStateMachine.IssueFsmCommand.obj</name>
      </input_file>
      <input_file id="fl-122">
         <path>C:\ti\Hercules\F021 Flash API\02.01.01\</path>
         <kind>archive</kind>
         <file>F021_API_CortexR4_BE.lib</file>
         <name>FlashStateMachine.ScaleFclk.obj</name>
      </input_file>
      <input_file id="fl-123">
         <path>C:\ti\Hercules\F021 Flash API\02.01.01\</path>
         <kind>archive</kind>
         <file>F021_API_CortexR4_BE.lib</file>
         <name>FlashStateMachine.SetActiveBank.obj</name>
      </input_file>
      <input_file id="fl-124">
         <path>C:\ti\Hercules\F021 Flash API\02.01.01\</path>
         <kind>archive</kind>
         <file>F021_API_CortexR4_BE.lib</file>
         <name>Program.obj</name>
      </input_file>
      <input_file id="fl-125">
         <path>C:\ti\Hercules\F021 Flash API\02.01.01\</path>
         <kind>archive</kind>
         <file>F021_API_CortexR4_BE.lib</file>
         <name>Read.FlushPipeline.obj</name>
      </input_file>
      <input_file id="fl-126">
         <path>C:\ti\Hercules\F021 Flash API\02.01.01\</path>
         <kind>archive</kind>
         <file>F021_API_CortexR4_BE.lib</file>
         <name>Read.LoopDword.obj</name>
      </input_file>
      <input_file id="fl-127">
         <path>C:\ti\Hercules\F021 Flash API\02.01.01\</path>
         <kind>archive</kind>
         <file>F021_API_CortexR4_BE.lib</file>
         <name>Read.WdService.obj</name>
      </input_file>
      <input_file id="fl-128">
         <path>C:\ti\Hercules\F021 Flash API\02.01.01\</path>
         <kind>archive</kind>
         <file>F021_API_CortexR4_BE.lib</file>
         <name>Utilities.CalculateEcc.obj</name>
      </input_file>
      <input_file id="fl-129">
         <path>C:\ti\Hercules\F021 Flash API\02.01.01\</path>
         <kind>archive</kind>
         <file>F021_API_CortexR4_BE.lib</file>
         <name>Utilities.CalculateFletcher.obj</name>
      </input_file>
      <input_file id="fl-12a">
         <path>C:\ti\Hercules\F021 Flash API\02.01.01\</path>
         <kind>archive</kind>
         <file>F021_API_CortexR4_BE.lib</file>
         <name>Utilities.WaitDelay.obj</name>
      </input_file>
      <input_file id="fl-12b">
         <path>C:\ti\Hercules\F021 Flash API\02.01.01\</path>
         <kind>archive</kind>
         <file>F021_API_CortexR4_BE.lib</file>
         <name>Utilities.GetNumberOfSectors.obj</name>
      </input_file>
      <input_file id="fl-12c">
         <path>C:\ti\Hercules\F021 Flash API\02.01.01\</path>
         <kind>archive</kind>
         <file>F021_API_CortexR4_BE.lib</file>
         <name>Read.Common.obj</name>
      </input_file>
      <input_file id="fl-12d">
         <path>C:\ti\Hercules\F021 Flash API\02.01.01\</path>
         <kind>archive</kind>
         <file>F021_API_CortexR4_BE.lib</file>
         <name>FlashStateMachine.Hercules.IsEccAddress.obj</name>
      </input_file>
   </input_file_list>
   <object_component_list>
      <object_component id="oc-30">
         <name>.intvecs</name>
         <load_address>0x0</load_address>
         <run_address>0x0</run_address>
         <size>0x20</size>
         <input_file_ref idref="fl-14"/>
      </object_component>
      <object_component id="oc-78">
         <name>.text</name>
         <load_address>0x20</load_address>
         <run_address>0x20</run_address>
         <size>0x24f0</size>
         <input_file_ref idref="fl-1a"/>
      </object_component>
      <object_component id="oc-22a">
         <name>.text</name>
         <load_address>0x2510</load_address>
         <run_address>0x2510</run_address>
         <size>0x1a04</size>
         <input_file_ref idref="fl-f8"/>
      </object_component>
      <object_component id="oc-fe">
         <name>.text</name>
         <load_address>0x3f14</load_address>
         <run_address>0x3f14</run_address>
         <size>0xde4</size>
         <input_file_ref idref="fl-12"/>
      </object_component>
      <object_component id="oc-72">
         <name>.text</name>
         <load_address>0x4cf8</load_address>
         <run_address>0x4cf8</run_address>
         <size>0xa64</size>
         <input_file_ref idref="fl-1d"/>
      </object_component>
      <object_component id="oc-104">
         <name>.text</name>
         <load_address>0x575c</load_address>
         <run_address>0x575c</run_address>
         <size>0x8fc</size>
         <input_file_ref idref="fl-c"/>
      </object_component>
      <object_component id="oc-3f">
         <name>.text</name>
         <load_address>0x6058</load_address>
         <run_address>0x6058</run_address>
         <size>0x898</size>
         <input_file_ref idref="fl-1c"/>
      </object_component>
      <object_component id="oc-42a">
         <name>.text</name>
         <load_address>0x68f0</load_address>
         <run_address>0x68f0</run_address>
         <size>0x638</size>
         <input_file_ref idref="fl-119"/>
      </object_component>
      <object_component id="oc-7e">
         <name>.text</name>
         <load_address>0x6f28</load_address>
         <run_address>0x6f28</run_address>
         <size>0x5d8</size>
         <input_file_ref idref="fl-a"/>
      </object_component>
      <object_component id="oc-2fd">
         <name>.text</name>
         <load_address>0x7500</load_address>
         <run_address>0x7500</run_address>
         <size>0x55c</size>
         <input_file_ref idref="fl-103"/>
      </object_component>
      <object_component id="oc-447">
         <name>.text</name>
         <load_address>0x7a5c</load_address>
         <run_address>0x7a5c</run_address>
         <size>0x550</size>
         <input_file_ref idref="fl-10d"/>
      </object_component>
      <object_component id="oc-f8">
         <name>.text</name>
         <load_address>0x7fac</load_address>
         <run_address>0x7fac</run_address>
         <size>0x36c</size>
         <input_file_ref idref="fl-b"/>
      </object_component>
      <object_component id="oc-430">
         <name>.text</name>
         <load_address>0x8318</load_address>
         <run_address>0x8318</run_address>
         <size>0x2d4</size>
         <input_file_ref idref="fl-118"/>
      </object_component>
      <object_component id="oc-6d">
         <name>.text</name>
         <load_address>0x85ec</load_address>
         <run_address>0x85ec</run_address>
         <size>0x2d0</size>
         <input_file_ref idref="fl-13"/>
      </object_component>
      <object_component id="oc-313">
         <name>.text</name>
         <load_address>0x88bc</load_address>
         <run_address>0x88bc</run_address>
         <size>0x2b8</size>
         <input_file_ref idref="fl-10f"/>
      </object_component>
      <object_component id="oc-3b">
         <name>.text:retain</name>
         <load_address>0x8b74</load_address>
         <run_address>0x8b74</run_address>
         <size>0x268</size>
         <input_file_ref idref="fl-1c"/>
      </object_component>
      <object_component id="oc-10a">
         <name>.text:Fapi_initializeFlashBanks</name>
         <load_address>0x8ddc</load_address>
         <run_address>0x8ddc</run_address>
         <size>0x260</size>
         <input_file_ref idref="fl-120"/>
      </object_component>
      <object_component id="oc-8a">
         <name>.text</name>
         <load_address>0x903c</load_address>
         <run_address>0x903c</run_address>
         <size>0x238</size>
         <input_file_ref idref="fl-15"/>
      </object_component>
      <object_component id="oc-332">
         <name>.text</name>
         <load_address>0x9274</load_address>
         <run_address>0x9274</run_address>
         <size>0x214</size>
         <input_file_ref idref="fl-fc"/>
      </object_component>
      <object_component id="oc-21">
         <name>.text:retain</name>
         <load_address>0x9488</load_address>
         <run_address>0x9488</run_address>
         <size>0x208</size>
         <input_file_ref idref="fl-1b"/>
      </object_component>
      <object_component id="oc-224">
         <name>.text</name>
         <load_address>0x9690</load_address>
         <run_address>0x9690</run_address>
         <size>0x1d4</size>
         <input_file_ref idref="fl-100"/>
      </object_component>
      <object_component id="oc-97">
         <name>.text</name>
         <load_address>0x9864</load_address>
         <run_address>0x9864</run_address>
         <size>0x1bc</size>
         <input_file_ref idref="fl-f"/>
      </object_component>
      <object_component id="oc-1e3">
         <name>.text</name>
         <load_address>0x9a20</load_address>
         <run_address>0x9a20</run_address>
         <size>0x190</size>
         <input_file_ref idref="fl-ee"/>
      </object_component>
      <object_component id="oc-55">
         <name>.text</name>
         <load_address>0x9bb0</load_address>
         <run_address>0x9bb0</run_address>
         <size>0x180</size>
         <input_file_ref idref="fl-f1"/>
      </object_component>
      <object_component id="oc-116">
         <name>.text:Fapi_setActiveFlashBank</name>
         <load_address>0x9d30</load_address>
         <run_address>0x9d30</run_address>
         <size>0x17c</size>
         <input_file_ref idref="fl-123"/>
      </object_component>
      <object_component id="oc-122">
         <name>.text:Fapi_issueProgrammingCommand</name>
         <load_address>0x9eac</load_address>
         <run_address>0x9eac</run_address>
         <size>0x178</size>
         <input_file_ref idref="fl-124"/>
      </object_component>
      <object_component id="oc-3a9">
         <name>.text</name>
         <load_address>0xa024</load_address>
         <run_address>0xa024</run_address>
         <size>0x158</size>
         <input_file_ref idref="fl-116"/>
      </object_component>
      <object_component id="oc-d4">
         <name>.text</name>
         <load_address>0xa17c</load_address>
         <run_address>0xa17c</run_address>
         <size>0x150</size>
         <input_file_ref idref="fl-10"/>
      </object_component>
      <object_component id="oc-33d">
         <name>.text</name>
         <load_address>0xa2cc</load_address>
         <run_address>0xa2cc</run_address>
         <size>0x134</size>
         <input_file_ref idref="fl-108"/>
      </object_component>
      <object_component id="oc-2f7">
         <name>.text</name>
         <load_address>0xa400</load_address>
         <run_address>0xa400</run_address>
         <size>0x130</size>
         <input_file_ref idref="fl-112"/>
      </object_component>
      <object_component id="oc-1de">
         <name>.text</name>
         <load_address>0xa530</load_address>
         <run_address>0xa530</run_address>
         <size>0x128</size>
         <input_file_ref idref="fl-ef"/>
      </object_component>
      <object_component id="oc-2f1">
         <name>.text</name>
         <load_address>0xa658</load_address>
         <run_address>0xa658</run_address>
         <size>0x118</size>
         <input_file_ref idref="fl-110"/>
      </object_component>
      <object_component id="oc-21e">
         <name>.text</name>
         <load_address>0xa770</load_address>
         <run_address>0xa770</run_address>
         <size>0x10c</size>
         <input_file_ref idref="fl-ff"/>
      </object_component>
      <object_component id="oc-473">
         <name>.text</name>
         <load_address>0xa87c</load_address>
         <run_address>0xa87c</run_address>
         <size>0xfc</size>
         <input_file_ref idref="fl-11a"/>
      </object_component>
      <object_component id="oc-27">
         <name>.text:retain</name>
         <load_address>0xa978</load_address>
         <run_address>0xa978</run_address>
         <size>0xec</size>
         <input_file_ref idref="fl-a"/>
      </object_component>
      <object_component id="oc-a6">
         <name>.text</name>
         <load_address>0xaa64</load_address>
         <run_address>0xaa64</run_address>
         <size>0xe8</size>
         <input_file_ref idref="fl-7"/>
      </object_component>
      <object_component id="oc-318">
         <name>.text:__aeabi_cdcmple</name>
         <load_address>0xab4c</load_address>
         <run_address>0xab4c</run_address>
         <size>0xe0</size>
         <input_file_ref idref="fl-fd"/>
      </object_component>
      <object_component id="oc-31d">
         <name>.text:__aeabi_cdrcmple</name>
         <load_address>0xac2c</load_address>
         <run_address>0xac2c</run_address>
         <size>0xe0</size>
         <input_file_ref idref="fl-fd"/>
      </object_component>
      <object_component id="oc-dc">
         <name>.text</name>
         <load_address>0xad0c</load_address>
         <run_address>0xad0c</run_address>
         <size>0xe0</size>
         <input_file_ref idref="fl-19"/>
      </object_component>
      <object_component id="oc-61">
         <name>.text</name>
         <load_address>0xadec</load_address>
         <run_address>0xadec</run_address>
         <size>0xb0</size>
         <input_file_ref idref="fl-f2"/>
      </object_component>
      <object_component id="oc-84">
         <name>.text</name>
         <load_address>0xae9c</load_address>
         <run_address>0xae9c</run_address>
         <size>0xa8</size>
         <input_file_ref idref="fl-e8"/>
      </object_component>
      <object_component id="oc-3a3">
         <name>.text</name>
         <load_address>0xaf44</load_address>
         <run_address>0xaf44</run_address>
         <size>0xa8</size>
         <input_file_ref idref="fl-113"/>
      </object_component>
      <object_component id="oc-110">
         <name>.text</name>
         <load_address>0xafec</load_address>
         <run_address>0xafec</run_address>
         <size>0xa4</size>
         <input_file_ref idref="fl-f3"/>
      </object_component>
      <object_component id="oc-482">
         <name>.text</name>
         <load_address>0xb090</load_address>
         <run_address>0xb090</run_address>
         <size>0xa4</size>
         <input_file_ref idref="fl-10e"/>
      </object_component>
      <object_component id="oc-f">
         <name>.text:decompress:lzss</name>
         <load_address>0xb134</load_address>
         <run_address>0xb134</run_address>
         <size>0x90</size>
         <input_file_ref idref="fl-e9"/>
      </object_component>
      <object_component id="oc-90">
         <name>.text</name>
         <load_address>0xb1c4</load_address>
         <run_address>0xb1c4</run_address>
         <size>0x90</size>
         <input_file_ref idref="fl-ed"/>
      </object_component>
      <object_component id="oc-349">
         <name>.text</name>
         <load_address>0xb254</load_address>
         <run_address>0xb254</run_address>
         <size>0x84</size>
         <input_file_ref idref="fl-f9"/>
      </object_component>
      <object_component id="oc-ea">
         <name>.text</name>
         <load_address>0xb2d8</load_address>
         <run_address>0xb2d8</run_address>
         <size>0x84</size>
         <input_file_ref idref="fl-ec"/>
      </object_component>
      <object_component id="oc-11c">
         <name>.text:Fapi_enableEepromBankSectors</name>
         <load_address>0xb35c</load_address>
         <run_address>0xb35c</run_address>
         <size>0x80</size>
         <input_file_ref idref="fl-11f"/>
      </object_component>
      <object_component id="oc-327">
         <name>.text</name>
         <load_address>0xb3dc</load_address>
         <run_address>0xb3dc</run_address>
         <size>0x80</size>
         <input_file_ref idref="fl-104"/>
      </object_component>
      <object_component id="oc-337">
         <name>.text</name>
         <load_address>0xb45c</load_address>
         <run_address>0xb45c</run_address>
         <size>0x7c</size>
         <input_file_ref idref="fl-107"/>
      </object_component>
      <object_component id="oc-322">
         <name>.text</name>
         <load_address>0xb4d8</load_address>
         <run_address>0xb4d8</run_address>
         <size>0x5c</size>
         <input_file_ref idref="fl-fe"/>
      </object_component>
      <object_component id="oc-1e8">
         <name>.text</name>
         <load_address>0xb534</load_address>
         <run_address>0xb534</run_address>
         <size>0x58</size>
         <input_file_ref idref="fl-f0"/>
      </object_component>
      <object_component id="oc-3d9">
         <name>.text</name>
         <load_address>0xb58c</load_address>
         <run_address>0xb58c</run_address>
         <size>0x54</size>
         <input_file_ref idref="fl-114"/>
      </object_component>
      <object_component id="oc-1d9">
         <name>.text</name>
         <load_address>0xb5e0</load_address>
         <run_address>0xb5e0</run_address>
         <size>0x50</size>
         <input_file_ref idref="fl-f5"/>
      </object_component>
      <object_component id="oc-3bc">
         <name>.text</name>
         <load_address>0xb630</load_address>
         <run_address>0xb630</run_address>
         <size>0x48</size>
         <input_file_ref idref="fl-10c"/>
      </object_component>
      <object_component id="oc-243">
         <name>.text:_Fapi_EnableSectors</name>
         <load_address>0xb678</load_address>
         <run_address>0xb678</run_address>
         <size>0x44</size>
         <input_file_ref idref="fl-11f"/>
      </object_component>
      <object_component id="oc-24b">
         <name>.text:_Fapi_issueFsmCommand</name>
         <load_address>0xb6bc</load_address>
         <run_address>0xb6bc</run_address>
         <size>0x3c</size>
         <input_file_ref idref="fl-121"/>
      </object_component>
      <object_component id="oc-32d">
         <name>.text</name>
         <load_address>0xb6f8</load_address>
         <run_address>0xb6f8</run_address>
         <size>0x3c</size>
         <input_file_ref idref="fl-102"/>
      </object_component>
      <object_component id="oc-1ff">
         <name>.text:Fapi_calculateFletcherChecksum</name>
         <load_address>0xb734</load_address>
         <run_address>0xb734</run_address>
         <size>0x36</size>
         <input_file_ref idref="fl-129"/>
      </object_component>
      <object_component id="oc-1ed">
         <name>.text</name>
         <load_address>0xb76c</load_address>
         <run_address>0xb76c</run_address>
         <size>0x34</size>
         <input_file_ref idref="fl-f6"/>
      </object_component>
      <object_component id="oc-34f">
         <name>.text</name>
         <load_address>0xb7a0</load_address>
         <run_address>0xb7a0</run_address>
         <size>0x2c</size>
         <input_file_ref idref="fl-105"/>
      </object_component>
      <object_component id="oc-30b">
         <name>.text</name>
         <load_address>0xb7cc</load_address>
         <run_address>0xb7cc</run_address>
         <size>0x2c</size>
         <input_file_ref idref="fl-106"/>
      </object_component>
      <object_component id="oc-343">
         <name>.text</name>
         <load_address>0xb7f8</load_address>
         <run_address>0xb7f8</run_address>
         <size>0x28</size>
         <input_file_ref idref="fl-109"/>
      </object_component>
      <object_component id="oc-3b6">
         <name>.text</name>
         <load_address>0xb820</load_address>
         <run_address>0xb820</run_address>
         <size>0x28</size>
         <input_file_ref idref="fl-10a"/>
      </object_component>
      <object_component id="oc-272">
         <name>.text</name>
         <load_address>0xb848</load_address>
         <run_address>0xb848</run_address>
         <size>0x24</size>
         <input_file_ref idref="fl-f7"/>
      </object_component>
      <object_component id="oc-305">
         <name>.text</name>
         <load_address>0xb86c</load_address>
         <run_address>0xb86c</run_address>
         <size>0x20</size>
         <input_file_ref idref="fl-10b"/>
      </object_component>
      <object_component id="oc-205">
         <name>.text:_Fapi_divideUnsignedLong</name>
         <load_address>0xb88c</load_address>
         <run_address>0xb88c</run_address>
         <size>0x1c</size>
         <input_file_ref idref="fl-120"/>
      </object_component>
      <object_component id="oc-488">
         <name>.text</name>
         <load_address>0xb8a8</load_address>
         <run_address>0xb8a8</run_address>
         <size>0x18</size>
         <input_file_ref idref="fl-117"/>
      </object_component>
      <object_component id="oc-251">
         <name>.text:Fapi_calculateEcc</name>
         <load_address>0xb8c0</load_address>
         <run_address>0xb8c0</run_address>
         <size>0x14</size>
         <input_file_ref idref="fl-128"/>
      </object_component>
      <object_component id="oc-15">
         <name>.text:decompress:none</name>
         <load_address>0xb8d4</load_address>
         <run_address>0xb8d4</run_address>
         <size>0x14</size>
         <input_file_ref idref="fl-ea"/>
      </object_component>
      <object_component id="oc-23d">
         <name>.text:Fapi_getNumberOfBankSectors</name>
         <load_address>0xb8e8</load_address>
         <run_address>0xb8e8</run_address>
         <size>0x10</size>
         <input_file_ref idref="fl-12b"/>
      </object_component>
      <object_component id="oc-211">
         <name>.text:_scaleEEFclk</name>
         <load_address>0xb8f8</load_address>
         <run_address>0xb8f8</run_address>
         <size>0x10</size>
         <input_file_ref idref="fl-122"/>
      </object_component>
      <object_component id="oc-20b">
         <name>.text:_scaleMainFclk</name>
         <load_address>0xb908</load_address>
         <run_address>0xb908</run_address>
         <size>0x10</size>
         <input_file_ref idref="fl-122"/>
      </object_component>
      <object_component id="oc-1b">
         <name>.text:decompress:ZI</name>
         <load_address>0xb918</load_address>
         <run_address>0xb918</run_address>
         <size>0x10</size>
         <input_file_ref idref="fl-eb"/>
      </object_component>
      <object_component id="oc-3e9">
         <name>.text</name>
         <load_address>0xb928</load_address>
         <run_address>0xb928</run_address>
         <size>0xc</size>
         <input_file_ref idref="fl-115"/>
      </object_component>
      <object_component id="oc-35">
         <name>.text:retain</name>
         <load_address>0xb934</load_address>
         <run_address>0xb934</run_address>
         <size>0x4</size>
         <input_file_ref idref="fl-18"/>
      </object_component>
      <object_component id="oc-2cb">
         <name>.text</name>
         <load_address>0xb938</load_address>
         <run_address>0xb938</run_address>
         <size>0x4</size>
         <input_file_ref idref="fl-101"/>
      </object_component>
      <object_component id="oc-f0">
         <name>.text</name>
         <load_address>0xb93c</load_address>
         <run_address>0xb93c</run_address>
         <size>0x4</size>
         <input_file_ref idref="fl-f4"/>
      </object_component>
      <object_component id="oc-1f2">
         <name>.const:het1PROGRAM</name>
         <load_address>0xb940</load_address>
         <run_address>0xb940</run_address>
         <size>0x3a0</size>
         <input_file_ref idref="fl-c"/>
      </object_component>
      <object_component id="oc-2d">
         <name>.const:s_vim_init</name>
         <load_address>0xbce0</load_address>
         <run_address>0xbce0</run_address>
         <size>0x180</size>
         <input_file_ref idref="fl-1c"/>
      </object_component>
      <object_component id="oc-3f6">
         <name>.const:.string:_ctypes_</name>
         <load_address>0xbe60</load_address>
         <run_address>0xbe60</run_address>
         <size>0x101</size>
         <input_file_ref idref="fl-fa"/>
      </object_component>
      <object_component id="oc-1f5">
         <name>.const:s_het1pwmPolarity</name>
         <load_address>0xbf64</load_address>
         <run_address>0xbf64</run_address>
         <size>0x20</size>
         <input_file_ref idref="fl-c"/>
      </object_component>
      <object_component id="oc-4d6">
         <name>.cinit..data.load</name>
         <load_address>0xbf88</load_address>
         <run_address>0xbf88</run_address>
         <size>0x6d</size>
      </object_component>
      <object_component id="oc-4d3">
         <name>__TI_handler_table</name>
         <load_address>0xbff8</load_address>
         <run_address>0xbff8</run_address>
         <size>0xc</size>
      </object_component>
      <object_component id="oc-4d5">
         <name>.cinit..bss.load</name>
         <load_address>0xc008</load_address>
         <run_address>0xc008</run_address>
         <size>0x8</size>
      </object_component>
      <object_component id="oc-4d4">
         <name>__TI_cinit_table</name>
         <load_address>0xc010</load_address>
         <run_address>0xc010</run_address>
         <size>0x10</size>
      </object_component>
      <object_component id="oc-1cf">
         <name>.bss:g_spiPacket_t</name>
         <uninitialized>true</uninitialized>
         <run_address>0x8001ec0</run_address>
         <size>0x48</size>
         <input_file_ref idref="fl-12"/>
      </object_component>
      <object_component id="oc-48e">
         <name>.bss:parmbuf</name>
         <uninitialized>true</uninitialized>
         <run_address>0x8001f08</run_address>
         <size>0x8</size>
         <input_file_ref idref="fl-10d"/>
      </object_component>
      <object_component id="oc-4a1">
         <name>.bss:_CIOBUF_</name>
         <uninitialized>true</uninitialized>
         <run_address>0x8001d00</run_address>
         <size>0x120</size>
         <input_file_ref idref="fl-10e"/>
      </object_component>
      <object_component id="oc-49c">
         <name>.common:__TI_tmpnams</name>
         <uninitialized>true</uninitialized>
         <run_address>0x8001e20</run_address>
         <size>0xa0</size>
      </object_component>
      <object_component id="oc-134">
         <name>.data:$O1$$</name>
         <load_address>0x80020e0</load_address>
         <run_address>0x80020e0</run_address>
         <size>0xc</size>
         <input_file_ref idref="fl-ed"/>
      </object_component>
      <object_component id="oc-137">
         <name>.data:$O1$$</name>
         <load_address>0x80020f8</load_address>
         <run_address>0x80020f8</run_address>
         <size>0x8</size>
         <input_file_ref idref="fl-f7"/>
      </object_component>
      <object_component id="oc-230">
         <name>.data:_ftable</name>
         <load_address>0x8001f10</load_address>
         <run_address>0x8001f10</run_address>
         <size>0xf0</size>
         <input_file_ref idref="fl-fb"/>
      </object_component>
      <object_component id="oc-3b1">
         <name>.data</name>
         <load_address>0x80020d0</load_address>
         <run_address>0x80020d0</run_address>
         <size>0x10</size>
         <input_file_ref idref="fl-fb"/>
      </object_component>
      <object_component id="oc-3c2">
         <name>.data:$O1$$</name>
         <load_address>0x8002000</load_address>
         <run_address>0x8002000</run_address>
         <size>0xd0</size>
         <input_file_ref idref="fl-103"/>
      </object_component>
      <object_component id="oc-3ef">
         <name>.data</name>
         <load_address>0x8002108</load_address>
         <run_address>0x8002108</run_address>
         <size>0x4</size>
         <input_file_ref idref="fl-111"/>
      </object_component>
      <object_component id="oc-479">
         <name>.data</name>
         <load_address>0x800210c</load_address>
         <run_address>0x800210c</run_address>
         <size>0x4</size>
         <input_file_ref idref="fl-118"/>
      </object_component>
      <object_component id="oc-46f">
         <name>.data:$O1$$</name>
         <load_address>0x80020ec</load_address>
         <run_address>0x80020ec</run_address>
         <size>0xc</size>
         <input_file_ref idref="fl-119"/>
      </object_component>
      <object_component id="oc-2df">
         <name>.data</name>
         <load_address>0x8002100</load_address>
         <run_address>0x8002100</run_address>
         <size>0x8</size>
         <input_file_ref idref="fl-122"/>
      </object_component>
      <object_component id="oc-23a">
         <name>.data</name>
         <load_address>0x8002110</load_address>
         <run_address>0x8002110</run_address>
         <size>0x1</size>
         <input_file_ref idref="fl-123"/>
      </object_component>
      <object_component id="oc-47">
         <name>.sysmem</name>
         <uninitialized>true</uninitialized>
         <run_address>0x8001500</run_address>
         <size>0x8</size>
         <input_file_ref idref="fl-119"/>
      </object_component>
      <object_component id="oc-4d7">
         <name>.sysmem</name>
         <uninitialized>true</uninitialized>
         <run_address>0x8001500</run_address>
         <size>0x0</size>
      </object_component>
      <object_component id="oc-26f">
         <name>.debug_info</name>
         <load_address>0x0</load_address>
         <run_address>0x0</run_address>
         <size>0x1de</size>
         <input_file_ref idref="fl-2"/>
      </object_component>
      <object_component id="oc-12f">
         <name>.debug_info</name>
         <load_address>0x1de</load_address>
         <run_address>0x1de</run_address>
         <size>0xe57</size>
         <input_file_ref idref="fl-2"/>
      </object_component>
      <object_component id="oc-260">
         <name>.debug_info</name>
         <load_address>0x1035</load_address>
         <run_address>0x1035</run_address>
         <size>0x225</size>
         <input_file_ref idref="fl-2"/>
      </object_component>
      <object_component id="oc-265">
         <name>.debug_info</name>
         <load_address>0x125a</load_address>
         <run_address>0x125a</run_address>
         <size>0x26d5</size>
         <input_file_ref idref="fl-2"/>
      </object_component>
      <object_component id="oc-9e">
         <name>.debug_info</name>
         <load_address>0x392f</load_address>
         <run_address>0x392f</run_address>
         <size>0x157</size>
         <input_file_ref idref="fl-2"/>
      </object_component>
      <object_component id="oc-129">
         <name>.debug_info</name>
         <load_address>0x3a86</load_address>
         <run_address>0x3a86</run_address>
         <size>0x8b</size>
         <input_file_ref idref="fl-2"/>
      </object_component>
      <object_component id="oc-13f">
         <name>.debug_info</name>
         <load_address>0x3b11</load_address>
         <run_address>0x3b11</run_address>
         <size>0x18b</size>
         <input_file_ref idref="fl-2"/>
      </object_component>
      <object_component id="oc-50">
         <name>.debug_info</name>
         <load_address>0x3c9c</load_address>
         <run_address>0x3c9c</run_address>
         <size>0x84</size>
         <input_file_ref idref="fl-3"/>
      </object_component>
      <object_component id="oc-16a">
         <name>.debug_info</name>
         <load_address>0x3d20</load_address>
         <run_address>0x3d20</run_address>
         <size>0x16a</size>
         <input_file_ref idref="fl-4"/>
      </object_component>
      <object_component id="oc-17d">
         <name>.debug_info</name>
         <load_address>0x3e8a</load_address>
         <run_address>0x3e8a</run_address>
         <size>0x791</size>
         <input_file_ref idref="fl-4"/>
      </object_component>
      <object_component id="oc-af">
         <name>.debug_info</name>
         <load_address>0x461b</load_address>
         <run_address>0x461b</run_address>
         <size>0x18c</size>
         <input_file_ref idref="fl-4"/>
      </object_component>
      <object_component id="oc-b4">
         <name>.debug_info</name>
         <load_address>0x47a7</load_address>
         <run_address>0x47a7</run_address>
         <size>0x86</size>
         <input_file_ref idref="fl-4"/>
      </object_component>
      <object_component id="oc-2a0">
         <name>.debug_info</name>
         <load_address>0x482d</load_address>
         <run_address>0x482d</run_address>
         <size>0x273</size>
         <input_file_ref idref="fl-4"/>
      </object_component>
      <object_component id="oc-15f">
         <name>.debug_info</name>
         <load_address>0x4aa0</load_address>
         <run_address>0x4aa0</run_address>
         <size>0x2cf</size>
         <input_file_ref idref="fl-4"/>
      </object_component>
      <object_component id="oc-2ad">
         <name>.debug_info</name>
         <load_address>0x4d6f</load_address>
         <run_address>0x4d6f</run_address>
         <size>0x158</size>
         <input_file_ref idref="fl-5"/>
      </object_component>
      <object_component id="oc-18c">
         <name>.debug_info</name>
         <load_address>0x4ec7</load_address>
         <run_address>0x4ec7</run_address>
         <size>0x437</size>
         <input_file_ref idref="fl-5"/>
      </object_component>
      <object_component id="oc-390">
         <name>.debug_info</name>
         <load_address>0x52fe</load_address>
         <run_address>0x52fe</run_address>
         <size>0x15f</size>
         <input_file_ref idref="fl-5"/>
      </object_component>
      <object_component id="oc-383">
         <name>.debug_info</name>
         <load_address>0x545d</load_address>
         <run_address>0x545d</run_address>
         <size>0x12a</size>
         <input_file_ref idref="fl-6"/>
      </object_component>
      <object_component id="oc-285">
         <name>.debug_info</name>
         <load_address>0x5587</load_address>
         <run_address>0x5587</run_address>
         <size>0x194</size>
         <input_file_ref idref="fl-6"/>
      </object_component>
      <object_component id="oc-40e">
         <name>.debug_info</name>
         <load_address>0x571b</load_address>
         <run_address>0x571b</run_address>
         <size>0x174</size>
         <input_file_ref idref="fl-6"/>
      </object_component>
      <object_component id="oc-a9">
         <name>.debug_info</name>
         <load_address>0x588f</load_address>
         <run_address>0x588f</run_address>
         <size>0x103</size>
         <input_file_ref idref="fl-7"/>
      </object_component>
      <object_component id="oc-384">
         <name>.debug_info</name>
         <load_address>0x5992</load_address>
         <run_address>0x5992</run_address>
         <size>0xe9</size>
         <input_file_ref idref="fl-8"/>
      </object_component>
      <object_component id="oc-415">
         <name>.debug_info</name>
         <load_address>0x5a7b</load_address>
         <run_address>0x5a7b</run_address>
         <size>0x111</size>
         <input_file_ref idref="fl-8"/>
      </object_component>
      <object_component id="oc-28a">
         <name>.debug_info</name>
         <load_address>0x5b8c</load_address>
         <run_address>0x5b8c</run_address>
         <size>0x116</size>
         <input_file_ref idref="fl-8"/>
      </object_component>
      <object_component id="oc-385">
         <name>.debug_info</name>
         <load_address>0x5ca2</load_address>
         <run_address>0x5ca2</run_address>
         <size>0xea</size>
         <input_file_ref idref="fl-9"/>
      </object_component>
      <object_component id="oc-41c">
         <name>.debug_info</name>
         <load_address>0x5d8c</load_address>
         <run_address>0x5d8c</run_address>
         <size>0x669</size>
         <input_file_ref idref="fl-9"/>
      </object_component>
      <object_component id="oc-28f">
         <name>.debug_info</name>
         <load_address>0x63f5</load_address>
         <run_address>0x63f5</run_address>
         <size>0x22e</size>
         <input_file_ref idref="fl-9"/>
      </object_component>
      <object_component id="oc-e9">
         <name>.debug_info</name>
         <load_address>0x6623</load_address>
         <run_address>0x6623</run_address>
         <size>0x16b</size>
         <input_file_ref idref="fl-a"/>
      </object_component>
      <object_component id="oc-80">
         <name>.debug_info</name>
         <load_address>0x678e</load_address>
         <run_address>0x678e</run_address>
         <size>0xb2c</size>
         <input_file_ref idref="fl-a"/>
      </object_component>
      <object_component id="oc-29">
         <name>.debug_info</name>
         <load_address>0x72ba</load_address>
         <run_address>0x72ba</run_address>
         <size>0x18c</size>
         <input_file_ref idref="fl-a"/>
      </object_component>
      <object_component id="oc-146">
         <name>.debug_info</name>
         <load_address>0x7446</load_address>
         <run_address>0x7446</run_address>
         <size>0x1de</size>
         <input_file_ref idref="fl-a"/>
      </object_component>
      <object_component id="oc-e4">
         <name>.debug_info</name>
         <load_address>0x7624</load_address>
         <run_address>0x7624</run_address>
         <size>0x129</size>
         <input_file_ref idref="fl-a"/>
      </object_component>
      <object_component id="oc-1ce">
         <name>.debug_info</name>
         <load_address>0x774d</load_address>
         <run_address>0x774d</run_address>
         <size>0xee</size>
         <input_file_ref idref="fl-b"/>
      </object_component>
      <object_component id="oc-f9">
         <name>.debug_info</name>
         <load_address>0x783b</load_address>
         <run_address>0x783b</run_address>
         <size>0x6d9</size>
         <input_file_ref idref="fl-b"/>
      </object_component>
      <object_component id="oc-150">
         <name>.debug_info</name>
         <load_address>0x7f14</load_address>
         <run_address>0x7f14</run_address>
         <size>0x1f9</size>
         <input_file_ref idref="fl-b"/>
      </object_component>
      <object_component id="oc-2bd">
         <name>.debug_info</name>
         <load_address>0x810d</load_address>
         <run_address>0x810d</run_address>
         <size>0xda</size>
         <input_file_ref idref="fl-b"/>
      </object_component>
      <object_component id="oc-1f9">
         <name>.debug_info</name>
         <load_address>0x81e7</load_address>
         <run_address>0x81e7</run_address>
         <size>0x181</size>
         <input_file_ref idref="fl-c"/>
      </object_component>
      <object_component id="oc-1f6">
         <name>.debug_info</name>
         <load_address>0x8368</load_address>
         <run_address>0x8368</run_address>
         <size>0xef</size>
         <input_file_ref idref="fl-c"/>
      </object_component>
      <object_component id="oc-1f3">
         <name>.debug_info</name>
         <load_address>0x8457</load_address>
         <run_address>0x8457</run_address>
         <size>0xe3</size>
         <input_file_ref idref="fl-c"/>
      </object_component>
      <object_component id="oc-105">
         <name>.debug_info</name>
         <load_address>0x853a</load_address>
         <run_address>0x853a</run_address>
         <size>0xe9d</size>
         <input_file_ref idref="fl-c"/>
      </object_component>
      <object_component id="oc-cc">
         <name>.debug_info</name>
         <load_address>0x93d7</load_address>
         <run_address>0x93d7</run_address>
         <size>0x2c</size>
         <input_file_ref idref="fl-c"/>
      </object_component>
      <object_component id="oc-196">
         <name>.debug_info</name>
         <load_address>0x9403</load_address>
         <run_address>0x9403</run_address>
         <size>0x3d3</size>
         <input_file_ref idref="fl-c"/>
      </object_component>
      <object_component id="oc-1fa">
         <name>.debug_info</name>
         <load_address>0x97d6</load_address>
         <run_address>0x97d6</run_address>
         <size>0x2e3</size>
         <input_file_ref idref="fl-c"/>
      </object_component>
      <object_component id="oc-386">
         <name>.debug_info</name>
         <load_address>0x9ab9</load_address>
         <run_address>0x9ab9</run_address>
         <size>0x11a</size>
         <input_file_ref idref="fl-d"/>
      </object_component>
      <object_component id="oc-294">
         <name>.debug_info</name>
         <load_address>0x9bd3</load_address>
         <run_address>0x9bd3</run_address>
         <size>0x2bc</size>
         <input_file_ref idref="fl-d"/>
      </object_component>
      <object_component id="oc-423">
         <name>.debug_info</name>
         <load_address>0x9e8f</load_address>
         <run_address>0x9e8f</run_address>
         <size>0x186</size>
         <input_file_ref idref="fl-d"/>
      </object_component>
      <object_component id="oc-2ac">
         <name>.debug_info</name>
         <load_address>0xa015</load_address>
         <run_address>0xa015</run_address>
         <size>0x14f</size>
         <input_file_ref idref="fl-e"/>
      </object_component>
      <object_component id="oc-182">
         <name>.debug_info</name>
         <load_address>0xa164</load_address>
         <run_address>0xa164</run_address>
         <size>0x4de</size>
         <input_file_ref idref="fl-e"/>
      </object_component>
      <object_component id="oc-389">
         <name>.debug_info</name>
         <load_address>0xa642</load_address>
         <run_address>0xa642</run_address>
         <size>0x44e</size>
         <input_file_ref idref="fl-e"/>
      </object_component>
      <object_component id="oc-13e">
         <name>.debug_info</name>
         <load_address>0xaa90</load_address>
         <run_address>0xaa90</run_address>
         <size>0x320</size>
         <input_file_ref idref="fl-f"/>
      </object_component>
      <object_component id="oc-98">
         <name>.debug_info</name>
         <load_address>0xadb0</load_address>
         <run_address>0xadb0</run_address>
         <size>0x1284</size>
         <input_file_ref idref="fl-f"/>
      </object_component>
      <object_component id="oc-187">
         <name>.debug_info</name>
         <load_address>0xc034</load_address>
         <run_address>0xc034</run_address>
         <size>0x3ce</size>
         <input_file_ref idref="fl-f"/>
      </object_component>
      <object_component id="oc-280">
         <name>.debug_info</name>
         <load_address>0xc402</load_address>
         <run_address>0xc402</run_address>
         <size>0x306</size>
         <input_file_ref idref="fl-f"/>
      </object_component>
      <object_component id="oc-1d4">
         <name>.debug_info</name>
         <load_address>0xc708</load_address>
         <run_address>0xc708</run_address>
         <size>0x375</size>
         <input_file_ref idref="fl-f"/>
      </object_component>
      <object_component id="oc-1b7">
         <name>.debug_info</name>
         <load_address>0xca7d</load_address>
         <run_address>0xca7d</run_address>
         <size>0x37b</size>
         <input_file_ref idref="fl-f"/>
      </object_component>
      <object_component id="oc-191">
         <name>.debug_info</name>
         <load_address>0xcdf8</load_address>
         <run_address>0xcdf8</run_address>
         <size>0x1ca</size>
         <input_file_ref idref="fl-f"/>
      </object_component>
      <object_component id="oc-14b">
         <name>.debug_info</name>
         <load_address>0xcfc2</load_address>
         <run_address>0xcfc2</run_address>
         <size>0x435</size>
         <input_file_ref idref="fl-f"/>
      </object_component>
      <object_component id="oc-1aa">
         <name>.debug_info</name>
         <load_address>0xd3f7</load_address>
         <run_address>0xd3f7</run_address>
         <size>0x510</size>
         <input_file_ref idref="fl-f"/>
      </object_component>
      <object_component id="oc-1a0">
         <name>.debug_info</name>
         <load_address>0xd907</load_address>
         <run_address>0xd907</run_address>
         <size>0x1de</size>
         <input_file_ref idref="fl-f"/>
      </object_component>
      <object_component id="oc-299">
         <name>.debug_info</name>
         <load_address>0xdae5</load_address>
         <run_address>0xdae5</run_address>
         <size>0x243</size>
         <input_file_ref idref="fl-f"/>
      </object_component>
      <object_component id="oc-26a">
         <name>.debug_info</name>
         <load_address>0xdd28</load_address>
         <run_address>0xdd28</run_address>
         <size>0x26c</size>
         <input_file_ref idref="fl-f"/>
      </object_component>
      <object_component id="oc-1af">
         <name>.debug_info</name>
         <load_address>0xdf94</load_address>
         <run_address>0xdf94</run_address>
         <size>0x17a</size>
         <input_file_ref idref="fl-f"/>
      </object_component>
      <object_component id="oc-155">
         <name>.debug_info</name>
         <load_address>0xe10e</load_address>
         <run_address>0xe10e</run_address>
         <size>0x642</size>
         <input_file_ref idref="fl-f"/>
      </object_component>
      <object_component id="oc-15a">
         <name>.debug_info</name>
         <load_address>0xe750</load_address>
         <run_address>0xe750</run_address>
         <size>0x13e</size>
         <input_file_ref idref="fl-f"/>
      </object_component>
      <object_component id="oc-17a">
         <name>.debug_info</name>
         <load_address>0xe88e</load_address>
         <run_address>0xe88e</run_address>
         <size>0xd5</size>
         <input_file_ref idref="fl-10"/>
      </object_component>
      <object_component id="oc-d5">
         <name>.debug_info</name>
         <load_address>0xe963</load_address>
         <run_address>0xe963</run_address>
         <size>0x1e6</size>
         <input_file_ref idref="fl-10"/>
      </object_component>
      <object_component id="oc-19b">
         <name>.debug_info</name>
         <load_address>0xeb49</load_address>
         <run_address>0xeb49</run_address>
         <size>0x1d8</size>
         <input_file_ref idref="fl-10"/>
      </object_component>
      <object_component id="oc-2a7">
         <name>.debug_info</name>
         <load_address>0xed21</load_address>
         <run_address>0xed21</run_address>
         <size>0xc6</size>
         <input_file_ref idref="fl-10"/>
      </object_component>
      <object_component id="oc-1d3">
         <name>.debug_info</name>
         <load_address>0xede7</load_address>
         <run_address>0xede7</run_address>
         <size>0x125</size>
         <input_file_ref idref="fl-12"/>
      </object_component>
      <object_component id="oc-1d0">
         <name>.debug_info</name>
         <load_address>0xef0c</load_address>
         <run_address>0xef0c</run_address>
         <size>0xe7</size>
         <input_file_ref idref="fl-12"/>
      </object_component>
      <object_component id="oc-101">
         <name>.debug_info</name>
         <load_address>0xeff3</load_address>
         <run_address>0xeff3</run_address>
         <size>0x1040</size>
         <input_file_ref idref="fl-12"/>
      </object_component>
      <object_component id="oc-2c6">
         <name>.debug_info</name>
         <load_address>0x10033</load_address>
         <run_address>0x10033</run_address>
         <size>0xb9</size>
         <input_file_ref idref="fl-12"/>
      </object_component>
      <object_component id="oc-70">
         <name>.debug_info</name>
         <load_address>0x100ec</load_address>
         <run_address>0x100ec</run_address>
         <size>0x784</size>
         <input_file_ref idref="fl-13"/>
      </object_component>
      <object_component id="oc-32">
         <name>.debug_info</name>
         <load_address>0x10870</load_address>
         <run_address>0x10870</run_address>
         <size>0x10b</size>
         <input_file_ref idref="fl-14"/>
      </object_component>
      <object_component id="oc-12e">
         <name>.debug_info</name>
         <load_address>0x1097b</load_address>
         <run_address>0x1097b</run_address>
         <size>0x442</size>
         <input_file_ref idref="fl-15"/>
      </object_component>
      <object_component id="oc-8c">
         <name>.debug_info</name>
         <load_address>0x10dbd</load_address>
         <run_address>0x10dbd</run_address>
         <size>0x272</size>
         <input_file_ref idref="fl-15"/>
      </object_component>
      <object_component id="oc-235">
         <name>.debug_info</name>
         <load_address>0x1102f</load_address>
         <run_address>0x1102f</run_address>
         <size>0x4e</size>
         <input_file_ref idref="fl-15"/>
      </object_component>
      <object_component id="oc-2ae">
         <name>.debug_info</name>
         <load_address>0x1107d</load_address>
         <run_address>0x1107d</run_address>
         <size>0xf4</size>
         <input_file_ref idref="fl-17"/>
      </object_component>
      <object_component id="oc-397">
         <name>.debug_info</name>
         <load_address>0x11171</load_address>
         <run_address>0x11171</run_address>
         <size>0x242</size>
         <input_file_ref idref="fl-17"/>
      </object_component>
      <object_component id="oc-1a5">
         <name>.debug_info</name>
         <load_address>0x113b3</load_address>
         <run_address>0x113b3</run_address>
         <size>0x2af</size>
         <input_file_ref idref="fl-17"/>
      </object_component>
      <object_component id="oc-38">
         <name>.debug_info</name>
         <load_address>0x11662</load_address>
         <run_address>0x11662</run_address>
         <size>0x13d</size>
         <input_file_ref idref="fl-18"/>
      </object_component>
      <object_component id="oc-df">
         <name>.debug_info</name>
         <load_address>0x1179f</load_address>
         <run_address>0x1179f</run_address>
         <size>0x36a</size>
         <input_file_ref idref="fl-19"/>
      </object_component>
      <object_component id="oc-e2">
         <name>.debug_info</name>
         <load_address>0x11b09</load_address>
         <run_address>0x11b09</run_address>
         <size>0x4b6</size>
         <input_file_ref idref="fl-1a"/>
      </object_component>
      <object_component id="oc-7a">
         <name>.debug_info</name>
         <load_address>0x11fbf</load_address>
         <run_address>0x11fbf</run_address>
         <size>0x2802</size>
         <input_file_ref idref="fl-1a"/>
      </object_component>
      <object_component id="oc-22">
         <name>.debug_info</name>
         <load_address>0x147c1</load_address>
         <run_address>0x147c1</run_address>
         <size>0x4ee</size>
         <input_file_ref idref="fl-1b"/>
      </object_component>
      <object_component id="oc-a5">
         <name>.debug_info</name>
         <load_address>0x14caf</load_address>
         <run_address>0x14caf</run_address>
         <size>0x292</size>
         <input_file_ref idref="fl-1c"/>
      </object_component>
      <object_component id="oc-2e">
         <name>.debug_info</name>
         <load_address>0x14f41</load_address>
         <run_address>0x14f41</run_address>
         <size>0xe5</size>
         <input_file_ref idref="fl-1c"/>
      </object_component>
      <object_component id="oc-40">
         <name>.debug_info</name>
         <load_address>0x15026</load_address>
         <run_address>0x15026</run_address>
         <size>0x477</size>
         <input_file_ref idref="fl-1c"/>
      </object_component>
      <object_component id="oc-3c">
         <name>.debug_info</name>
         <load_address>0x1549d</load_address>
         <run_address>0x1549d</run_address>
         <size>0x200</size>
         <input_file_ref idref="fl-1c"/>
      </object_component>
      <object_component id="oc-164">
         <name>.debug_info</name>
         <load_address>0x1569d</load_address>
         <run_address>0x1569d</run_address>
         <size>0x4f</size>
         <input_file_ref idref="fl-1c"/>
      </object_component>
      <object_component id="oc-db">
         <name>.debug_info</name>
         <load_address>0x156ec</load_address>
         <run_address>0x156ec</run_address>
         <size>0x362</size>
         <input_file_ref idref="fl-1d"/>
      </object_component>
      <object_component id="oc-74">
         <name>.debug_info</name>
         <load_address>0x15a4e</load_address>
         <run_address>0x15a4e</run_address>
         <size>0x736</size>
         <input_file_ref idref="fl-1d"/>
      </object_component>
      <object_component id="oc-f7">
         <name>.debug_info</name>
         <load_address>0x16184</load_address>
         <run_address>0x16184</run_address>
         <size>0x2b9</size>
         <input_file_ref idref="fl-e8"/>
      </object_component>
      <object_component id="oc-87">
         <name>.debug_info</name>
         <load_address>0x1643d</load_address>
         <run_address>0x1643d</run_address>
         <size>0x160</size>
         <input_file_ref idref="fl-e8"/>
      </object_component>
      <object_component id="oc-1c3">
         <name>.debug_info</name>
         <load_address>0x1659d</load_address>
         <run_address>0x1659d</run_address>
         <size>0x39</size>
         <input_file_ref idref="fl-e8"/>
      </object_component>
      <object_component id="oc-2b6">
         <name>.debug_info</name>
         <load_address>0x165d6</load_address>
         <run_address>0x165d6</run_address>
         <size>0x39</size>
         <input_file_ref idref="fl-e8"/>
      </object_component>
      <object_component id="oc-1c8">
         <name>.debug_info</name>
         <load_address>0x1660f</load_address>
         <run_address>0x1660f</run_address>
         <size>0xcd</size>
         <input_file_ref idref="fl-e8"/>
      </object_component>
      <object_component id="oc-c2">
         <name>.debug_info</name>
         <load_address>0x166dc</load_address>
         <run_address>0x166dc</run_address>
         <size>0xc9</size>
         <input_file_ref idref="fl-e9"/>
      </object_component>
      <object_component id="oc-10">
         <name>.debug_info</name>
         <load_address>0x167a5</load_address>
         <run_address>0x167a5</run_address>
         <size>0x215</size>
         <input_file_ref idref="fl-e9"/>
      </object_component>
      <object_component id="oc-4b">
         <name>.debug_info</name>
         <load_address>0x169ba</load_address>
         <run_address>0x169ba</run_address>
         <size>0x60</size>
         <input_file_ref idref="fl-e9"/>
      </object_component>
      <object_component id="oc-bd">
         <name>.debug_info</name>
         <load_address>0x16a1a</load_address>
         <run_address>0x16a1a</run_address>
         <size>0x46</size>
         <input_file_ref idref="fl-e9"/>
      </object_component>
      <object_component id="oc-60">
         <name>.debug_info</name>
         <load_address>0x16a60</load_address>
         <run_address>0x16a60</run_address>
         <size>0x10b</size>
         <input_file_ref idref="fl-ea"/>
      </object_component>
      <object_component id="oc-18">
         <name>.debug_info</name>
         <load_address>0x16b6b</load_address>
         <run_address>0x16b6b</run_address>
         <size>0x19a</size>
         <input_file_ref idref="fl-ea"/>
      </object_component>
      <object_component id="oc-5b">
         <name>.debug_info</name>
         <load_address>0x16d05</load_address>
         <run_address>0x16d05</run_address>
         <size>0x46</size>
         <input_file_ref idref="fl-ea"/>
      </object_component>
      <object_component id="oc-c4">
         <name>.debug_info</name>
         <load_address>0x16d4b</load_address>
         <run_address>0x16d4b</run_address>
         <size>0x2c</size>
         <input_file_ref idref="fl-ea"/>
      </object_component>
      <object_component id="oc-6c">
         <name>.debug_info</name>
         <load_address>0x16d77</load_address>
         <run_address>0x16d77</run_address>
         <size>0xfa</size>
         <input_file_ref idref="fl-eb"/>
      </object_component>
      <object_component id="oc-1f">
         <name>.debug_info</name>
         <load_address>0x16e71</load_address>
         <run_address>0x16e71</run_address>
         <size>0x165</size>
         <input_file_ref idref="fl-eb"/>
      </object_component>
      <object_component id="oc-67">
         <name>.debug_info</name>
         <load_address>0x16fd6</load_address>
         <run_address>0x16fd6</run_address>
         <size>0x46</size>
         <input_file_ref idref="fl-eb"/>
      </object_component>
      <object_component id="oc-1bf">
         <name>.debug_info</name>
         <load_address>0x1701c</load_address>
         <run_address>0x1701c</run_address>
         <size>0x1b0</size>
         <input_file_ref idref="fl-ec"/>
      </object_component>
      <object_component id="oc-eb">
         <name>.debug_info</name>
         <load_address>0x171cc</load_address>
         <run_address>0x171cc</run_address>
         <size>0x153</size>
         <input_file_ref idref="fl-ec"/>
      </object_component>
      <object_component id="oc-2b1">
         <name>.debug_info</name>
         <load_address>0x1731f</load_address>
         <run_address>0x1731f</run_address>
         <size>0x2c</size>
         <input_file_ref idref="fl-ec"/>
      </object_component>
      <object_component id="oc-13b">
         <name>.debug_info</name>
         <load_address>0x1734b</load_address>
         <run_address>0x1734b</run_address>
         <size>0x204</size>
         <input_file_ref idref="fl-ed"/>
      </object_component>
      <object_component id="oc-135">
         <name>.debug_info</name>
         <load_address>0x1754f</load_address>
         <run_address>0x1754f</run_address>
         <size>0x155</size>
         <input_file_ref idref="fl-ed"/>
      </object_component>
      <object_component id="oc-92">
         <name>.debug_info</name>
         <load_address>0x176a4</load_address>
         <run_address>0x176a4</run_address>
         <size>0x1e4</size>
         <input_file_ref idref="fl-ed"/>
      </object_component>
      <object_component id="oc-1e4">
         <name>.debug_info</name>
         <load_address>0x17888</load_address>
         <run_address>0x17888</run_address>
[...]
      </symbol>
      <symbol id="sm-727">
         <name>C$$EXIT</name>
         <value>0xb1c4</value>
         <object_component_ref idref="oc-90"/>
      </symbol>
      <symbol id="sm-728">
         <name>abort</name>
         <value>0xb1cc</value>
         <object_component_ref idref="oc-90"/>
      </symbol>
      <symbol id="sm-729">
         <name>exit</name>
         <value>0xb1d8</value>
         <object_component_ref idref="oc-90"/>
      </symbol>
      <symbol id="sm-72a">
         <name>__TI_dtors_ptr</name>
         <value>0x80020e4</value>
         <object_component_ref idref="oc-134"/>
      </symbol>
      <symbol id="sm-72b">
         <name>__TI_cleanup_ptr</name>
         <value>0x80020e0</value>
         <object_component_ref idref="oc-134"/>
      </symbol>
      <symbol id="sm-72c">
         <name>__TI_enable_exit_profile_output</name>
         <value>0x80020e8</value>
         <object_component_ref idref="oc-134"/>
      </symbol>
      <symbol id="sm-740">
         <name>__aeabi_ddiv</name>
         <value>0x9a20</value>
         <object_component_ref idref="oc-1e3"/>
      </symbol>
      <symbol id="sm-74b">
         <name>__aeabi_dmul</name>
         <value>0xa530</value>
         <object_component_ref idref="oc-1de"/>
      </symbol>
      <symbol id="sm-755">
         <name>__aeabi_d2uiz</name>
         <value>0xb534</value>
         <object_component_ref idref="oc-1e8"/>
      </symbol>
      <symbol id="sm-76e">
         <name>memcpy</name>
         <value>0x9bb0</value>
         <object_component_ref idref="oc-55"/>
      </symbol>
      <symbol id="sm-76f">
         <name>__aeabi_memcpy</name>
         <value>0x9bb0</value>
         <object_component_ref idref="oc-55"/>
      </symbol>
      <symbol id="sm-770">
         <name>__aeabi_memcpy8</name>
         <value>0x9bb0</value>
         <object_component_ref idref="oc-55"/>
      </symbol>
      <symbol id="sm-771">
         <name>__aeabi_memcpy4</name>
         <value>0x9bb0</value>
         <object_component_ref idref="oc-55"/>
      </symbol>
      <symbol id="sm-780">
         <name>__aeabi_memset</name>
         <value>0xadf0</value>
         <object_component_ref idref="oc-61"/>
      </symbol>
      <symbol id="sm-781">
         <name>memset</name>
         <value>0xadfc</value>
         <object_component_ref idref="oc-61"/>
      </symbol>
      <symbol id="sm-782">
         <name>__aeabi_memset8</name>
         <value>0xadf0</value>
         <object_component_ref idref="oc-61"/>
      </symbol>
      <symbol id="sm-783">
         <name>__aeabi_memset4</name>
         <value>0xadf0</value>
         <object_component_ref idref="oc-61"/>
      </symbol>
      <symbol id="sm-784">
         <name>__aeabi_memclr8</name>
         <value>0xadec</value>
         <object_component_ref idref="oc-61"/>
      </symbol>
      <symbol id="sm-785">
         <name>__aeabi_memclr4</name>
         <value>0xadec</value>
         <object_component_ref idref="oc-61"/>
      </symbol>
      <symbol id="sm-786">
         <name>__aeabi_memclr</name>
         <value>0xadec</value>
         <object_component_ref idref="oc-61"/>
      </symbol>
      <symbol id="sm-7a4">
         <name>printf</name>
         <value>0xaff4</value>
         <object_component_ref idref="oc-110"/>
      </symbol>
      <symbol id="sm-7ae">
         <name>_system_post_cinit</name>
         <value>0xb93c</value>
         <object_component_ref idref="oc-f0"/>
      </symbol>
      <symbol id="sm-7ba">
         <name>__aeabi_uidivmod</name>
         <value>0xb5e0</value>
         <object_component_ref idref="oc-1d9"/>
      </symbol>
      <symbol id="sm-7bb">
         <name>__aeabi_uidiv</name>
         <value>0xb5e0</value>
         <object_component_ref idref="oc-1d9"/>
      </symbol>
      <symbol id="sm-7c5">
         <name>__aeabi_ui2d</name>
         <value>0xb76c</value>
         <object_component_ref idref="oc-1ed"/>
      </symbol>
      <symbol id="sm-7df">
         <name>_nop</name>
         <value>0xb860</value>
         <object_component_ref idref="oc-272"/>
      </symbol>
      <symbol id="sm-7e0">
         <name>_lock</name>
         <value>0x80020f8</value>
         <object_component_ref idref="oc-137"/>
      </symbol>
      <symbol id="sm-7e1">
         <name>_unlock</name>
         <value>0x80020fc</value>
         <object_component_ref idref="oc-137"/>
      </symbol>
      <symbol id="sm-7e2">
         <name>_register_lock</name>
         <value>0xb854</value>
         <object_component_ref idref="oc-272"/>
      </symbol>
      <symbol id="sm-7e3">
         <name>_register_unlock</name>
         <value>0xb848</value>
         <object_component_ref idref="oc-272"/>
      </symbol>
      <symbol id="sm-8d5">
         <name>__TI_printfi</name>
         <value>0x3174</value>
         <object_component_ref idref="oc-22a"/>
      </symbol>
      <symbol id="sm-8e8">
         <name>atoi</name>
         <value>0xb254</value>
         <object_component_ref idref="oc-349"/>
      </symbol>
      <symbol id="sm-8f3">
         <name>_ctypes_</name>
         <value>0xbe60</value>
         <object_component_ref idref="oc-3f6"/>
      </symbol>
      <symbol id="sm-908">
         <name>__TI_tmpnams</name>
         <value>0x8001e20</value>
      </symbol>
      <symbol id="sm-909">
         <name>__aeabi_stdout</name>
         <value>0x80020d8</value>
         <object_component_ref idref="oc-3b1"/>
      </symbol>
      <symbol id="sm-90a">
         <name>__aeabi_stderr</name>
         <value>0x80020dc</value>
         <object_component_ref idref="oc-3b1"/>
      </symbol>
      <symbol id="sm-90b">
         <name>__aeabi_stdin</name>
         <value>0x80020d4</value>
         <object_component_ref idref="oc-3b1"/>
      </symbol>
      <symbol id="sm-90c">
         <name>_ftable</name>
         <value>0x8001f10</value>
         <object_component_ref idref="oc-230"/>
      </symbol>
      <symbol id="sm-90d">
         <name>__TI_ft_end</name>
         <value>0x80020d0</value>
         <object_component_ref idref="oc-3b1"/>
      </symbol>
      <symbol id="sm-924">
         <name>__aeabi_dsub</name>
         <value>0x9274</value>
         <object_component_ref idref="oc-332"/>
      </symbol>
      <symbol id="sm-925">
         <name>__aeabi_dadd</name>
         <value>0x9280</value>
         <object_component_ref idref="oc-332"/>
      </symbol>
      <symbol id="sm-947">
         <name>__aeabi_cdcmpeq</name>
         <value>0xab4c</value>
         <object_component_ref idref="oc-318"/>
      </symbol>
      <symbol id="sm-948">
         <name>__aeabi_cdcmple</name>
         <value>0xab4c</value>
         <object_component_ref idref="oc-318"/>
      </symbol>
      <symbol id="sm-949">
         <name>__aeabi_cdrcmple</name>
         <value>0xac2c</value>
         <object_component_ref idref="oc-31d"/>
      </symbol>
      <symbol id="sm-953">
         <name>__aeabi_d2iz</name>
         <value>0xb4d8</value>
         <object_component_ref idref="oc-322"/>
      </symbol>
      <symbol id="sm-96b">
         <name>putc</name>
         <value>0xa770</value>
         <object_component_ref idref="oc-21e"/>
      </symbol>
      <symbol id="sm-96c">
         <name>fputc</name>
         <value>0xa770</value>
         <object_component_ref idref="oc-21e"/>
      </symbol>
      <symbol id="sm-96d">
         <name>putchar</name>
         <value>0xa868</value>
         <object_component_ref idref="oc-21e"/>
      </symbol>
      <symbol id="sm-98d">
         <name>puts</name>
         <value>0x982c</value>
         <object_component_ref idref="oc-224"/>
      </symbol>
      <symbol id="sm-98e">
         <name>fputs</name>
         <value>0x9690</value>
         <object_component_ref idref="oc-224"/>
      </symbol>
      <symbol id="sm-998">
         <name>__aeabi_idiv0</name>
         <value>0xb938</value>
         <object_component_ref idref="oc-2cb"/>
      </symbol>
      <symbol id="sm-9a2">
         <name>__aeabi_i2d</name>
         <value>0xb6f8</value>
         <object_component_ref idref="oc-32d"/>
      </symbol>
      <symbol id="sm-9ee">
         <name>open</name>
         <value>0x773c</value>
         <object_component_ref idref="oc-2fd"/>
      </symbol>
      <symbol id="sm-9ef">
         <name>add_device</name>
         <value>0x7934</value>
         <object_component_ref idref="oc-2fd"/>
      </symbol>
      <symbol id="sm-9f0">
         <name>remove_device</name>
         <value>0x76a8</value>
         <object_component_ref idref="oc-2fd"/>
      </symbol>
      <symbol id="sm-9f1">
         <name>lseek</name>
         <value>0x7858</value>
         <object_component_ref idref="oc-2fd"/>
      </symbol>
      <symbol id="sm-9f2">
         <name>read</name>
         <value>0x76f4</value>
         <object_component_ref idref="oc-2fd"/>
      </symbol>
      <symbol id="sm-9f3">
         <name>rename</name>
         <value>0x763c</value>
         <object_component_ref idref="oc-2fd"/>
      </symbol>
      <symbol id="sm-9f4">
         <name>write</name>
         <value>0x7500</value>
         <object_component_ref idref="oc-2fd"/>
      </symbol>
      <symbol id="sm-9f5">
         <name>close</name>
         <value>0x78a0</value>
         <object_component_ref idref="oc-2fd"/>
      </symbol>
      <symbol id="sm-9f6">
         <name>unlink</name>
         <value>0x75fc</value>
         <object_component_ref idref="oc-2fd"/>
      </symbol>
      <symbol id="sm-a04">
         <name>ltoa</name>
         <value>0xb3dc</value>
         <object_component_ref idref="oc-327"/>
      </symbol>
      <symbol id="sm-a13">
         <name>memccpy</name>
         <value>0xb7a0</value>
         <object_component_ref idref="oc-34f"/>
      </symbol>
      <symbol id="sm-a22">
         <name>memchr</name>
         <value>0xb7cc</value>
         <object_component_ref idref="oc-30b"/>
      </symbol>
      <symbol id="sm-a3a">
         <name>frexpl</name>
         <value>0xb45c</value>
         <object_component_ref idref="oc-337"/>
      </symbol>
      <symbol id="sm-a3b">
         <name>frexp</name>
         <value>0xb45c</value>
         <object_component_ref idref="oc-337"/>
      </symbol>
      <symbol id="sm-a59">
         <name>scalbn</name>
         <value>0xa2cc</value>
         <object_component_ref idref="oc-33d"/>
      </symbol>
      <symbol id="sm-a5a">
         <name>scalbnl</name>
         <value>0xa2cc</value>
         <object_component_ref idref="oc-33d"/>
      </symbol>
      <symbol id="sm-a5b">
         <name>ldexpl</name>
         <value>0xa2cc</value>
         <object_component_ref idref="oc-33d"/>
      </symbol>
      <symbol id="sm-a5c">
         <name>ldexp</name>
         <value>0xa2cc</value>
         <object_component_ref idref="oc-33d"/>
      </symbol>
      <symbol id="sm-a6a">
         <name>strchr</name>
         <value>0xb7f8</value>
         <object_component_ref idref="oc-343"/>
      </symbol>
      <symbol id="sm-a78">
         <name>strcmp</name>
         <value>0xb820</value>
         <object_component_ref idref="oc-3b6"/>
      </symbol>
      <symbol id="sm-a86">
         <name>strlen</name>
         <value>0xb86c</value>
         <object_component_ref idref="oc-305"/>
      </symbol>
      <symbol id="sm-a95">
         <name>strncpy</name>
         <value>0xb630</value>
         <object_component_ref idref="oc-3bc"/>
      </symbol>
      <symbol id="sm-abd">
         <name>HOSTgetenv</name>
         <value>0x7e68</value>
         <object_component_ref idref="oc-447"/>
      </symbol>
      <symbol id="sm-abe">
         <name>HOSTrename</name>
         <value>0x7c20</value>
         <object_component_ref idref="oc-447"/>
      </symbol>
      <symbol id="sm-abf">
         <name>HOSTclose</name>
         <value>0x7ed0</value>
         <object_component_ref idref="oc-447"/>
      </symbol>
      <symbol id="sm-ac0">
         <name>HOSTtime64</name>
         <value>0x7b44</value>
         <object_component_ref idref="oc-447"/>
      </symbol>
      <symbol id="sm-ac1">
         <name>HOSTunlink</name>
         <value>0x7ae0</value>
         <object_component_ref idref="oc-447"/>
      </symbol>
      <symbol id="sm-ac2">
         <name>HOSTlseek</name>
         <value>0x7dc8</value>
         <object_component_ref idref="oc-447"/>
      </symbol>
      <symbol id="sm-ac3">
         <name>HOSTopen</name>
         <value>0x7d3c</value>
         <object_component_ref idref="oc-447"/>
      </symbol>
      <symbol id="sm-ac4">
         <name>HOSTclock</name>
         <value>0x7f40</value>
         <object_component_ref idref="oc-447"/>
      </symbol>
      <symbol id="sm-ac5">
         <name>HOSTwrite</name>
         <value>0x7a5c</value>
         <object_component_ref idref="oc-447"/>
      </symbol>
      <symbol id="sm-ac6">
         <name>HOSTread</name>
         <value>0x7cb8</value>
         <object_component_ref idref="oc-447"/>
      </symbol>
      <symbol id="sm-ac7">
         <name>HOSTtime</name>
         <value>0x7bc0</value>
         <object_component_ref idref="oc-447"/>
      </symbol>
      <symbol id="sm-ae1">
         <name>__TI_readmsg</name>
         <value>0xb0e0</value>
         <object_component_ref idref="oc-482"/>
      </symbol>
      <symbol id="sm-ae2">
         <name>C$$IO$$</name>
         <value>0xb0d8</value>
         <object_component_ref idref="oc-482"/>
      </symbol>
      <symbol id="sm-ae3">
         <name>__CIOBUF_</name>
         <value>0x8001d00</value>
         <object_component_ref idref="oc-4a1"/>
      </symbol>
      <symbol id="sm-ae4">
         <name>__TI_writemsg</name>
         <value>0xb090</value>
         <object_component_ref idref="oc-482"/>
      </symbol>
      <symbol id="sm-b00">
         <name>__aeabi_uldivmod</name>
         <value>0x88bc</value>
         <object_component_ref idref="oc-313"/>
      </symbol>
      <symbol id="sm-b1c">
         <name>__TI_wrt_ok</name>
         <value>0xa658</value>
         <object_component_ref idref="oc-2f1"/>
      </symbol>
      <symbol id="sm-b1d">
         <name>__TI_rd_ok</name>
         <value>0xa6f8</value>
         <object_component_ref idref="oc-2f1"/>
      </symbol>
      <symbol id="sm-b25">
         <name>errno</name>
         <value>0x8002108</value>
         <object_component_ref idref="oc-3ef"/>
      </symbol>
      <symbol id="sm-b3f">
         <name>__TI_doflush</name>
         <value>0xa400</value>
         <object_component_ref idref="oc-2f7"/>
      </symbol>
      <symbol id="sm-b40">
         <name>fflush</name>
         <value>0xa484</value>
         <object_component_ref idref="oc-2f7"/>
      </symbol>
      <symbol id="sm-b52">
         <name>fseek</name>
         <value>0xaf44</value>
         <object_component_ref idref="oc-3a3"/>
      </symbol>
      <symbol id="sm-b5e">
         <name>__aeabi_idivmod</name>
         <value>0xb58c</value>
         <object_component_ref idref="oc-3d9"/>
      </symbol>
      <symbol id="sm-b5f">
         <name>__aeabi_idiv</name>
         <value>0xb58c</value>
         <object_component_ref idref="oc-3d9"/>
      </symbol>
      <symbol id="sm-b69">
         <name>copysign</name>
         <value>0xb928</value>
         <object_component_ref idref="oc-3e9"/>
      </symbol>
      <symbol id="sm-b6a">
         <name>copysignl</name>
         <value>0xb928</value>
         <object_component_ref idref="oc-3e9"/>
      </symbol>
      <symbol id="sm-b84">
         <name>setvbuf</name>
         <value>0xa024</value>
         <object_component_ref idref="oc-3a9"/>
      </symbol>
      <symbol id="sm-b92">
         <name>strcpy</name>
         <value>0xb8a8</value>
         <object_component_ref idref="oc-488"/>
      </symbol>
      <symbol id="sm-bc5">
         <name>__TI_cleanup</name>
         <value>0x8458</value>
         <object_component_ref idref="oc-430"/>
      </symbol>
      <symbol id="sm-bc6">
         <name>freopen</name>
         <value>0x84a4</value>
         <object_component_ref idref="oc-430"/>
      </symbol>
      <symbol id="sm-bc7">
         <name>fopen</name>
         <value>0x84f0</value>
         <object_component_ref idref="oc-430"/>
      </symbol>
      <symbol id="sm-c27">
         <name>_sys_memory</name>
         <value>0x8001500</value>
         <object_component_ref idref="oc-47"/>
      </symbol>
      <symbol id="sm-c28">
         <name>free</name>
         <value>0x6aa4</value>
         <object_component_ref idref="oc-42a"/>
      </symbol>
      <symbol id="sm-c29">
         <name>realloc</name>
         <value>0x6bfc</value>
         <object_component_ref idref="oc-42a"/>
      </symbol>
      <symbol id="sm-c2a">
         <name>memalign</name>
         <value>0x6d90</value>
         <object_component_ref idref="oc-42a"/>
      </symbol>
      <symbol id="sm-c2b">
         <name>calloc</name>
         <value>0x6ed4</value>
         <object_component_ref idref="oc-42a"/>
      </symbol>
      <symbol id="sm-c2c">
         <name>malloc</name>
         <value>0x69e4</value>
         <object_component_ref idref="oc-42a"/>
      </symbol>
      <symbol id="sm-c2d">
         <name>minit</name>
         <value>0x68f0</value>
         <object_component_ref idref="oc-42a"/>
      </symbol>
      <symbol id="sm-c43">
         <name>__TI_closefile</name>
         <value>0xa87c</value>
         <object_component_ref idref="oc-473"/>
      </symbol>
      <symbol id="sm-c44">
         <name>fclose</name>
         <value>0xa928</value>
         <object_component_ref idref="oc-473"/>
      </symbol>
      <symbol id="sm-c7a">
         <name>_Fapi_EnableSectors</name>
         <value>0xb679</value>
         <object_component_ref idref="oc-243"/>
      </symbol>
      <symbol id="sm-c7b">
         <name>Fapi_enableEepromBankSectors</name>
         <value>0xb35d</value>
         <object_component_ref idref="oc-11c"/>
      </symbol>
      <symbol id="sm-c9e">
         <name>Fapi_initializeFlashBanks</name>
         <value>0x8ddd</value>
         <object_component_ref idref="oc-10a"/>
      </symbol>
      <symbol id="sm-cad">
         <name>_Fapi_issueFsmCommand</name>
         <value>0xb6bd</value>
         <object_component_ref idref="oc-24b"/>
      </symbol>
      <symbol id="sm-cca">
         <name>_scaleMainFclk</name>
         <value>0xb909</value>
         <object_component_ref idref="oc-20b"/>
      </symbol>
      <symbol id="sm-ccb">
         <name>_scaleEEFclk</name>
         <value>0xb8f9</value>
         <object_component_ref idref="oc-211"/>
      </symbol>
      <symbol id="sm-ce5">
         <name>Fapi_setActiveFlashBank</name>
         <value>0x9d31</value>
         <object_component_ref idref="oc-116"/>
      </symbol>
      <symbol id="sm-d08">
         <name>Fapi_issueProgrammingCommand</name>
         <value>0x9ead</value>
         <object_component_ref idref="oc-122"/>
      </symbol>
      <symbol id="sm-d1a">
         <name>Fapi_calculateEcc</name>
         <value>0xb8c1</value>
         <object_component_ref idref="oc-251"/>
      </symbol>
      <symbol id="sm-d29">
         <name>Fapi_calculateFletcherChecksum</name>
         <value>0xb735</value>
         <object_component_ref idref="oc-1ff"/>
      </symbol>
      <symbol id="sm-d39">
         <name>Fapi_getNumberOfBankSectors</name>
         <value>0xb8e9</value>
         <object_component_ref idref="oc-23d"/>
      </symbol>
      <symbol id="sm-d3c">
         <name>__TI_static_base__</name>
         <value>0x0</value>
      </symbol>
      <symbol id="sm-d3f">
         <name>SHT$$INIT_ARRAY$$Base</name>
         <value>0x0</value>
      </symbol>
      <symbol id="sm-d40">
         <name>SHT$$INIT_ARRAY$$Limit</name>
         <value>0x0</value>
      </symbol>
      <symbol id="sm-d41">
         <name>remove</name>
         <value>0x75fc</value>
      </symbol>
   </symbol_table>
   <title>Link successful</title>
</link_info>
