******************************************************************************
                  TI ARM Linker PC v5.2.9                      
******************************************************************************
>> Linked Thu Jun 01 11:05:03 2017

OUTPUT FILE NAME:   <sdcard.out>
ENTRY POINT SYMBOL: "_c_int00"  address: 00008f4c


MEMORY CONFIGURATION

         name            origin    length      used     unused   attr    fill
----------------------  --------  ---------  --------  --------  ----  --------
  VECTORS               00000000   00000020  00000020  00000000     X
  FLASH0                00000020   0005ffe0  0000bf34  000540ac  R  X
  STACKS                08000000   00001500  00000000  00001500  RW  
  RAM                   08001500   00006b00  00000d45  00005dbb  RW  


SEGMENT ALLOCATION MAP

run origin  load origin   length   init length attrs members
----------  ----------- ---------- ----------- ----- -------
00000000    00000000    0000bf58   0000bf58    r-x
  00000000    00000000    00000020   00000020    r-x .intvecs
  00000020    00000020    0000b818   0000b818    r-x .text
  0000b838    0000b838    00000644   00000644    r-- .const
  0000be80    0000be80    000000d8   000000d8    r-- .cinit
08001500    08001500    00000d48   00000000    rw-
  08001500    08001500    00000800   00000000    rw- .sysmem
  08001d00    08001d00    00000335   00000000    rw- .data
  08002038    08002038    00000210   00000000    rw- .bss


SECTION ALLOCATION MAP

 output                                  attributes/
section   page    origin      length       input sections
--------  ----  ----------  ----------   ----------------
.intvecs   0    00000000    00000020     
                  00000000    00000020     sys_intvecs.obj (.intvecs)

.text      0    00000020    0000b818     
                  00000020    000024f0     sys_selftest.obj (.text)
                  00002510    00001a7c     rtsv7R4_A_be_eabi.lib : _printfi.obj (.text)
                  00003f8c    00000adc     spi.obj (.text)
                  00004a68    00000a64     system.obj (.text)
                  000054cc    0000090c     het.obj (.text)
                  00005dd8    00000898     sys_vim.obj (.text)
                  00006670    0000063c     rtsv7R4_A_be_eabi.lib : memory.obj (.text)
                  00006cac    000005e8     esm.obj (.text)
                  00007294    00000548     rtsv7R4_A_be_eabi.lib : lowlev.obj (.text)
                  000077dc    000004cc                           : trgdrv.obj (.text)
                  00007ca8    0000036c     gio.obj (.text)
                  00008014    000002d4     rtsv7R4_A_be_eabi.lib : fopen.obj (.text)
                  000082e8    000002d0     sys_core.obj (.text)
                  000085b8    000002b8     rtsv7R4_A_be_eabi.lib : ull_div32.obj (.text)
                  00008870    00000268     sys_vim.obj (.text:retain)
                  00008ad8    00000260     F021_API_CortexR4_BE.lib : FlashStateMachine.InitializeFlashBanks.obj (.text:Fapi_initializeFlashBanks)
                  00008d38    00000214     rtsv7R4_A_be_eabi.lib : fd_add32.obj (.text)
                  00008f4c    00000208     sys_startup.obj (.text:retain)
                  00009154    000001d4     rtsv7R4_A_be_eabi.lib : fputs.obj (.text)
                  00009328    000001a0                           : xdscale.obj (.text)
                  000094c8    000001a0     sys_main.obj (.text)
                  00009668    00000190     rtsv7R4_A_be_eabi.lib : fd_div32.obj (.text)
                  000097f8    00000180                           : memcpy32.obj (.text)
                  00009978    0000017c     F021_API_CortexR4_BE.lib : FlashStateMachine.SetActiveBank.obj (.text:Fapi_setActiveFlashBank)
                  00009af4    00000178                              : Program.obj (.text:Fapi_issueProgrammingCommand)
                  00009c6c    00000160     rtsv7R4_A_be_eabi.lib : xdnorm.obj (.text)
                  00009dcc    00000158                           : setvbuf.obj (.text)
                  00009f24    00000154     pinmux.obj (.text)
                  0000a078    00000130     rtsv7R4_A_be_eabi.lib : fflush.obj (.text)
                  0000a1a8    00000128                           : fd_mul32.obj (.text)
                  0000a2d0    00000118                           : _io_perm.obj (.text)
                  0000a3e8    0000010c                           : fputc.obj (.text)
                  0000a4f4    000000fc                           : fclose.obj (.text)
                  0000a5f0    000000ec     esm.obj (.text:retain)
                  0000a6dc    000000e8     dabort.obj (.text)
                  0000a7c4    000000e0     rtsv7R4_A_be_eabi.lib : fd_cmp32.obj (.text:__aeabi_cdcmple)
                  0000a8a4    000000e0                           : fd_cmp32.obj (.text:__aeabi_cdrcmple)
                  0000a984    000000e0     sys_pmu.obj (.text)
                  0000aa64    000000d0     notification.obj (.text)
                  0000ab34    000000b4     rtsv7R4_A_be_eabi.lib : xdunscal.obj (.text)
                  0000abe8    000000b0                           : memset32.obj (.text)
                  0000ac98    000000a8                           : fseek.obj (.text)
                  0000ad40    000000a4                           : autoinit.obj (.text)
                  0000ade4    000000a4                           : printf.obj (.text)
                  0000ae88    000000a4                           : trgmsg.obj (.text)
                  0000af2c    0000009c                           : copy_decompress_rle.obj (.text)
                  0000afc8    00000084                           : atoi.obj (.text)
                  0000b04c    00000084                           : cpy_tbl.obj (.text)
                  0000b0d0    00000080                           : ltoa.obj (.text)
                  0000b150    00000078                           : exit.obj (.text)
                  0000b1c8    00000070     F021_API_CortexR4_BE.lib : FlashStateMachine.EnableMainSectors.obj (.text:Fapi_enableMainBankSectors)
                  0000b238    00000068     rtsv7R4_A_be_eabi.lib : ldexp.obj (.text)
                  0000b2a0    00000064                           : signal.obj (.text)
                  0000b304    0000005c                           : fd_toi32.obj (.text)
                  0000b360    00000058                           : fd_tou32.obj (.text)
                  0000b3b8    00000058                           : feraiseexcept.obj (.text)
                  0000b410    00000054                           : i_div32.obj (.text)
                  0000b464    00000050                           : u_div32.obj (.text)
                  0000b4b4    0000004c                           : raise.obj (.text)
                  0000b500    00000048                           : strncpy.obj (.text)
                  0000b548    00000044                           : xferaise.obj (.text)
                  0000b58c    0000003c     F021_API_CortexR4_BE.lib : FlashStateMachine.IssueFsmCommand.obj (.text:_Fapi_issueFsmCommand)
                  0000b5c8    0000003c     rtsv7R4_A_be_eabi.lib : i_tofd32.obj (.text)
                  0000b604    00000036     F021_API_CortexR4_BE.lib : Utilities.CalculateFletcher.obj (.text:Fapi_calculateFletcherChecksum)
                  0000b63a    00000002     --HOLE-- [fill = 0]
                  0000b63c    00000034     rtsv7R4_A_be_eabi.lib : u_tofd32.obj (.text)
                  0000b670    00000030                           : frexp.obj (.text)
                  0000b6a0    0000002c                           : memccpy.obj (.text)
                  0000b6cc    0000002c                           : memchr.obj (.text)
                  0000b6f8    00000028                           : strchr.obj (.text)
                  0000b720    00000028                           : strcmp.obj (.text)
                  0000b748    00000024                           : _lock.obj (.text)
                  0000b76c    00000020                           : strlen.obj (.text)
                  0000b78c    0000001c     F021_API_CortexR4_BE.lib : FlashStateMachine.InitializeFlashBanks.obj (.text:_Fapi_divideUnsignedLong)
                  0000b7a8    00000018     rtsv7R4_A_be_eabi.lib : strcpy.obj (.text)
                  0000b7c0    00000014     F021_API_CortexR4_BE.lib : Utilities.CalculateEcc.obj (.text:Fapi_calculateEcc)
                  0000b7d4    00000014     rtsv7R4_A_be_eabi.lib : copy_decompress_none.obj (.text:decompress:none)
                  0000b7e8    00000010     F021_API_CortexR4_BE.lib : Utilities.GetNumberOfSectors.obj (.text:Fapi_getNumberOfBankSectors)
                  0000b7f8    00000010                              : FlashStateMachine.ScaleFclk.obj (.text:_scaleEEFclk)
                  0000b808    00000010                              : FlashStateMachine.ScaleFclk.obj (.text:_scaleMainFclk)
                  0000b818    00000010     rtsv7R4_A_be_eabi.lib : copy_zero_init.obj (.text:decompress:ZI)
                  0000b828    00000008                           : copy_decompress_rle.obj (.text:decompress:rle24)
                  0000b830    00000004     sys_phantom.obj (.text:retain)
                  0000b834    00000004     rtsv7R4_A_be_eabi.lib : i_div0.obj (.text)

.const     0    0000b838    00000644     
                  0000b838    000003a0     het.obj (.const:het1PROGRAM)
                  0000bbd8    00000180     sys_vim.obj (.const:s_vim_init)
                  0000bd58    00000101     rtsv7R4_A_be_eabi.lib : ctype.obj (.const:.string:_ctypes_)
                  0000be59    00000003     --HOLE-- [fill = 0]
                  0000be5c    00000020     het.obj (.const)

.cinit     0    0000be80    000000d8     
                  0000be80    000000ad     (.cinit..data.load) [load image, compression = rle]
                  0000bf2d    00000003     --HOLE-- [fill = 0]
                  0000bf30    0000000c     (__TI_handler_table)
                  0000bf3c    00000004     --HOLE-- [fill = 0]
                  0000bf40    00000008     (.cinit..bss.load) [load image, compression = zero_init]
                  0000bf48    00000010     (__TI_cinit_table)

.sysmem    0    08001500    00000800     UNINITIALIZED
                  08001500    00000008     rtsv7R4_A_be_eabi.lib : memory.obj (.sysmem)
                  08001508    000007f8     --HOLE--

.data      0    08001d00    00000335     UNINITIALIZED
                  08001d00    000000f0     rtsv7R4_A_be_eabi.lib : defs.obj (.data:_ftable)
                  08001df0    000000d0                           : lowlev.obj (.data)
                  08001ec0    000000b0                           : signal.obj (.data:sigtable)
                  08001f70    00000080                           : xvalues.obj (.data)
                  08001ff0    00000010                           : defs.obj (.data)
                  08002000    0000000c                           : memory.obj (.data)
                  0800200c    00000008     F021_API_CortexR4_BE.lib : FlashStateMachine.ScaleFclk.obj (.data)
                  08002014    00000008     rtsv7R4_A_be_eabi.lib : _lock.obj (.data)
                  0800201c    00000008                           : exit.obj (.data)
                  08002024    00000008                           : feraiseexcept.obj (.data)
                  0800202c    00000004                           : errno.obj (.data)
                  08002030    00000004                           : fopen.obj (.data)
                  08002034    00000001     F021_API_CortexR4_BE.lib : FlashStateMachine.SetActiveBank.obj (.data)

.bss       0    08002038    00000210     UNINITIALIZED
                  08002038    00000120     rtsv7R4_A_be_eabi.lib : trgmsg.obj (.bss:__CIOBUF_)
                  08002158    000000a0                           : defs.obj (.bss:__TI_tmpnams)
                  080021f8    00000048     spi.obj (.bss:g_spiPacket_t)
                  08002240    00000008     (.common:parmbuf)

.TI.persistent 
*          0    08001d00    00000000     UNINITIALIZED

.TI.noinit 
*          0    08002038    00000000     UNINITIALIZED


LINKER GENERATED COPY TABLES

__TI_cinit_table @ 0000bf48 records: 2, size/record: 8, table size: 16
	.data: load addr=0000be80, load size=000000ad bytes, run addr=08001d00, run size=00000335 bytes, compression=rle
	.bss: load addr=0000bf40, load size=00000008 bytes, run addr=08002038, run size=00000210 bytes, compression=zero_init


LINKER GENERATED HANDLER TABLE

__TI_handler_table @ 0000bf30 records: 3, size/record: 4, table size: 12
	index: 0, handler: __TI_zero_init
	index: 1, handler: __TI_decompress_rle24
	index: 2, handler: __TI_decompress_none


GLOBAL SYMBOLS: SORTED ALPHABETICALLY BY Name 

address   name                                
-------   ----                                
0000b150  C$$EXIT                             
0000aed0  C$$IO$$                             
0000b7c1  Fapi_calculateEcc                   
0000b605  Fapi_calculateFletcherChecksum      
0000b1c9  Fapi_enableMainBankSectors          
0000b7e9  Fapi_getNumberOfBankSectors         
00008ad9  Fapi_initializeFlashBanks           
00009af5  Fapi_issueProgrammingCommand        
00009979  Fapi_setActiveFlashBank             
00007c3c  HOSTclock                           
00007bd4  HOSTclose                           
00007b6c  HOSTgetenv                          
00007acc  HOSTlseek                           
00007a40  HOSTopen                            
000079bc  HOSTread                            
00007924  HOSTrename                          
000078c4  HOSTtime                            
00007860  HOSTunlink                          
000077dc  HOSTwrite                           
UNDEFED   SHT$$INIT_ARRAY$$Base               
UNDEFED   SHT$$INIT_ARRAY$$Limit              
0000475c  SpiRxStatus                         
00004700  SpiTxStatus                         
08001f70  _Denorm                             
00009c6c  _Dnorm                              
00009328  _Dscale                             
0000ab34  _Dunscale                           
08001f80  _Eps                                
0800202c  _Errno                              
0000b58d  _Fapi_issueFsmCommand               
08002024  _Fenv                               
0000b548  _Feraise                            
08001f90  _Hugeval                            
08001fa0  _Inf                                
08001fb0  _Nan                                
08001fd0  _Rteps                              
08001fc0  _Snan                               
08002028  _Tls_setup__Fenv                    
08001fe0  _Xbig                               
08001fe8  _Zero                               
08002038  __CIOBUF_                           
00000800  __SYSMEM_SIZE                       
0000bf48  __TI_CINIT_Base                     
0000bf58  __TI_CINIT_Limit                    
0000bf30  __TI_Handler_Table_Base             
0000bf3c  __TI_Handler_Table_Limit            
000085b0  __TI_PINIT_Base                     
000085b4  __TI_PINIT_Limit                    
0000ad40  __TI_auto_init                      
00008154  __TI_cleanup                        
0800201c  __TI_cleanup_ptr                    
0000a4f4  __TI_closefile                      
0000b7d4  __TI_decompress_none                
0000b828  __TI_decompress_rle24               
0000a078  __TI_doflush                        
08002020  __TI_dtors_ptr                      
08001ff0  __TI_ft_end                         
00003a88  __TI_printfi                        
0000a370  __TI_rd_ok                          
0000aed8  __TI_readmsg                        
00000000  __TI_static_base__                  
08002158  __TI_tmpnams                        
0000ae88  __TI_writemsg                       
0000a2d0  __TI_wrt_ok                         
0000b818  __TI_zero_init                      
0000a7c4  __aeabi_cdcmpeq                     
0000a7c4  __aeabi_cdcmple                     
0000a8a4  __aeabi_cdrcmple                    
0000b304  __aeabi_d2iz                        
0000b360  __aeabi_d2uiz                       
00008d44  __aeabi_dadd                        
00009668  __aeabi_ddiv                        
0000a1a8  __aeabi_dmul                        
00008d38  __aeabi_dsub                        
0000b5c8  __aeabi_i2d                         
0000b410  __aeabi_idiv                        
0000b834  __aeabi_idiv0                       
0000b410  __aeabi_idivmod                     
0000abe8  __aeabi_memclr                      
0000abe8  __aeabi_memclr4                     
0000abe8  __aeabi_memclr8                     
000097f8  __aeabi_memcpy                      
000097f8  __aeabi_memcpy4                     
000097f8  __aeabi_memcpy8                     
0000abec  __aeabi_memset                      
0000abec  __aeabi_memset4                     
0000abec  __aeabi_memset8                     
08001ffc  __aeabi_stderr                      
08001ff4  __aeabi_stdin                       
08001ff8  __aeabi_stdout                      
0000b63c  __aeabi_ui2d                        
0000b464  __aeabi_uidiv                       
0000b464  __aeabi_uidivmod                    
000085b8  __aeabi_uldivmod                    
ffffffff  __binit__                           
ffffffff  __c_args__                          
00008f4c  _c_int00                            
000084d8  _coreClearAuxiliaryDataFault_       
000084ec  _coreClearAuxiliaryInstructionFault_
000084b0  _coreClearDataFaultAddress_         
00008488  _coreClearDataFault_                
000084c4  _coreClearInstructionFaultAddress_  
0000849c  _coreClearInstructionFault_         
0000841c  _coreDisableEventBusExport_         
00008460  _coreDisableFlashEcc_               
0000843c  _coreDisableRamEcc_                 
0000840c  _coreEnableEventBusExport_          
0000844c  _coreEnableFlashEcc_                
00008470  _coreEnableIrqVicOffset_            
0000842c  _coreEnableRamEcc_                  
000084d0  _coreGetAuxiliaryDataFault_         
000084e4  _coreGetAuxiliaryInstructionFault_  
000084a8  _coreGetDataFaultAddress_           
00008480  _coreGetDataFault_                  
000084bc  _coreGetInstructionFaultAddress_    
00008494  _coreGetInstructionFault_           
000082e8  _coreInitRegisters_                 
000083a0  _coreInitStackPointer_              
0000bd58  _ctypes_                            
0000a6dc  _dabort                             
00008500  _disable_FIQ_interrupt_             
00008508  _disable_IRQ_interrupt_             
000084f8  _disable_interrupt_                 
00008510  _enable_interrupt_                  
000085a0  _errata_CORTEXR4_66_                
00008518  _esmCcmErrorsClear_                 
08001d00  _ftable                             
000083ec  _getCPSRValue_                      
000083f4  _gotoCPUIdle_                       
08002014  _lock                               
0000b760  _nop                                
0000a9e0  _pmuDisableCountersGlobal_          
0000a9d0  _pmuEnableCountersGlobal_           
0000aa3c  _pmuGetCycleCount_                  
0000aa44  _pmuGetEventCount_                  
0000aa50  _pmuGetOverflow_                    
0000a984  _pmuInit_                           
0000aa10  _pmuResetCounters_                  
0000a9f0  _pmuResetCycleCounter_              
0000aa00  _pmuResetEventCounters_             
0000aa30  _pmuSetCountEvent_                  
0000aa20  _pmuStartCounters_                  
0000aa28  _pmuStopCounters_                   
0000b754  _register_lock                      
0000b748  _register_unlock                    
0000b7f9  _scaleEEFclk                        
0000b809  _scaleMainFclk                      
08001500  _sys_memory                         
08002018  _unlock                             
0000b158  abort                               
00001004  adc1ParityCheck                     
000076b4  add_device                          
0000afc8  atoi                                
ffffffff  binit                               
00006c54  calloc                              
000010bc  can1ParityCheck                     
00001198  can2ParityCheck                     
00005aec  capGetSignal                        
00000030  ccmSelfCheck                        
00002034  ccmr4GetConfigValue                 
00000938  checkB0RAMECC                       
00000b28  checkB1RAMECC                       
00001604  checkClockMonitor                   
00000d18  checkFlashECC                       
000016d8  checkFlashEEPROMECC                 
00001880  checkPLL1Slip                       
0000199c  checkRAMAddrParity                  
000013bc  checkRAMECC                         
00001aa4  checkRAMUERRTest                    
000007bc  checkefcSelfTest                    
00007624  close                               
0000b04c  copy_in                             
00000234  cpuSelfTest                         
00000dfc  cpuSelfTestFail                     
00000df4  custom_dabort                       
00002424  disableParity                       
00005aac  edgeDisableNotification             
00005a70  edgeEnableNotification              
00005a44  edgeGetCounter                      
0000ab0c  edgeNotification                    
00005a18  edgeResetCounter                    
00000660  efcCheck                            
00001f98  efcGetConfigValue                   
00000794  efcSelfTest                         
000006e8  efcStuckZeroTest                    
000023d0  enableParity                        
000020b0  errata_PBIST_4                      
00006e38  esmActivateNormalOperation          
00006f1c  esmClearStatus                      
00006f68  esmClearStatusBuffer                
00006dfc  esmDisableError                     
00006e74  esmDisableInterrupt                 
00006dd0  esmEnableError                      
00006e48  esmEnableInterrupt                  
00007068  esmEnterSelfTest                    
00006db4  esmError                            
00007140  esmGetConfigValue                   
00006fa4  esmGetStatus                        
00007030  esmGetStatusBuffer                  
0000aa64  esmGroup1Notification               
0000aa74  esmGroup2Notification               
0000a5f0  esmHighInterrupt                    
00006cac  esmInit                             
000070f0  esmSelfTestStatus                   
00006f84  esmSetCounterPreloadValue           
00006ea0  esmSetInterruptLevel                
00006e28  esmTriggerErrorPinReset             
0000b164  exit                                
0000a5a0  fclose                              
0000b3b8  feraiseexcept                       
0000a0fc  fflush                              
00001c00  fmcBus1ParityCheck                  
0000085c  fmcBus2Check                        
00000898  fmcECCcheck                         
000081ec  fopen                               
0000a3e8  fputc                               
00009154  fputs                               
00006828  free                                
000081a0  freopen                             
0000b670  frexp                               
0000ac98  fseek                               
00007ea0  gioDisableNotification              
00007e64  gioEnableNotification               
00007dcc  gioGetBit                           
00007edc  gioGetConfigValue                   
00007df4  gioGetPort                          
00007ca8  gioInit                             
0000aabc  gioNotification                     
00007d5c  gioSetBit                           
00007d3c  gioSetDirection                     
00007dac  gioSetPort                          
00007e0c  gioToggleBit                        
00005c00  het1GetConfigValue                  
00000eac  het1ParityCheck                     
00005be8  hetGetTimestamp                     
000054cc  hetInit                             
0000ab20  hetNotification                     
00005bcc  hetResetTimestamp                   
00000f4c  htu1ParityCheck                     
0000b238  ldexp                               
000075e0  lseek                               
0000b0d0  ltoa                                
000094c8  main                                
0000676c  malloc                              
00004b94  mapClocks                           
00006b14  memalign                            
0000b6a0  memccpy                             
0000b6cc  memchr                              
000097f8  memcpy                              
00000174  memoryInit                          
0000aa84  memoryPort0TestFailNotification     
0000aaa0  memoryPort1TestFailNotification     
0000abf8  memset                              
00001260  mibspi1ParityCheck                  
00006670  minit                               
00009f24  muxInit                             
000074c8  open                                
00001d2c  pbistFail                           
00001db0  pbistGetConfigValue                 
000005a8  pbistIsTestCompleted                
000005d4  pbistIsTestPassed                   
00000608  pbistPortTestStatus                 
000004ac  pbistRun                            
000002cc  pbistSelfCheck                      
00000578  pbistStop                           
00004b40  periphInit                          
0000b830  phantomInterrupt                    
00009fac  pinmuxGetConfigValue                
0000adec  printf                              
0000a3e8  putc                                
0000a4e0  putchar                             
000092f0  puts                                
000059e8  pwmDisableNotification              
000059a0  pwmEnableNotification               
000058b8  pwmGetSignal                        
0000aaf4  pwmNotification                     
000055f4  pwmSetDuty                          
00005730  pwmSetSignal                        
0000558c  pwmStart                            
000055c0  pwmStop                             
0000b4b4  raise                               
00007484  read                                
00006980  realloc                             
0000738c  remove                              
00007438  remove_device                       
000073cc  rename                              
00000000  resetEntry                          
00000020  selftestFailNotification            
00004b00  setupFlash                          
00004a68  setupPLL                            
00009dcc  setvbuf                             
0000b2a0  signal                              
00004864  spi1GetConfigValue                  
000047ec  spiDisableLoopback                  
00004838  spiDisableNotification              
000047b8  spiEnableLoopback                   
00004808  spiEnableNotification               
0000aae4  spiEndNotification                  
000041f8  spiGetData                          
00003f8c  spiInit                             
0000aad0  spiNotification                     
000040dc  spiReceiveData                      
000045f0  spiSendAndGetData                   
000043ec  spiSendData                         
000040bc  spiSetFunctional                    
000044b4  spiTransmitAndReceiveData           
000042c0  spiTransmitData                     
000052e0  sramGetConfigValue                  
00001ef8  stcGetConfigValue                   
000001b8  stcSelfCheck                        
00000df8  stcSelfCheckFail                    
0000b6f8  strchr                              
0000b720  strcmp                              
0000b7a8  strcpy                              
0000b76c  strlen                              
0000b500  strncpy                             
00004d74  systemGetConfigValue                
00004c78  systemInit                          
00004d44  systemPowerDown                     
00005134  tcmflashGetConfigValue              
00004ab8  trimLPO                             
0000738c  unlink                              
00005eac  vimChannelMap                       
000060a8  vimDisableInterrupt                 
00005f50  vimEnableInterrupt                  
0000612c  vimGetConfigValue                   
00005dd8  vimInit                             
00000e00  vimParityCheck                      
00008870  vimParityErrorHandler               
00007294  write                               


GLOBAL SYMBOLS: SORTED BY Symbol Address 

address   name                                
-------   ----                                
00000000  __TI_static_base__                  
00000000  resetEntry                          
00000020  selftestFailNotification            
00000030  ccmSelfCheck                        
00000174  memoryInit                          
000001b8  stcSelfCheck                        
00000234  cpuSelfTest                         
000002cc  pbistSelfCheck                      
000004ac  pbistRun                            
00000578  pbistStop                           
000005a8  pbistIsTestCompleted                
000005d4  pbistIsTestPassed                   
00000608  pbistPortTestStatus                 
00000660  efcCheck                            
000006e8  efcStuckZeroTest                    
00000794  efcSelfTest                         
000007bc  checkefcSelfTest                    
00000800  __SYSMEM_SIZE                       
0000085c  fmcBus2Check                        
00000898  fmcECCcheck                         
00000938  checkB0RAMECC                       
00000b28  checkB1RAMECC                       
00000d18  checkFlashECC                       
00000df4  custom_dabort                       
00000df8  stcSelfCheckFail                    
00000dfc  cpuSelfTestFail                     
00000e00  vimParityCheck                      
00000eac  het1ParityCheck                     
00000f4c  htu1ParityCheck                     
00001004  adc1ParityCheck                     
000010bc  can1ParityCheck                     
00001198  can2ParityCheck                     
00001260  mibspi1ParityCheck                  
000013bc  checkRAMECC                         
00001604  checkClockMonitor                   
000016d8  checkFlashEEPROMECC                 
00001880  checkPLL1Slip                       
0000199c  checkRAMAddrParity                  
00001aa4  checkRAMUERRTest                    
00001c00  fmcBus1ParityCheck                  
00001d2c  pbistFail                           
00001db0  pbistGetConfigValue                 
00001ef8  stcGetConfigValue                   
00001f98  efcGetConfigValue                   
00002034  ccmr4GetConfigValue                 
000020b0  errata_PBIST_4                      
000023d0  enableParity                        
00002424  disableParity                       
00003a88  __TI_printfi                        
00003f8c  spiInit                             
000040bc  spiSetFunctional                    
000040dc  spiReceiveData                      
000041f8  spiGetData                          
000042c0  spiTransmitData                     
000043ec  spiSendData                         
000044b4  spiTransmitAndReceiveData           
000045f0  spiSendAndGetData                   
00004700  SpiTxStatus                         
0000475c  SpiRxStatus                         
000047b8  spiEnableLoopback                   
000047ec  spiDisableLoopback                  
00004808  spiEnableNotification               
00004838  spiDisableNotification              
00004864  spi1GetConfigValue                  
00004a68  setupPLL                            
00004ab8  trimLPO                             
00004b00  setupFlash                          
00004b40  periphInit                          
00004b94  mapClocks                           
00004c78  systemInit                          
00004d44  systemPowerDown                     
00004d74  systemGetConfigValue                
00005134  tcmflashGetConfigValue              
000052e0  sramGetConfigValue                  
000054cc  hetInit                             
0000558c  pwmStart                            
000055c0  pwmStop                             
000055f4  pwmSetDuty                          
00005730  pwmSetSignal                        
000058b8  pwmGetSignal                        
000059a0  pwmEnableNotification               
000059e8  pwmDisableNotification              
00005a18  edgeResetCounter                    
00005a44  edgeGetCounter                      
00005a70  edgeEnableNotification              
00005aac  edgeDisableNotification             
00005aec  capGetSignal                        
00005bcc  hetResetTimestamp                   
00005be8  hetGetTimestamp                     
00005c00  het1GetConfigValue                  
00005dd8  vimInit                             
00005eac  vimChannelMap                       
00005f50  vimEnableInterrupt                  
000060a8  vimDisableInterrupt                 
0000612c  vimGetConfigValue                   
00006670  minit                               
0000676c  malloc                              
00006828  free                                
00006980  realloc                             
00006b14  memalign                            
00006c54  calloc                              
00006cac  esmInit                             
00006db4  esmError                            
00006dd0  esmEnableError                      
00006dfc  esmDisableError                     
00006e28  esmTriggerErrorPinReset             
00006e38  esmActivateNormalOperation          
00006e48  esmEnableInterrupt                  
00006e74  esmDisableInterrupt                 
00006ea0  esmSetInterruptLevel                
00006f1c  esmClearStatus                      
00006f68  esmClearStatusBuffer                
00006f84  esmSetCounterPreloadValue           
00006fa4  esmGetStatus                        
00007030  esmGetStatusBuffer                  
00007068  esmEnterSelfTest                    
000070f0  esmSelfTestStatus                   
00007140  esmGetConfigValue                   
00007294  write                               
0000738c  remove                              
0000738c  unlink                              
000073cc  rename                              
00007438  remove_device                       
00007484  read                                
000074c8  open                                
000075e0  lseek                               
00007624  close                               
000076b4  add_device                          
000077dc  HOSTwrite                           
00007860  HOSTunlink                          
000078c4  HOSTtime                            
00007924  HOSTrename                          
000079bc  HOSTread                            
00007a40  HOSTopen                            
00007acc  HOSTlseek                           
00007b6c  HOSTgetenv                          
00007bd4  HOSTclose                           
00007c3c  HOSTclock                           
00007ca8  gioInit                             
00007d3c  gioSetDirection                     
00007d5c  gioSetBit                           
00007dac  gioSetPort                          
00007dcc  gioGetBit                           
00007df4  gioGetPort                          
00007e0c  gioToggleBit                        
00007e64  gioEnableNotification               
00007ea0  gioDisableNotification              
00007edc  gioGetConfigValue                   
00008154  __TI_cleanup                        
000081a0  freopen                             
000081ec  fopen                               
000082e8  _coreInitRegisters_                 
000083a0  _coreInitStackPointer_              
000083ec  _getCPSRValue_                      
000083f4  _gotoCPUIdle_                       
0000840c  _coreEnableEventBusExport_          
0000841c  _coreDisableEventBusExport_         
0000842c  _coreEnableRamEcc_                  
0000843c  _coreDisableRamEcc_                 
0000844c  _coreEnableFlashEcc_                
00008460  _coreDisableFlashEcc_               
00008470  _coreEnableIrqVicOffset_            
00008480  _coreGetDataFault_                  
00008488  _coreClearDataFault_                
00008494  _coreGetInstructionFault_           
0000849c  _coreClearInstructionFault_         
000084a8  _coreGetDataFaultAddress_           
000084b0  _coreClearDataFaultAddress_         
000084bc  _coreGetInstructionFaultAddress_    
000084c4  _coreClearInstructionFaultAddress_  
000084d0  _coreGetAuxiliaryDataFault_         
000084d8  _coreClearAuxiliaryDataFault_       
000084e4  _coreGetAuxiliaryInstructionFault_  
000084ec  _coreClearAuxiliaryInstructionFault_
000084f8  _disable_interrupt_                 
00008500  _disable_FIQ_interrupt_             
00008508  _disable_IRQ_interrupt_             
00008510  _enable_interrupt_                  
00008518  _esmCcmErrorsClear_                 
000085a0  _errata_CORTEXR4_66_                
000085b0  __TI_PINIT_Base                     
000085b4  __TI_PINIT_Limit                    
000085b8  __aeabi_uldivmod                    
00008870  vimParityErrorHandler               
00008ad9  Fapi_initializeFlashBanks           
00008d38  __aeabi_dsub                        
00008d44  __aeabi_dadd                        
00008f4c  _c_int00                            
00009154  fputs                               
000092f0  puts                                
00009328  _Dscale                             
000094c8  main                                
00009668  __aeabi_ddiv                        
000097f8  __aeabi_memcpy                      
000097f8  __aeabi_memcpy4                     
000097f8  __aeabi_memcpy8                     
000097f8  memcpy                              
00009979  Fapi_setActiveFlashBank             
00009af5  Fapi_issueProgrammingCommand        
00009c6c  _Dnorm                              
00009dcc  setvbuf                             
00009f24  muxInit                             
00009fac  pinmuxGetConfigValue                
0000a078  __TI_doflush                        
0000a0fc  fflush                              
0000a1a8  __aeabi_dmul                        
0000a2d0  __TI_wrt_ok                         
0000a370  __TI_rd_ok                          
0000a3e8  fputc                               
0000a3e8  putc                                
0000a4e0  putchar                             
0000a4f4  __TI_closefile                      
0000a5a0  fclose                              
0000a5f0  esmHighInterrupt                    
0000a6dc  _dabort                             
0000a7c4  __aeabi_cdcmpeq                     
0000a7c4  __aeabi_cdcmple                     
0000a8a4  __aeabi_cdrcmple                    
0000a984  _pmuInit_                           
0000a9d0  _pmuEnableCountersGlobal_           
0000a9e0  _pmuDisableCountersGlobal_          
0000a9f0  _pmuResetCycleCounter_              
0000aa00  _pmuResetEventCounters_             
0000aa10  _pmuResetCounters_                  
0000aa20  _pmuStartCounters_                  
0000aa28  _pmuStopCounters_                   
0000aa30  _pmuSetCountEvent_                  
0000aa3c  _pmuGetCycleCount_                  
0000aa44  _pmuGetEventCount_                  
0000aa50  _pmuGetOverflow_                    
0000aa64  esmGroup1Notification               
0000aa74  esmGroup2Notification               
0000aa84  memoryPort0TestFailNotification     
0000aaa0  memoryPort1TestFailNotification     
0000aabc  gioNotification                     
0000aad0  spiNotification                     
0000aae4  spiEndNotification                  
0000aaf4  pwmNotification                     
0000ab0c  edgeNotification                    
0000ab20  hetNotification                     
0000ab34  _Dunscale                           
0000abe8  __aeabi_memclr                      
0000abe8  __aeabi_memclr4                     
0000abe8  __aeabi_memclr8                     
0000abec  __aeabi_memset                      
0000abec  __aeabi_memset4                     
0000abec  __aeabi_memset8                     
0000abf8  memset                              
0000ac98  fseek                               
0000ad40  __TI_auto_init                      
0000adec  printf                              
0000ae88  __TI_writemsg                       
0000aed0  C$$IO$$                             
0000aed8  __TI_readmsg                        
0000afc8  atoi                                
0000b04c  copy_in                             
0000b0d0  ltoa                                
0000b150  C$$EXIT                             
0000b158  abort                               
0000b164  exit                                
0000b1c9  Fapi_enableMainBankSectors          
0000b238  ldexp                               
0000b2a0  signal                              
0000b304  __aeabi_d2iz                        
0000b360  __aeabi_d2uiz                       
0000b3b8  feraiseexcept                       
0000b410  __aeabi_idiv                        
0000b410  __aeabi_idivmod                     
0000b464  __aeabi_uidiv                       
0000b464  __aeabi_uidivmod                    
0000b4b4  raise                               
0000b500  strncpy                             
0000b548  _Feraise                            
0000b58d  _Fapi_issueFsmCommand               
0000b5c8  __aeabi_i2d                         
0000b605  Fapi_calculateFletcherChecksum      
0000b63c  __aeabi_ui2d                        
0000b670  frexp                               
0000b6a0  memccpy                             
0000b6cc  memchr                              
0000b6f8  strchr                              
0000b720  strcmp                              
0000b748  _register_unlock                    
0000b754  _register_lock                      
0000b760  _nop                                
0000b76c  strlen                              
0000b7a8  strcpy                              
0000b7c1  Fapi_calculateEcc                   
0000b7d4  __TI_decompress_none                
0000b7e9  Fapi_getNumberOfBankSectors         
0000b7f9  _scaleEEFclk                        
0000b809  _scaleMainFclk                      
0000b818  __TI_zero_init                      
0000b828  __TI_decompress_rle24               
0000b830  phantomInterrupt                    
0000b834  __aeabi_idiv0                       
0000bd58  _ctypes_                            
0000bf30  __TI_Handler_Table_Base             
0000bf3c  __TI_Handler_Table_Limit            
0000bf48  __TI_CINIT_Base                     
0000bf58  __TI_CINIT_Limit                    
08001500  _sys_memory                         
08001d00  _ftable                             
08001f70  _Denorm                             
08001f80  _Eps                                
08001f90  _Hugeval                            
08001fa0  _Inf                                
08001fb0  _Nan                                
08001fc0  _Snan                               
08001fd0  _Rteps                              
08001fe0  _Xbig                               
08001fe8  _Zero                               
08001ff0  __TI_ft_end                         
08001ff4  __aeabi_stdin                       
08001ff8  __aeabi_stdout                      
08001ffc  __aeabi_stderr                      
08002014  _lock                               
08002018  _unlock                             
0800201c  __TI_cleanup_ptr                    
08002020  __TI_dtors_ptr                      
08002024  _Fenv                               
08002028  _Tls_setup__Fenv                    
0800202c  _Errno                              
08002038  __CIOBUF_                           
08002158  __TI_tmpnams                        
ffffffff  __binit__                           
ffffffff  __c_args__                          
ffffffff  binit                               
UNDEFED   SHT$$INIT_ARRAY$$Base               
UNDEFED   SHT$$INIT_ARRAY$$Limit              

[330 symbols]
