<?xml version="1.0"?>
<link_info>
   <banner>TI ARM Linker PC v5.2.9</banner>
   <copyright>Copyright (c) 1996-2017 Texas Instruments Incorporated</copyright>
   <link_time>0x59301f0f</link_time>
   <link_errors>0x0</link_errors>
   <output_file>sdcard.out</output_file>
   <entry_point>
      <name>_c_int00</name>
      <address>0x8f4c</address>
   </entry_point>
   <input_file_list>
      <input_file id="fl-2">
         <path>.\source\</path>
         <kind>object</kind>
         <file>Device_TMS570LS04.obj</file>
         <name>Device_TMS570LS04.obj</name>
      </input_file>
      <input_file id="fl-3">
         <path>.\source\</path>
         <kind>object</kind>
         <file>Fapi_UserDefinedFunctions.obj</file>
         <name>Fapi_UserDefinedFunctions.obj</name>
      </input_file>
      <input_file id="fl-4">
         <path>.\source\</path>
         <kind>object</kind>
         <file>dabort.obj</file>
         <name>dabort.obj</name>
      </input_file>
      <input_file id="fl-5">
         <path>.\source\</path>
         <kind>object</kind>
         <file>esm.obj</file>
         <name>esm.obj</name>
      </input_file>
      <input_file id="fl-6">
         <path>.\source\</path>
         <kind>object</kind>
         <file>gio.obj</file>
         <name>gio.obj</name>
      </input_file>
      <input_file id="fl-7">
         <path>.\source\</path>
         <kind>object</kind>
         <file>het.obj</file>
         <name>het.obj</name>
      </input_file>
      <input_file id="fl-8">
         <path>.\source\</path>
         <kind>object</kind>
         <file>logutils.obj</file>
         <name>logutils.obj</name>
      </input_file>
      <input_file id="fl-9">
         <path>.\source\</path>
         <kind>object</kind>
         <file>notification.obj</file>
         <name>notification.obj</name>
      </input_file>
      <input_file id="fl-a">
         <path>.\source\</path>
         <kind>object</kind>
         <file>pinmux.obj</file>
         <name>pinmux.obj</name>
      </input_file>
      <input_file id="fl-b">
         <path>.\source\</path>
         <kind>object</kind>
         <file>spi.obj</file>
         <name>spi.obj</name>
      </input_file>
      <input_file id="fl-c">
         <path>.\source\</path>
         <kind>object</kind>
         <file>sys_core.obj</file>
         <name>sys_core.obj</name>
      </input_file>
      <input_file id="fl-d">
         <path>.\source\</path>
         <kind>object</kind>
         <file>sys_intvecs.obj</file>
         <name>sys_intvecs.obj</name>
      </input_file>
      <input_file id="fl-e">
         <path>.\source\</path>
         <kind>object</kind>
         <file>sys_main.obj</file>
         <name>sys_main.obj</name>
      </input_file>
      <input_file id="fl-f">
         <path>.\source\</path>
         <kind>object</kind>
         <file>sys_mpu.obj</file>
         <name>sys_mpu.obj</name>
      </input_file>
      <input_file id="fl-10">
         <path>.\source\</path>
         <kind>object</kind>
         <file>sys_pcr.obj</file>
         <name>sys_pcr.obj</name>
      </input_file>
      <input_file id="fl-11">
         <path>.\source\</path>
         <kind>object</kind>
         <file>sys_phantom.obj</file>
         <name>sys_phantom.obj</name>
      </input_file>
      <input_file id="fl-12">
         <path>.\source\</path>
         <kind>object</kind>
         <file>sys_pmu.obj</file>
         <name>sys_pmu.obj</name>
      </input_file>
      <input_file id="fl-13">
         <path>.\source\</path>
         <kind>object</kind>
         <file>sys_selftest.obj</file>
         <name>sys_selftest.obj</name>
      </input_file>
      <input_file id="fl-14">
         <path>.\source\</path>
         <kind>object</kind>
         <file>sys_startup.obj</file>
         <name>sys_startup.obj</name>
      </input_file>
      <input_file id="fl-15">
         <path>.\source\</path>
         <kind>object</kind>
         <file>sys_vim.obj</file>
         <name>sys_vim.obj</name>
      </input_file>
      <input_file id="fl-16">
         <path>.\source\</path>
         <kind>object</kind>
         <file>system.obj</file>
         <name>system.obj</name>
      </input_file>
      <input_file id="fl-17">
         <path>.\source\</path>
         <kind>object</kind>
         <file>ti_fee_Info.obj</file>
         <name>ti_fee_Info.obj</name>
      </input_file>
      <input_file id="fl-18">
         <path>.\source\</path>
         <kind>object</kind>
         <file>ti_fee_cancel.obj</file>
         <name>ti_fee_cancel.obj</name>
      </input_file>
      <input_file id="fl-19">
         <path>.\source\</path>
         <kind>object</kind>
         <file>ti_fee_cfg.obj</file>
         <name>ti_fee_cfg.obj</name>
      </input_file>
      <input_file id="fl-1a">
         <path>.\source\</path>
         <kind>object</kind>
         <file>ti_fee_eraseimmediateblock.obj</file>
         <name>ti_fee_eraseimmediateblock.obj</name>
      </input_file>
      <input_file id="fl-1b">
         <path>.\source\</path>
         <kind>object</kind>
         <file>ti_fee_format.obj</file>
         <name>ti_fee_format.obj</name>
      </input_file>
      <input_file id="fl-1c">
         <path>.\source\</path>
         <kind>object</kind>
         <file>ti_fee_ini.obj</file>
         <name>ti_fee_ini.obj</name>
      </input_file>
      <input_file id="fl-1d">
         <path>.\source\</path>
         <kind>object</kind>
         <file>ti_fee_invalidateblock.obj</file>
         <name>ti_fee_invalidateblock.obj</name>
      </input_file>
      <input_file id="fl-1e">
         <path>.\source\</path>
         <kind>object</kind>
         <file>ti_fee_main.obj</file>
         <name>ti_fee_main.obj</name>
      </input_file>
      <input_file id="fl-1f">
         <path>.\source\</path>
         <kind>object</kind>
         <file>ti_fee_read.obj</file>
         <name>ti_fee_read.obj</name>
      </input_file>
      <input_file id="fl-20">
         <path>.\source\</path>
         <kind>object</kind>
         <file>ti_fee_readSync.obj</file>
         <name>ti_fee_readSync.obj</name>
      </input_file>
      <input_file id="fl-21">
         <path>.\source\</path>
         <kind>object</kind>
         <file>ti_fee_shutdown.obj</file>
         <name>ti_fee_shutdown.obj</name>
      </input_file>
      <input_file id="fl-22">
         <path>.\source\</path>
         <kind>object</kind>
         <file>ti_fee_util.obj</file>
         <name>ti_fee_util.obj</name>
      </input_file>
      <input_file id="fl-23">
         <path>.\source\</path>
         <kind>object</kind>
         <file>ti_fee_writeAsync.obj</file>
         <name>ti_fee_writeAsync.obj</name>
      </input_file>
      <input_file id="fl-24">
         <path>.\source\</path>
         <kind>object</kind>
         <file>ti_fee_writeSync.obj</file>
         <name>ti_fee_writeSync.obj</name>
      </input_file>
      <input_file id="fl-25">
         <path>.\source\</path>
         <kind>object</kind>
         <file>usdcard.obj</file>
         <name>usdcard.obj</name>
      </input_file>
      <input_file id="fl-26">
         <path>.\source\</path>
         <kind>object</kind>
         <file>usdcard_tests.obj</file>
         <name>usdcard_tests.obj</name>
      </input_file>
      <input_file id="fl-14d">
         <path>C:\ti\ccsv7\tools\compiler\ti-cgt-arm_5.2.9\lib\</path>
         <kind>archive</kind>
         <file>rtsv7R4_A_be_eabi.lib</file>
         <name>autoinit.obj</name>
      </input_file>
      <input_file id="fl-14e">
         <path>C:\ti\ccsv7\tools\compiler\ti-cgt-arm_5.2.9\lib\</path>
         <kind>archive</kind>
         <file>rtsv7R4_A_be_eabi.lib</file>
         <name>copy_decompress_none.obj</name>
      </input_file>
      <input_file id="fl-14f">
         <path>C:\ti\ccsv7\tools\compiler\ti-cgt-arm_5.2.9\lib\</path>
         <kind>archive</kind>
         <file>rtsv7R4_A_be_eabi.lib</file>
         <name>copy_decompress_rle.obj</name>
      </input_file>
      <input_file id="fl-150">
         <path>C:\ti\ccsv7\tools\compiler\ti-cgt-arm_5.2.9\lib\</path>
         <kind>archive</kind>
         <file>rtsv7R4_A_be_eabi.lib</file>
         <name>copy_zero_init.obj</name>
      </input_file>
      <input_file id="fl-151">
         <path>C:\ti\ccsv7\tools\compiler\ti-cgt-arm_5.2.9\lib\</path>
         <kind>archive</kind>
         <file>rtsv7R4_A_be_eabi.lib</file>
         <name>cpy_tbl.obj</name>
      </input_file>
      <input_file id="fl-152">
         <path>C:\ti\ccsv7\tools\compiler\ti-cgt-arm_5.2.9\lib\</path>
         <kind>archive</kind>
         <file>rtsv7R4_A_be_eabi.lib</file>
         <name>exit.obj</name>
      </input_file>
      <input_file id="fl-153">
         <path>C:\ti\ccsv7\tools\compiler\ti-cgt-arm_5.2.9\lib\</path>
         <kind>archive</kind>
         <file>rtsv7R4_A_be_eabi.lib</file>
         <name>fd_div32.obj</name>
      </input_file>
      <input_file id="fl-154">
         <path>C:\ti\ccsv7\tools\compiler\ti-cgt-arm_5.2.9\lib\</path>
         <kind>archive</kind>
         <file>rtsv7R4_A_be_eabi.lib</file>
         <name>fd_mul32.obj</name>
      </input_file>
      <input_file id="fl-155">
         <path>C:\ti\ccsv7\tools\compiler\ti-cgt-arm_5.2.9\lib\</path>
         <kind>archive</kind>
         <file>rtsv7R4_A_be_eabi.lib</file>
         <name>fd_tou32.obj</name>
      </input_file>
      <input_file id="fl-156">
         <path>C:\ti\ccsv7\tools\compiler\ti-cgt-arm_5.2.9\lib\</path>
         <kind>archive</kind>
         <file>rtsv7R4_A_be_eabi.lib</file>
         <name>memcpy32.obj</name>
      </input_file>
      <input_file id="fl-157">
         <path>C:\ti\ccsv7\tools\compiler\ti-cgt-arm_5.2.9\lib\</path>
         <kind>archive</kind>
         <file>rtsv7R4_A_be_eabi.lib</file>
         <name>memset32.obj</name>
      </input_file>
      <input_file id="fl-158">
         <path>C:\ti\ccsv7\tools\compiler\ti-cgt-arm_5.2.9\lib\</path>
         <kind>archive</kind>
         <file>rtsv7R4_A_be_eabi.lib</file>
         <name>printf.obj</name>
      </input_file>
      <input_file id="fl-159">
         <path>C:\ti\ccsv7\tools\compiler\ti-cgt-arm_5.2.9\lib\</path>
         <kind>archive</kind>
         <file>rtsv7R4_A_be_eabi.lib</file>
         <name>strlen.obj</name>
      </input_file>
      <input_file id="fl-15a">
         <path>C:\ti\ccsv7\tools\compiler\ti-cgt-arm_5.2.9\lib\</path>
         <kind>archive</kind>
         <file>rtsv7R4_A_be_eabi.lib</file>
         <name>u_div32.obj</name>
      </input_file>
      <input_file id="fl-15b">
         <path>C:\ti\ccsv7\tools\compiler\ti-cgt-arm_5.2.9\lib\</path>
         <kind>archive</kind>
         <file>rtsv7R4_A_be_eabi.lib</file>
         <name>u_tofd32.obj</name>
      </input_file>
      <input_file id="fl-15c">
         <path>C:\ti\ccsv7\tools\compiler\ti-cgt-arm_5.2.9\lib\</path>
         <kind>archive</kind>
         <file>rtsv7R4_A_be_eabi.lib</file>
         <name>_lock.obj</name>
      </input_file>
      <input_file id="fl-15d">
         <path>C:\ti\ccsv7\tools\compiler\ti-cgt-arm_5.2.9\lib\</path>
         <kind>archive</kind>
         <file>rtsv7R4_A_be_eabi.lib</file>
         <name>_printfi.obj</name>
      </input_file>
      <input_file id="fl-15e">
         <path>C:\ti\ccsv7\tools\compiler\ti-cgt-arm_5.2.9\lib\</path>
         <kind>archive</kind>
         <file>rtsv7R4_A_be_eabi.lib</file>
         <name>atoi.obj</name>
      </input_file>
      <input_file id="fl-15f">
         <path>C:\ti\ccsv7\tools\compiler\ti-cgt-arm_5.2.9\lib\</path>
         <kind>archive</kind>
         <file>rtsv7R4_A_be_eabi.lib</file>
         <name>ctype.obj</name>
      </input_file>
      <input_file id="fl-160">
         <path>C:\ti\ccsv7\tools\compiler\ti-cgt-arm_5.2.9\lib\</path>
         <kind>archive</kind>
         <file>rtsv7R4_A_be_eabi.lib</file>
         <name>defs.obj</name>
      </input_file>
      <input_file id="fl-161">
         <path>C:\ti\ccsv7\tools\compiler\ti-cgt-arm_5.2.9\lib\</path>
         <kind>archive</kind>
         <file>rtsv7R4_A_be_eabi.lib</file>
         <name>fd_add32.obj</name>
      </input_file>
      <input_file id="fl-162">
         <path>C:\ti\ccsv7\tools\compiler\ti-cgt-arm_5.2.9\lib\</path>
         <kind>archive</kind>
         <file>rtsv7R4_A_be_eabi.lib</file>
         <name>fd_cmp32.obj</name>
      </input_file>
      <input_file id="fl-163">
         <path>C:\ti\ccsv7\tools\compiler\ti-cgt-arm_5.2.9\lib\</path>
         <kind>archive</kind>
         <file>rtsv7R4_A_be_eabi.lib</file>
         <name>fd_toi32.obj</name>
      </input_file>
      <input_file id="fl-164">
         <path>C:\ti\ccsv7\tools\compiler\ti-cgt-arm_5.2.9\lib\</path>
         <kind>archive</kind>
         <file>rtsv7R4_A_be_eabi.lib</file>
         <name>fputc.obj</name>
      </input_file>
      <input_file id="fl-165">
         <path>C:\ti\ccsv7\tools\compiler\ti-cgt-arm_5.2.9\lib\</path>
         <kind>archive</kind>
         <file>rtsv7R4_A_be_eabi.lib</file>
         <name>fputs.obj</name>
      </input_file>
      <input_file id="fl-166">
         <path>C:\ti\ccsv7\tools\compiler\ti-cgt-arm_5.2.9\lib\</path>
         <kind>archive</kind>
         <file>rtsv7R4_A_be_eabi.lib</file>
         <name>frexp.obj</name>
      </input_file>
      <input_file id="fl-167">
         <path>C:\ti\ccsv7\tools\compiler\ti-cgt-arm_5.2.9\lib\</path>
         <kind>archive</kind>
         <file>rtsv7R4_A_be_eabi.lib</file>
         <name>i_div0.obj</name>
      </input_file>
      <input_file id="fl-168">
         <path>C:\ti\ccsv7\tools\compiler\ti-cgt-arm_5.2.9\lib\</path>
         <kind>archive</kind>
         <file>rtsv7R4_A_be_eabi.lib</file>
         <name>i_tofd32.obj</name>
      </input_file>
      <input_file id="fl-169">
         <path>C:\ti\ccsv7\tools\compiler\ti-cgt-arm_5.2.9\lib\</path>
         <kind>archive</kind>
         <file>rtsv7R4_A_be_eabi.lib</file>
         <name>ldexp.obj</name>
      </input_file>
      <input_file id="fl-16a">
         <path>C:\ti\ccsv7\tools\compiler\ti-cgt-arm_5.2.9\lib\</path>
         <kind>archive</kind>
         <file>rtsv7R4_A_be_eabi.lib</file>
         <name>lowlev.obj</name>
      </input_file>
      <input_file id="fl-16b">
         <path>C:\ti\ccsv7\tools\compiler\ti-cgt-arm_5.2.9\lib\</path>
         <kind>archive</kind>
         <file>rtsv7R4_A_be_eabi.lib</file>
         <name>ltoa.obj</name>
      </input_file>
      <input_file id="fl-16c">
         <path>C:\ti\ccsv7\tools\compiler\ti-cgt-arm_5.2.9\lib\</path>
         <kind>archive</kind>
         <file>rtsv7R4_A_be_eabi.lib</file>
         <name>memccpy.obj</name>
      </input_file>
      <input_file id="fl-16d">
         <path>C:\ti\ccsv7\tools\compiler\ti-cgt-arm_5.2.9\lib\</path>
         <kind>archive</kind>
         <file>rtsv7R4_A_be_eabi.lib</file>
         <name>memchr.obj</name>
      </input_file>
      <input_file id="fl-16e">
         <path>C:\ti\ccsv7\tools\compiler\ti-cgt-arm_5.2.9\lib\</path>
         <kind>archive</kind>
         <file>rtsv7R4_A_be_eabi.lib</file>
         <name>strchr.obj</name>
      </input_file>
      <input_file id="fl-16f">
         <path>C:\ti\ccsv7\tools\compiler\ti-cgt-arm_5.2.9\lib\</path>
         <kind>archive</kind>
         <file>rtsv7R4_A_be_eabi.lib</file>
         <name>strcmp.obj</name>
      </input_file>
      <input_file id="fl-170">
         <path>C:\ti\ccsv7\tools\compiler\ti-cgt-arm_5.2.9\lib\</path>
         <kind>archive</kind>
         <file>rtsv7R4_A_be_eabi.lib</file>
         <name>strncpy.obj</name>
      </input_file>
      <input_file id="fl-171">
         <path>C:\ti\ccsv7\tools\compiler\ti-cgt-arm_5.2.9\lib\</path>
         <kind>archive</kind>
         <file>rtsv7R4_A_be_eabi.lib</file>
         <name>trgdrv.obj</name>
      </input_file>
      <input_file id="fl-172">
         <path>C:\ti\ccsv7\tools\compiler\ti-cgt-arm_5.2.9\lib\</path>
         <kind>archive</kind>
         <file>rtsv7R4_A_be_eabi.lib</file>
         <name>trgmsg.obj</name>
      </input_file>
      <input_file id="fl-173">
         <path>C:\ti\ccsv7\tools\compiler\ti-cgt-arm_5.2.9\lib\</path>
         <kind>archive</kind>
         <file>rtsv7R4_A_be_eabi.lib</file>
         <name>ull_div32.obj</name>
      </input_file>
      <input_file id="fl-174">
         <path>C:\ti\ccsv7\tools\compiler\ti-cgt-arm_5.2.9\lib\</path>
         <kind>archive</kind>
         <file>rtsv7R4_A_be_eabi.lib</file>
         <name>xdscale.obj</name>
      </input_file>
      <input_file id="fl-175">
         <path>C:\ti\ccsv7\tools\compiler\ti-cgt-arm_5.2.9\lib\</path>
         <kind>archive</kind>
         <file>rtsv7R4_A_be_eabi.lib</file>
         <name>xdunscal.obj</name>
      </input_file>
      <input_file id="fl-176">
         <path>C:\ti\ccsv7\tools\compiler\ti-cgt-arm_5.2.9\lib\</path>
         <kind>archive</kind>
         <file>rtsv7R4_A_be_eabi.lib</file>
         <name>xferaise.obj</name>
      </input_file>
      <input_file id="fl-177">
         <path>C:\ti\ccsv7\tools\compiler\ti-cgt-arm_5.2.9\lib\</path>
         <kind>archive</kind>
         <file>rtsv7R4_A_be_eabi.lib</file>
         <name>xvalues.obj</name>
      </input_file>
      <input_file id="fl-178">
         <path>C:\ti\ccsv7\tools\compiler\ti-cgt-arm_5.2.9\lib\</path>
         <kind>archive</kind>
         <file>rtsv7R4_A_be_eabi.lib</file>
         <name>_io_perm.obj</name>
      </input_file>
      <input_file id="fl-179">
         <path>C:\ti\ccsv7\tools\compiler\ti-cgt-arm_5.2.9\lib\</path>
         <kind>archive</kind>
         <file>rtsv7R4_A_be_eabi.lib</file>
         <name>errno.obj</name>
      </input_file>
      <input_file id="fl-17a">
         <path>C:\ti\ccsv7\tools\compiler\ti-cgt-arm_5.2.9\lib\</path>
         <kind>archive</kind>
         <file>rtsv7R4_A_be_eabi.lib</file>
         <name>feraiseexcept.obj</name>
      </input_file>
      <input_file id="fl-17b">
         <path>C:\ti\ccsv7\tools\compiler\ti-cgt-arm_5.2.9\lib\</path>
         <kind>archive</kind>
         <file>rtsv7R4_A_be_eabi.lib</file>
         <name>fflush.obj</name>
      </input_file>
      <input_file id="fl-17c">
         <path>C:\ti\ccsv7\tools\compiler\ti-cgt-arm_5.2.9\lib\</path>
         <kind>archive</kind>
         <file>rtsv7R4_A_be_eabi.lib</file>
         <name>fseek.obj</name>
      </input_file>
      <input_file id="fl-17d">
         <path>C:\ti\ccsv7\tools\compiler\ti-cgt-arm_5.2.9\lib\</path>
         <kind>archive</kind>
         <file>rtsv7R4_A_be_eabi.lib</file>
         <name>i_div32.obj</name>
      </input_file>
      <input_file id="fl-17e">
         <path>C:\ti\ccsv7\tools\compiler\ti-cgt-arm_5.2.9\lib\</path>
         <kind>archive</kind>
         <file>rtsv7R4_A_be_eabi.lib</file>
         <name>raise.obj</name>
      </input_file>
      <input_file id="fl-17f">
         <path>C:\ti\ccsv7\tools\compiler\ti-cgt-arm_5.2.9\lib\</path>
         <kind>archive</kind>
         <file>rtsv7R4_A_be_eabi.lib</file>
         <name>setvbuf.obj</name>
      </input_file>
      <input_file id="fl-180">
         <path>C:\ti\ccsv7\tools\compiler\ti-cgt-arm_5.2.9\lib\</path>
         <kind>archive</kind>
         <file>rtsv7R4_A_be_eabi.lib</file>
         <name>signal.obj</name>
      </input_file>
      <input_file id="fl-181">
         <path>C:\ti\ccsv7\tools\compiler\ti-cgt-arm_5.2.9\lib\</path>
         <kind>archive</kind>
         <file>rtsv7R4_A_be_eabi.lib</file>
         <name>strcpy.obj</name>
      </input_file>
      <input_file id="fl-182">
         <path>C:\ti\ccsv7\tools\compiler\ti-cgt-arm_5.2.9\lib\</path>
         <kind>archive</kind>
         <file>rtsv7R4_A_be_eabi.lib</file>
         <name>xdnorm.obj</name>
      </input_file>
      <input_file id="fl-183">
         <path>C:\ti\ccsv7\tools\compiler\ti-cgt-arm_5.2.9\lib\</path>
         <kind>archive</kind>
         <file>rtsv7R4_A_be_eabi.lib</file>
         <name>fopen.obj</name>
      </input_file>
      <input_file id="fl-184">
         <path>C:\ti\ccsv7\tools\compiler\ti-cgt-arm_5.2.9\lib\</path>
         <kind>archive</kind>
         <file>rtsv7R4_A_be_eabi.lib</file>
         <name>memory.obj</name>
      </input_file>
      <input_file id="fl-185">
         <path>C:\ti\ccsv7\tools\compiler\ti-cgt-arm_5.2.9\lib\</path>
         <kind>archive</kind>
         <file>rtsv7R4_A_be_eabi.lib</file>
         <name>fclose.obj</name>
      </input_file>
      <input_file id="fl-186">
         <path>C:\ti\ccsv7\tools\compiler\ti-cgt-arm_5.2.9\lib\</path>
         <kind>archive</kind>
         <file>rtsv7R4_A_be_eabi.lib</file>
         <name>remove.obj</name>
      </input_file>
      <input_file id="fl-187">
         <path>C:\ti\Hercules\F021 Flash API\02.01.01\</path>
         <kind>archive</kind>
         <file>F021_API_CortexR4_BE.lib</file>
         <name>Async.obj</name>
      </input_file>
      <input_file id="fl-188">
         <path>C:\ti\Hercules\F021 Flash API\02.01.01\</path>
         <kind>archive</kind>
         <file>F021_API_CortexR4_BE.lib</file>
         <name>Async.WithAddress.obj</name>
      </input_file>
      <input_file id="fl-189">
         <path>C:\ti\Hercules\F021 Flash API\02.01.01\</path>
         <kind>archive</kind>
         <file>F021_API_CortexR4_BE.lib</file>
         <name>BlankCheck.obj</name>
      </input_file>
      <input_file id="fl-18a">
         <path>C:\ti\Hercules\F021 Flash API\02.01.01\</path>
         <kind>archive</kind>
         <file>F021_API_CortexR4_BE.lib</file>
         <name>FlashStateMachine.EnableEepromSectors.obj</name>
      </input_file>
      <input_file id="fl-18b">
         <path>C:\ti\Hercules\F021 Flash API\02.01.01\</path>
         <kind>archive</kind>
         <file>F021_API_CortexR4_BE.lib</file>
         <name>FlashStateMachine.EnableMainSectors.obj</name>
      </input_file>
      <input_file id="fl-18c">
         <path>C:\ti\Hercules\F021 Flash API\02.01.01\</path>
         <kind>archive</kind>
         <file>F021_API_CortexR4_BE.lib</file>
         <name>FlashStateMachine.InitializeFlashBanks.obj</name>
      </input_file>
      <input_file id="fl-18d">
         <path>C:\ti\Hercules\F021 Flash API\02.01.01\</path>
         <kind>archive</kind>
         <file>F021_API_CortexR4_BE.lib</file>
         <name>FlashStateMachine.IssueFsmCommand.obj</name>
      </input_file>
      <input_file id="fl-18e">
         <path>C:\ti\Hercules\F021 Flash API\02.01.01\</path>
         <kind>archive</kind>
         <file>F021_API_CortexR4_BE.lib</file>
         <name>FlashStateMachine.ScaleFclk.obj</name>
      </input_file>
      <input_file id="fl-18f">
         <path>C:\ti\Hercules\F021 Flash API\02.01.01\</path>
         <kind>archive</kind>
         <file>F021_API_CortexR4_BE.lib</file>
         <name>FlashStateMachine.SetActiveBank.obj</name>
      </input_file>
      <input_file id="fl-190">
         <path>C:\ti\Hercules\F021 Flash API\02.01.01\</path>
         <kind>archive</kind>
         <file>F021_API_CortexR4_BE.lib</file>
         <name>Program.obj</name>
      </input_file>
      <input_file id="fl-191">
         <path>C:\ti\Hercules\F021 Flash API\02.01.01\</path>
         <kind>archive</kind>
         <file>F021_API_CortexR4_BE.lib</file>
         <name>Read.FlushPipeline.obj</name>
      </input_file>
      <input_file id="fl-192">
         <path>C:\ti\Hercules\F021 Flash API\02.01.01\</path>
         <kind>archive</kind>
         <file>F021_API_CortexR4_BE.lib</file>
         <name>Read.LoopDword.obj</name>
      </input_file>
      <input_file id="fl-193">
         <path>C:\ti\Hercules\F021 Flash API\02.01.01\</path>
         <kind>archive</kind>
         <file>F021_API_CortexR4_BE.lib</file>
         <name>Read.WdService.obj</name>
      </input_file>
      <input_file id="fl-194">
         <path>C:\ti\Hercules\F021 Flash API\02.01.01\</path>
         <kind>archive</kind>
         <file>F021_API_CortexR4_BE.lib</file>
         <name>Utilities.CalculateEcc.obj</name>
      </input_file>
      <input_file id="fl-195">
         <path>C:\ti\Hercules\F021 Flash API\02.01.01\</path>
         <kind>archive</kind>
         <file>F021_API_CortexR4_BE.lib</file>
         <name>Utilities.CalculateFletcher.obj</name>
      </input_file>
      <input_file id="fl-196">
         <path>C:\ti\Hercules\F021 Flash API\02.01.01\</path>
         <kind>archive</kind>
         <file>F021_API_CortexR4_BE.lib</file>
         <name>Utilities.WaitDelay.obj</name>
      </input_file>
      <input_file id="fl-197">
         <path>C:\ti\Hercules\F021 Flash API\02.01.01\</path>
         <kind>archive</kind>
         <file>F021_API_CortexR4_BE.lib</file>
         <name>Utilities.GetNumberOfSectors.obj</name>
      </input_file>
      <input_file id="fl-198">
         <path>C:\ti\Hercules\F021 Flash API\02.01.01\</path>
         <kind>archive</kind>
         <file>F021_API_CortexR4_BE.lib</file>
         <name>Read.Common.obj</name>
      </input_file>
      <input_file id="fl-199">
         <path>C:\ti\Hercules\F021 Flash API\02.01.01\</path>
         <kind>archive</kind>
         <file>F021_API_CortexR4_BE.lib</file>
         <name>FlashStateMachine.Hercules.IsEccAddress.obj</name>
      </input_file>
   </input_file_list>
   <object_component_list>
      <object_component id="oc-30">
         <name>.intvecs</name>
         <load_address>0x0</load_address>
         <run_address>0x0</run_address>
         <size>0x20</size>
         <input_file_ref idref="fl-d"/>
      </object_component>
      <object_component id="oc-7a">
         <name>.text</name>
         <load_address>0x20</load_address>
         <run_address>0x20</run_address>
         <size>0x24f0</size>
         <input_file_ref idref="fl-13"/>
      </object_component>
      <object_component id="oc-204">
         <name>.text</name>
         <load_address>0x2510</load_address>
         <run_address>0x2510</run_address>
         <size>0x1a7c</size>
         <input_file_ref idref="fl-15d"/>
      </object_component>
      <object_component id="oc-fc">
         <name>.text</name>
         <load_address>0x3f8c</load_address>
         <run_address>0x3f8c</run_address>
         <size>0xadc</size>
         <input_file_ref idref="fl-b"/>
      </object_component>
      <object_component id="oc-74">
         <name>.text</name>
         <load_address>0x4a68</load_address>
         <run_address>0x4a68</run_address>
         <size>0xa64</size>
         <input_file_ref idref="fl-16"/>
      </object_component>
      <object_component id="oc-102">
         <name>.text</name>
         <load_address>0x54cc</load_address>
         <run_address>0x54cc</run_address>
         <size>0x90c</size>
         <input_file_ref idref="fl-7"/>
      </object_component>
      <object_component id="oc-3e">
         <name>.text</name>
         <load_address>0x5dd8</load_address>
         <run_address>0x5dd8</run_address>
         <size>0x898</size>
         <input_file_ref idref="fl-15"/>
      </object_component>
      <object_component id="oc-3c6">
         <name>.text</name>
         <load_address>0x6670</load_address>
         <run_address>0x6670</run_address>
         <size>0x63c</size>
         <input_file_ref idref="fl-184"/>
      </object_component>
      <object_component id="oc-80">
         <name>.text</name>
         <load_address>0x6cac</load_address>
         <run_address>0x6cac</run_address>
         <size>0x5e8</size>
         <input_file_ref idref="fl-5"/>
      </object_component>
      <object_component id="oc-2a3">
         <name>.text</name>
         <load_address>0x7294</load_address>
         <run_address>0x7294</run_address>
         <size>0x548</size>
         <input_file_ref idref="fl-16a"/>
      </object_component>
      <object_component id="oc-3e3">
         <name>.text</name>
         <load_address>0x77dc</load_address>
         <run_address>0x77dc</run_address>
         <size>0x4cc</size>
         <input_file_ref idref="fl-171"/>
      </object_component>
      <object_component id="oc-f6">
         <name>.text</name>
         <load_address>0x7ca8</load_address>
         <run_address>0x7ca8</run_address>
         <size>0x36c</size>
         <input_file_ref idref="fl-6"/>
      </object_component>
      <object_component id="oc-3cc">
         <name>.text</name>
         <load_address>0x8014</load_address>
         <run_address>0x8014</run_address>
         <size>0x2d4</size>
         <input_file_ref idref="fl-183"/>
      </object_component>
      <object_component id="oc-6f">
         <name>.text</name>
         <load_address>0x82e8</load_address>
         <run_address>0x82e8</run_address>
         <size>0x2d0</size>
         <input_file_ref idref="fl-c"/>
      </object_component>
      <object_component id="oc-2b9">
         <name>.text</name>
         <load_address>0x85b8</load_address>
         <run_address>0x85b8</run_address>
         <size>0x2b8</size>
         <input_file_ref idref="fl-173"/>
      </object_component>
      <object_component id="oc-3b">
         <name>.text:retain</name>
         <load_address>0x8870</load_address>
         <run_address>0x8870</run_address>
         <size>0x268</size>
         <input_file_ref idref="fl-15"/>
      </object_component>
      <object_component id="oc-10e">
         <name>.text:Fapi_initializeFlashBanks</name>
         <load_address>0x8ad8</load_address>
         <run_address>0x8ad8</run_address>
         <size>0x260</size>
         <input_file_ref idref="fl-18c"/>
      </object_component>
      <object_component id="oc-2d8">
         <name>.text</name>
         <load_address>0x8d38</load_address>
         <run_address>0x8d38</run_address>
         <size>0x214</size>
         <input_file_ref idref="fl-161"/>
      </object_component>
      <object_component id="oc-21">
         <name>.text:retain</name>
         <load_address>0x8f4c</load_address>
         <run_address>0x8f4c</run_address>
         <size>0x208</size>
         <input_file_ref idref="fl-14"/>
      </object_component>
      <object_component id="oc-1fe">
         <name>.text</name>
         <load_address>0x9154</load_address>
         <run_address>0x9154</run_address>
         <size>0x1d4</size>
         <input_file_ref idref="fl-165"/>
      </object_component>
      <object_component id="oc-396">
         <name>.text</name>
         <load_address>0x9328</load_address>
         <run_address>0x9328</run_address>
         <size>0x1a0</size>
         <input_file_ref idref="fl-174"/>
      </object_component>
      <object_component id="oc-8c">
         <name>.text</name>
         <load_address>0x94c8</load_address>
         <run_address>0x94c8</run_address>
         <size>0x1a0</size>
         <input_file_ref idref="fl-e"/>
      </object_component>
      <object_component id="oc-1dc">
         <name>.text</name>
         <load_address>0x9668</load_address>
         <run_address>0x9668</run_address>
         <size>0x190</size>
         <input_file_ref idref="fl-153"/>
      </object_component>
      <object_component id="oc-4a">
         <name>.text</name>
         <load_address>0x97f8</load_address>
         <run_address>0x97f8</run_address>
         <size>0x180</size>
         <input_file_ref idref="fl-156"/>
      </object_component>
      <object_component id="oc-114">
         <name>.text:Fapi_setActiveFlashBank</name>
         <load_address>0x9978</load_address>
         <run_address>0x9978</run_address>
         <size>0x17c</size>
         <input_file_ref idref="fl-18f"/>
      </object_component>
      <object_component id="oc-120">
         <name>.text:Fapi_issueProgrammingCommand</name>
         <load_address>0x9af4</load_address>
         <run_address>0x9af4</run_address>
         <size>0x178</size>
         <input_file_ref idref="fl-190"/>
      </object_component>
      <object_component id="oc-3f9">
         <name>.text</name>
         <load_address>0x9c6c</load_address>
         <run_address>0x9c6c</run_address>
         <size>0x160</size>
         <input_file_ref idref="fl-182"/>
      </object_component>
      <object_component id="oc-355">
         <name>.text</name>
         <load_address>0x9dcc</load_address>
         <run_address>0x9dcc</run_address>
         <size>0x158</size>
         <input_file_ref idref="fl-17f"/>
      </object_component>
      <object_component id="oc-d8">
         <name>.text</name>
         <load_address>0x9f24</load_address>
         <run_address>0x9f24</run_address>
         <size>0x154</size>
         <input_file_ref idref="fl-a"/>
      </object_component>
      <object_component id="oc-29d">
         <name>.text</name>
         <load_address>0xa078</load_address>
         <run_address>0xa078</run_address>
         <size>0x130</size>
         <input_file_ref idref="fl-17b"/>
      </object_component>
      <object_component id="oc-1d7">
         <name>.text</name>
         <load_address>0xa1a8</load_address>
         <run_address>0xa1a8</run_address>
         <size>0x128</size>
         <input_file_ref idref="fl-154"/>
      </object_component>
      <object_component id="oc-297">
         <name>.text</name>
         <load_address>0xa2d0</load_address>
         <run_address>0xa2d0</run_address>
         <size>0x118</size>
         <input_file_ref idref="fl-178"/>
      </object_component>
      <object_component id="oc-1f8">
         <name>.text</name>
         <load_address>0xa3e8</load_address>
         <run_address>0xa3e8</run_address>
         <size>0x10c</size>
         <input_file_ref idref="fl-164"/>
      </object_component>
      <object_component id="oc-423">
         <name>.text</name>
         <load_address>0xa4f4</load_address>
         <run_address>0xa4f4</run_address>
         <size>0xfc</size>
         <input_file_ref idref="fl-185"/>
      </object_component>
      <object_component id="oc-27">
         <name>.text:retain</name>
         <load_address>0xa5f0</load_address>
         <run_address>0xa5f0</run_address>
         <size>0xec</size>
         <input_file_ref idref="fl-5"/>
      </object_component>
      <object_component id="oc-a8">
         <name>.text</name>
         <load_address>0xa6dc</load_address>
         <run_address>0xa6dc</run_address>
         <size>0xe8</size>
         <input_file_ref idref="fl-4"/>
      </object_component>
      <object_component id="oc-2be">
         <name>.text:__aeabi_cdcmple</name>
         <load_address>0xa7c4</load_address>
         <run_address>0xa7c4</run_address>
         <size>0xe0</size>
         <input_file_ref idref="fl-162"/>
      </object_component>
      <object_component id="oc-2c3">
         <name>.text:__aeabi_cdrcmple</name>
         <load_address>0xa8a4</load_address>
         <run_address>0xa8a4</run_address>
         <size>0xe0</size>
         <input_file_ref idref="fl-162"/>
      </object_component>
      <object_component id="oc-e0">
         <name>.text</name>
         <load_address>0xa984</load_address>
         <run_address>0xa984</run_address>
         <size>0xe0</size>
         <input_file_ref idref="fl-12"/>
      </object_component>
      <object_component id="oc-99">
         <name>.text</name>
         <load_address>0xaa64</load_address>
         <run_address>0xaa64</run_address>
         <size>0xd0</size>
         <input_file_ref idref="fl-9"/>
      </object_component>
      <object_component id="oc-38e">
         <name>.text</name>
         <load_address>0xab34</load_address>
         <run_address>0xab34</run_address>
         <size>0xb4</size>
         <input_file_ref idref="fl-175"/>
      </object_component>
      <object_component id="oc-63">
         <name>.text</name>
         <load_address>0xabe8</load_address>
         <run_address>0xabe8</run_address>
         <size>0xb0</size>
         <input_file_ref idref="fl-157"/>
      </object_component>
      <object_component id="oc-34f">
         <name>.text</name>
         <load_address>0xac98</load_address>
         <run_address>0xac98</run_address>
         <size>0xa8</size>
         <input_file_ref idref="fl-17c"/>
      </object_component>
      <object_component id="oc-86">
         <name>.text</name>
         <load_address>0xad40</load_address>
         <run_address>0xad40</run_address>
         <size>0xa4</size>
         <input_file_ref idref="fl-14d"/>
      </object_component>
      <object_component id="oc-108">
         <name>.text</name>
         <load_address>0xade4</load_address>
         <run_address>0xade4</run_address>
         <size>0xa4</size>
         <input_file_ref idref="fl-158"/>
      </object_component>
      <object_component id="oc-432">
         <name>.text</name>
         <load_address>0xae88</load_address>
         <run_address>0xae88</run_address>
         <size>0xa4</size>
         <input_file_ref idref="fl-172"/>
      </object_component>
      <object_component id="oc-56">
         <name>.text</name>
         <load_address>0xaf2c</load_address>
         <run_address>0xaf2c</run_address>
         <size>0x9c</size>
         <input_file_ref idref="fl-14f"/>
      </object_component>
      <object_component id="oc-2f5">
         <name>.text</name>
         <load_address>0xafc8</load_address>
         <run_address>0xafc8</run_address>
         <size>0x84</size>
         <input_file_ref idref="fl-15e"/>
      </object_component>
      <object_component id="oc-ee">
         <name>.text</name>
         <load_address>0xb04c</load_address>
         <run_address>0xb04c</run_address>
         <size>0x84</size>
         <input_file_ref idref="fl-151"/>
      </object_component>
      <object_component id="oc-2cd">
         <name>.text</name>
         <load_address>0xb0d0</load_address>
         <run_address>0xb0d0</run_address>
         <size>0x80</size>
         <input_file_ref idref="fl-16b"/>
      </object_component>
      <object_component id="oc-92">
         <name>.text</name>
         <load_address>0xb150</load_address>
         <run_address>0xb150</run_address>
         <size>0x78</size>
         <input_file_ref idref="fl-152"/>
      </object_component>
      <object_component id="oc-11a">
         <name>.text:Fapi_enableMainBankSectors</name>
         <load_address>0xb1c8</load_address>
         <run_address>0xb1c8</run_address>
         <size>0x70</size>
         <input_file_ref idref="fl-18b"/>
      </object_component>
      <object_component id="oc-2e3">
         <name>.text</name>
         <load_address>0xb238</load_address>
         <run_address>0xb238</run_address>
         <size>0x68</size>
         <input_file_ref idref="fl-169"/>
      </object_component>
      <object_component id="oc-476">
         <name>.text</name>
         <load_address>0xb2a0</load_address>
         <run_address>0xb2a0</run_address>
         <size>0x64</size>
         <input_file_ref idref="fl-180"/>
      </object_component>
      <object_component id="oc-2c8">
         <name>.text</name>
         <load_address>0xb304</load_address>
         <run_address>0xb304</run_address>
         <size>0x5c</size>
         <input_file_ref idref="fl-163"/>
      </object_component>
      <object_component id="oc-1e1">
         <name>.text</name>
         <load_address>0xb360</load_address>
         <run_address>0xb360</run_address>
         <size>0x58</size>
         <input_file_ref idref="fl-155"/>
      </object_component>
      <object_component id="oc-408">
         <name>.text</name>
         <load_address>0xb3b8</load_address>
         <run_address>0xb3b8</run_address>
         <size>0x58</size>
         <input_file_ref idref="fl-17a"/>
      </object_component>
      <object_component id="oc-385">
         <name>.text</name>
         <load_address>0xb410</load_address>
         <run_address>0xb410</run_address>
         <size>0x54</size>
         <input_file_ref idref="fl-17d"/>
      </object_component>
      <object_component id="oc-1d2">
         <name>.text</name>
         <load_address>0xb464</load_address>
         <run_address>0xb464</run_address>
         <size>0x50</size>
         <input_file_ref idref="fl-15a"/>
      </object_component>
      <object_component id="oc-454">
         <name>.text</name>
         <load_address>0xb4b4</load_address>
         <run_address>0xb4b4</run_address>
         <size>0x4c</size>
         <input_file_ref idref="fl-17e"/>
      </object_component>
      <object_component id="oc-368">
         <name>.text</name>
         <load_address>0xb500</load_address>
         <run_address>0xb500</run_address>
         <size>0x48</size>
         <input_file_ref idref="fl-170"/>
      </object_component>
      <object_component id="oc-39c">
         <name>.text</name>
         <load_address>0xb548</load_address>
         <run_address>0xb548</run_address>
         <size>0x44</size>
         <input_file_ref idref="fl-176"/>
      </object_component>
      <object_component id="oc-23e">
         <name>.text:_Fapi_issueFsmCommand</name>
         <load_address>0xb58c</load_address>
         <run_address>0xb58c</run_address>
         <size>0x3c</size>
         <input_file_ref idref="fl-18d"/>
      </object_component>
      <object_component id="oc-2d3">
         <name>.text</name>
         <load_address>0xb5c8</load_address>
         <run_address>0xb5c8</run_address>
         <size>0x3c</size>
         <input_file_ref idref="fl-168"/>
      </object_component>
      <object_component id="oc-214">
         <name>.text:Fapi_calculateFletcherChecksum</name>
         <load_address>0xb604</load_address>
         <run_address>0xb604</run_address>
         <size>0x36</size>
         <input_file_ref idref="fl-195"/>
      </object_component>
      <object_component id="oc-1e6">
         <name>.text</name>
         <load_address>0xb63c</load_address>
         <run_address>0xb63c</run_address>
         <size>0x34</size>
         <input_file_ref idref="fl-15b"/>
      </object_component>
      <object_component id="oc-2dd">
         <name>.text</name>
         <load_address>0xb670</load_address>
         <run_address>0xb670</run_address>
         <size>0x30</size>
         <input_file_ref idref="fl-166"/>
      </object_component>
      <object_component id="oc-2ef">
         <name>.text</name>
         <load_address>0xb6a0</load_address>
         <run_address>0xb6a0</run_address>
         <size>0x2c</size>
         <input_file_ref idref="fl-16c"/>
      </object_component>
      <object_component id="oc-2b1">
         <name>.text</name>
         <load_address>0xb6cc</load_address>
         <run_address>0xb6cc</run_address>
         <size>0x2c</size>
         <input_file_ref idref="fl-16d"/>
      </object_component>
      <object_component id="oc-2e9">
         <name>.text</name>
         <load_address>0xb6f8</load_address>
         <run_address>0xb6f8</run_address>
         <size>0x28</size>
         <input_file_ref idref="fl-16e"/>
      </object_component>
      <object_component id="oc-362">
         <name>.text</name>
         <load_address>0xb720</load_address>
         <run_address>0xb720</run_address>
         <size>0x28</size>
         <input_file_ref idref="fl-16f"/>
      </object_component>
      <object_component id="oc-252">
         <name>.text</name>
         <load_address>0xb748</load_address>
         <run_address>0xb748</run_address>
         <size>0x24</size>
         <input_file_ref idref="fl-15c"/>
      </object_component>
      <object_component id="oc-2ab">
         <name>.text</name>
         <load_address>0xb76c</load_address>
         <run_address>0xb76c</run_address>
         <size>0x20</size>
         <input_file_ref idref="fl-159"/>
      </object_component>
      <object_component id="oc-21a">
         <name>.text:_Fapi_divideUnsignedLong</name>
         <load_address>0xb78c</load_address>
         <run_address>0xb78c</run_address>
         <size>0x1c</size>
         <input_file_ref idref="fl-18c"/>
      </object_component>
      <object_component id="oc-438">
         <name>.text</name>
         <load_address>0xb7a8</load_address>
         <run_address>0xb7a8</run_address>
         <size>0x18</size>
         <input_file_ref idref="fl-181"/>
      </object_component>
      <object_component id="oc-244">
         <name>.text:Fapi_calculateEcc</name>
         <load_address>0xb7c0</load_address>
         <run_address>0xb7c0</run_address>
         <size>0x14</size>
         <input_file_ref idref="fl-194"/>
      </object_component>
      <object_component id="oc-f">
         <name>.text:decompress:none</name>
         <load_address>0xb7d4</load_address>
         <run_address>0xb7d4</run_address>
         <size>0x14</size>
         <input_file_ref idref="fl-14e"/>
      </object_component>
      <object_component id="oc-236">
         <name>.text:Fapi_getNumberOfBankSectors</name>
         <load_address>0xb7e8</load_address>
         <run_address>0xb7e8</run_address>
         <size>0x10</size>
         <input_file_ref idref="fl-197"/>
      </object_component>
      <object_component id="oc-226">
         <name>.text:_scaleEEFclk</name>
         <load_address>0xb7f8</load_address>
         <run_address>0xb7f8</run_address>
         <size>0x10</size>
         <input_file_ref idref="fl-18e"/>
      </object_component>
      <object_component id="oc-220">
         <name>.text:_scaleMainFclk</name>
         <load_address>0xb808</load_address>
         <run_address>0xb808</run_address>
         <size>0x10</size>
         <input_file_ref idref="fl-18e"/>
      </object_component>
      <object_component id="oc-1b">
         <name>.text:decompress:ZI</name>
         <load_address>0xb818</load_address>
         <run_address>0xb818</run_address>
         <size>0x10</size>
         <input_file_ref idref="fl-150"/>
      </object_component>
      <object_component id="oc-15">
         <name>.text:decompress:rle24</name>
         <load_address>0xb828</load_address>
         <run_address>0xb828</run_address>
         <size>0x8</size>
         <input_file_ref idref="fl-14f"/>
      </object_component>
      <object_component id="oc-35">
         <name>.text:retain</name>
         <load_address>0xb830</load_address>
         <run_address>0xb830</run_address>
         <size>0x4</size>
         <input_file_ref idref="fl-11"/>
      </object_component>
      <object_component id="oc-286">
         <name>.text</name>
         <load_address>0xb834</load_address>
         <run_address>0xb834</run_address>
         <size>0x4</size>
         <input_file_ref idref="fl-167"/>
      </object_component>
      <object_component id="oc-1eb">
         <name>.const:het1PROGRAM</name>
         <load_address>0xb838</load_address>
         <run_address>0xb838</run_address>
         <size>0x3a0</size>
         <input_file_ref idref="fl-7"/>
      </object_component>
      <object_component id="oc-2d">
         <name>.const:s_vim_init</name>
         <load_address>0xbbd8</load_address>
         <run_address>0xbbd8</run_address>
         <size>0x180</size>
         <input_file_ref idref="fl-15"/>
      </object_component>
      <object_component id="oc-3a8">
         <name>.const:.string:_ctypes_</name>
         <load_address>0xbd58</load_address>
         <run_address>0xbd58</run_address>
         <size>0x101</size>
         <input_file_ref idref="fl-15f"/>
      </object_component>
      <object_component id="oc-1ee">
         <name>.const</name>
         <load_address>0xbe5c</load_address>
         <run_address>0xbe5c</run_address>
         <size>0x20</size>
         <input_file_ref idref="fl-7"/>
      </object_component>
      <object_component id="oc-4c7">
         <name>.cinit..data.load</name>
         <load_address>0xbe80</load_address>
         <run_address>0xbe80</run_address>
         <size>0xad</size>
      </object_component>
      <object_component id="oc-4c4">
         <name>__TI_handler_table</name>
         <load_address>0xbf30</load_address>
         <run_address>0xbf30</run_address>
         <size>0xc</size>
      </object_component>
      <object_component id="oc-4c6">
         <name>.cinit..bss.load</name>
         <load_address>0xbf40</load_address>
         <run_address>0xbf40</run_address>
         <size>0x8</size>
      </object_component>
      <object_component id="oc-4c5">
         <name>__TI_cinit_table</name>
         <load_address>0xbf48</load_address>
         <run_address>0xbf48</run_address>
         <size>0x10</size>
      </object_component>
      <object_component id="oc-47">
         <name>.sysmem</name>
         <uninitialized>true</uninitialized>
         <run_address>0x8001500</run_address>
         <size>0x8</size>
         <input_file_ref idref="fl-184"/>
      </object_component>
      <object_component id="oc-4c8">
         <name>.sysmem</name>
         <uninitialized>true</uninitialized>
         <run_address>0x8001500</run_address>
         <size>0x0</size>
      </object_component>
      <object_component id="oc-1c8">
         <name>.bss:g_spiPacket_t</name>
         <uninitialized>true</uninitialized>
         <run_address>0x80021f8</run_address>
         <size>0x48</size>
         <input_file_ref idref="fl-b"/>
      </object_component>
      <object_component id="oc-464">
         <name>.bss:__TI_tmpnams</name>
         <uninitialized>true</uninitialized>
         <run_address>0x8002158</run_address>
         <size>0xa0</size>
         <input_file_ref idref="fl-160"/>
      </object_component>
      <object_component id="oc-46b">
         <name>.bss:__CIOBUF_</name>
         <uninitialized>true</uninitialized>
         <run_address>0x8002038</run_address>
         <size>0x120</size>
         <input_file_ref idref="fl-172"/>
      </object_component>
      <object_component id="oc-43e">
         <name>.common:parmbuf</name>
         <uninitialized>true</uninitialized>
         <run_address>0x8002240</run_address>
         <size>0x8</size>
      </object_component>
      <object_component id="oc-134">
         <name>.data</name>
         <load_address>0x800201c</load_address>
         <run_address>0x800201c</run_address>
         <size>0x8</size>
         <input_file_ref idref="fl-152"/>
      </object_component>
      <object_component id="oc-131">
         <name>.data</name>
         <load_address>0x8002014</load_address>
         <run_address>0x8002014</run_address>
         <size>0x8</size>
         <input_file_ref idref="fl-15c"/>
      </object_component>
      <object_component id="oc-20a">
         <name>.data:_ftable</name>
         <load_address>0x8001d00</load_address>
         <run_address>0x8001d00</run_address>
         <size>0xf0</size>
         <input_file_ref idref="fl-160"/>
      </object_component>
      <object_component id="oc-35d">
         <name>.data</name>
         <load_address>0x8001ff0</load_address>
         <run_address>0x8001ff0</run_address>
         <size>0x10</size>
         <input_file_ref idref="fl-160"/>
      </object_component>
      <object_component id="oc-36e">
         <name>.data</name>
         <load_address>0x8001df0</load_address>
         <run_address>0x8001df0</run_address>
         <size>0xd0</size>
         <input_file_ref idref="fl-16a"/>
      </object_component>
      <object_component id="oc-403">
         <name>.data</name>
         <load_address>0x8001f70</load_address>
         <run_address>0x8001f70</run_address>
         <size>0x80</size>
         <input_file_ref idref="fl-177"/>
      </object_component>
      <object_component id="oc-40e">
         <name>.data</name>
         <load_address>0x800202c</load_address>
         <run_address>0x800202c</run_address>
         <size>0x4</size>
         <input_file_ref idref="fl-179"/>
      </object_component>
      <object_component id="oc-45a">
         <name>.data</name>
         <load_address>0x8002024</load_address>
         <run_address>0x8002024</run_address>
         <size>0x8</size>
         <input_file_ref idref="fl-17a"/>
      </object_component>
      <object_component id="oc-491">
         <name>.data:sigtable</name>
         <load_address>0x8001ec0</load_address>
         <run_address>0x8001ec0</run_address>
         <size>0xb0</size>
         <input_file_ref idref="fl-180"/>
      </object_component>
      <object_component id="oc-429">
         <name>.data</name>
         <load_address>0x8002030</load_address>
         <run_address>0x8002030</run_address>
         <size>0x4</size>
         <input_file_ref idref="fl-183"/>
      </object_component>
      <object_component id="oc-41f">
         <name>.data</name>
         <load_address>0x8002000</load_address>
         <run_address>0x8002000</run_address>
         <size>0xc</size>
         <input_file_ref idref="fl-184"/>
      </object_component>
      <object_component id="oc-319">
         <name>.data</name>
         <load_address>0x800200c</load_address>
         <run_address>0x800200c</run_address>
         <size>0x8</size>
         <input_file_ref idref="fl-18e"/>
      </object_component>
      <object_component id="oc-233">
         <name>.data</name>
         <load_address>0x8002034</load_address>
         <run_address>0x8002034</run_address>
         <size>0x1</size>
         <input_file_ref idref="fl-18f"/>
      </object_component>
      <object_component id="oc-251">
         <name>.debug_info</name>
         <load_address>0x0</load_address>
         <run_address>0x0</run_address>
         <size>0x1d3</size>
         <input_file_ref idref="fl-2"/>
      </object_component>
      <object_component id="oc-12c">
         <name>.debug_info</name>
         <load_address>0x1d3</load_address>
         <run_address>0x1d3</run_address>
         <size>0xe57</size>
         <input_file_ref idref="fl-2"/>
      </object_component>
      <object_component id="oc-339">
         <name>.debug_info</name>
         <load_address>0x102a</load_address>
         <run_address>0x102a</run_address>
         <size>0x225</size>
         <input_file_ref idref="fl-2"/>
      </object_component>
      <object_component id="oc-33e">
         <name>.debug_info</name>
         <load_address>0x124f</load_address>
         <run_address>0x124f</run_address>
         <size>0x26d5</size>
         <input_file_ref idref="fl-2"/>
      </object_component>
      <object_component id="oc-a0">
         <name>.debug_info</name>
         <load_address>0x3924</load_address>
         <run_address>0x3924</run_address>
         <size>0x157</size>
         <input_file_ref idref="fl-2"/>
      </object_component>
      <object_component id="oc-127">
         <name>.debug_info</name>
         <load_address>0x3a7b</load_address>
         <run_address>0x3a7b</run_address>
         <size>0x8b</size>
         <input_file_ref idref="fl-2"/>
      </object_component>
      <object_component id="oc-13c">
         <name>.debug_info</name>
         <load_address>0x3b06</load_address>
         <run_address>0x3b06</run_address>
         <size>0x18b</size>
         <input_file_ref idref="fl-2"/>
      </object_component>
      <object_component id="oc-20f">
         <name>.debug_info</name>
         <load_address>0x3c91</load_address>
         <run_address>0x3c91</run_address>
         <size>0x4e</size>
         <input_file_ref idref="fl-2"/>
      </object_component>
      <object_component id="oc-c7">
         <name>.debug_info</name>
         <load_address>0x3cdf</load_address>
         <run_address>0x3cdf</run_address>
         <size>0x84</size>
         <input_file_ref idref="fl-3"/>
      </object_component>
      <object_component id="oc-aa">
         <name>.debug_info</name>
         <load_address>0x3d63</load_address>
         <run_address>0x3d63</run_address>
         <size>0xf0</size>
         <input_file_ref idref="fl-4"/>
      </object_component>
      <object_component id="oc-ed">
         <name>.debug_info</name>
         <load_address>0x3e53</load_address>
         <run_address>0x3e53</run_address>
         <size>0x160</size>
         <input_file_ref idref="fl-5"/>
      </object_component>
      <object_component id="oc-81">
         <name>.debug_info</name>
         <load_address>0x3fb3</load_address>
         <run_address>0x3fb3</run_address>
         <size>0xb15</size>
         <input_file_ref idref="fl-5"/>
      </object_component>
      <object_component id="oc-28">
         <name>.debug_info</name>
         <load_address>0x4ac8</load_address>
         <run_address>0x4ac8</run_address>
         <size>0x175</size>
         <input_file_ref idref="fl-5"/>
      </object_component>
      <object_component id="oc-b0">
         <name>.debug_info</name>
         <load_address>0x4c3d</load_address>
         <run_address>0x4c3d</run_address>
         <size>0x18c</size>
         <input_file_ref idref="fl-5"/>
      </object_component>
      <object_component id="oc-b5">
         <name>.debug_info</name>
         <load_address>0x4dc9</load_address>
         <run_address>0x4dc9</run_address>
         <size>0x86</size>
         <input_file_ref idref="fl-5"/>
      </object_component>
      <object_component id="oc-143">
         <name>.debug_info</name>
         <load_address>0x4e4f</load_address>
         <run_address>0x4e4f</run_address>
         <size>0x1de</size>
         <input_file_ref idref="fl-5"/>
      </object_component>
      <object_component id="oc-e8">
         <name>.debug_info</name>
         <load_address>0x502d</load_address>
         <run_address>0x502d</run_address>
         <size>0x129</size>
         <input_file_ref idref="fl-5"/>
      </object_component>
      <object_component id="oc-15c">
         <name>.debug_info</name>
         <load_address>0x5156</load_address>
         <run_address>0x5156</run_address>
         <size>0x2cf</size>
         <input_file_ref idref="fl-5"/>
      </object_component>
      <object_component id="oc-1c7">
         <name>.debug_info</name>
         <load_address>0x5425</load_address>
         <run_address>0x5425</run_address>
         <size>0xe3</size>
         <input_file_ref idref="fl-6"/>
      </object_component>
      <object_component id="oc-f9">
         <name>.debug_info</name>
         <load_address>0x5508</load_address>
         <run_address>0x5508</run_address>
         <size>0x6c2</size>
         <input_file_ref idref="fl-6"/>
      </object_component>
      <object_component id="oc-14d">
         <name>.debug_info</name>
         <load_address>0x5bca</load_address>
         <run_address>0x5bca</run_address>
         <size>0x1f9</size>
         <input_file_ref idref="fl-6"/>
      </object_component>
      <object_component id="oc-278">
         <name>.debug_info</name>
         <load_address>0x5dc3</load_address>
         <run_address>0x5dc3</run_address>
         <size>0xda</size>
         <input_file_ref idref="fl-6"/>
      </object_component>
      <object_component id="oc-1f2">
         <name>.debug_info</name>
         <load_address>0x5e9d</load_address>
         <run_address>0x5e9d</run_address>
         <size>0x170</size>
         <input_file_ref idref="fl-7"/>
      </object_component>
      <object_component id="oc-1ef">
         <name>.debug_info</name>
         <load_address>0x600d</load_address>
         <run_address>0x600d</run_address>
         <size>0xd8</size>
         <input_file_ref idref="fl-7"/>
      </object_component>
      <object_component id="oc-1ec">
         <name>.debug_info</name>
         <load_address>0x60e5</load_address>
         <run_address>0x60e5</run_address>
         <size>0xcc</size>
         <input_file_ref idref="fl-7"/>
      </object_component>
      <object_component id="oc-105">
         <name>.debug_info</name>
         <load_address>0x61b1</load_address>
         <run_address>0x61b1</run_address>
         <size>0xe86</size>
         <input_file_ref idref="fl-7"/>
      </object_component>
      <object_component id="oc-cf">
         <name>.debug_info</name>
         <load_address>0x7037</load_address>
         <run_address>0x7037</run_address>
         <size>0x2c</size>
         <input_file_ref idref="fl-7"/>
      </object_component>
      <object_component id="oc-190">
         <name>.debug_info</name>
         <load_address>0x7063</load_address>
         <run_address>0x7063</run_address>
         <size>0x3d3</size>
         <input_file_ref idref="fl-7"/>
      </object_component>
      <object_component id="oc-1f3">
         <name>.debug_info</name>
         <load_address>0x7436</load_address>
         <run_address>0x7436</run_address>
         <size>0x2e3</size>
         <input_file_ref idref="fl-7"/>
      </object_component>
      <object_component id="oc-346">
         <name>.debug_info</name>
         <load_address>0x7719</load_address>
         <run_address>0x7719</run_address>
         <size>0x1a7</size>
         <input_file_ref idref="fl-8"/>
      </object_component>
      <object_component id="oc-1cd">
         <name>.debug_info</name>
         <load_address>0x78c0</load_address>
         <run_address>0x78c0</run_address>
         <size>0x375</size>
         <input_file_ref idref="fl-8"/>
      </object_component>
      <object_component id="oc-262">
         <name>.debug_info</name>
         <load_address>0x7c35</load_address>
         <run_address>0x7c35</run_address>
         <size>0x26c</size>
         <input_file_ref idref="fl-8"/>
      </object_component>
      <object_component id="oc-13b">
         <name>.debug_info</name>
         <load_address>0x7ea1</load_address>
         <run_address>0x7ea1</run_address>
         <size>0x297</size>
         <input_file_ref idref="fl-9"/>
      </object_component>
      <object_component id="oc-9a">
         <name>.debug_info</name>
         <load_address>0x8138</load_address>
         <run_address>0x8138</run_address>
         <size>0x92f</size>
         <input_file_ref idref="fl-9"/>
      </object_component>
      <object_component id="oc-177">
         <name>.debug_info</name>
         <load_address>0x8a67</load_address>
         <run_address>0x8a67</run_address>
         <size>0x791</size>
         <input_file_ref idref="fl-9"/>
      </object_component>
      <object_component id="oc-17c">
         <name>.debug_info</name>
         <load_address>0x91f8</load_address>
         <run_address>0x91f8</run_address>
         <size>0x4de</size>
         <input_file_ref idref="fl-9"/>
      </object_component>
      <object_component id="oc-181">
         <name>.debug_info</name>
         <load_address>0x96d6</load_address>
         <run_address>0x96d6</run_address>
         <size>0x3ce</size>
         <input_file_ref idref="fl-9"/>
      </object_component>
      <object_component id="oc-186">
         <name>.debug_info</name>
         <load_address>0x9aa4</load_address>
         <run_address>0x9aa4</run_address>
         <size>0x437</size>
         <input_file_ref idref="fl-9"/>
      </object_component>
      <object_component id="oc-1b1">
         <name>.debug_info</name>
         <load_address>0x9edb</load_address>
         <run_address>0x9edb</run_address>
         <size>0x37b</size>
         <input_file_ref idref="fl-9"/>
      </object_component>
      <object_component id="oc-18b">
         <name>.debug_info</name>
         <load_address>0xa256</load_address>
         <run_address>0xa256</run_address>
         <size>0x1ca</size>
         <input_file_ref idref="fl-9"/>
      </object_component>
      <object_component id="oc-148">
         <name>.debug_info</name>
         <load_address>0xa420</load_address>
         <run_address>0xa420</run_address>
         <size>0x435</size>
         <input_file_ref idref="fl-9"/>
      </object_component>
      <object_component id="oc-1a4">
         <name>.debug_info</name>
         <load_address>0xa855</load_address>
         <run_address>0xa855</run_address>
         <size>0x510</size>
         <input_file_ref idref="fl-9"/>
      </object_component>
      <object_component id="oc-19a">
         <name>.debug_info</name>
         <load_address>0xad65</load_address>
         <run_address>0xad65</run_address>
         <size>0x1de</size>
         <input_file_ref idref="fl-9"/>
      </object_component>
      <object_component id="oc-1a9">
         <name>.debug_info</name>
         <load_address>0xaf43</load_address>
         <run_address>0xaf43</run_address>
         <size>0x17a</size>
         <input_file_ref idref="fl-9"/>
      </object_component>
      <object_component id="oc-152">
         <name>.debug_info</name>
         <load_address>0xb0bd</load_address>
         <run_address>0xb0bd</run_address>
         <size>0x642</size>
         <input_file_ref idref="fl-9"/>
      </object_component>
      <object_component id="oc-157">
         <name>.debug_info</name>
         <load_address>0xb6ff</load_address>
         <run_address>0xb6ff</run_address>
         <size>0x13e</size>
         <input_file_ref idref="fl-9"/>
      </object_component>
      <object_component id="oc-174">
         <name>.debug_info</name>
         <load_address>0xb83d</load_address>
         <run_address>0xb83d</run_address>
         <size>0xca</size>
         <input_file_ref idref="fl-a"/>
      </object_component>
      <object_component id="oc-d9">
         <name>.debug_info</name>
         <load_address>0xb907</load_address>
         <run_address>0xb907</run_address>
         <size>0x1cf</size>
         <input_file_ref idref="fl-a"/>
      </object_component>
      <object_component id="oc-195">
         <name>.debug_info</name>
         <load_address>0xbad6</load_address>
         <run_address>0xbad6</run_address>
         <size>0x1d8</size>
         <input_file_ref idref="fl-a"/>
      </object_component>
      <object_component id="oc-269">
         <name>.debug_info</name>
         <load_address>0xbcae</load_address>
         <run_address>0xbcae</run_address>
         <size>0xc6</size>
         <input_file_ref idref="fl-a"/>
      </object_component>
      <object_component id="oc-1cc">
         <name>.debug_info</name>
         <load_address>0xbd74</load_address>
         <run_address>0xbd74</run_address>
         <size>0x11a</size>
         <input_file_ref idref="fl-b"/>
      </object_component>
      <object_component id="oc-1c9">
         <name>.debug_info</name>
         <load_address>0xbe8e</load_address>
         <run_address>0xbe8e</run_address>
         <size>0xd0</size>
         <input_file_ref idref="fl-b"/>
      </object_component>
      <object_component id="oc-fd">
         <name>.debug_info</name>
         <load_address>0xbf5e</load_address>
         <run_address>0xbf5e</run_address>
         <size>0xf62</size>
         <input_file_ref idref="fl-b"/>
      </object_component>
      <object_component id="oc-281">
         <name>.debug_info</name>
         <load_address>0xcec0</load_address>
         <run_address>0xcec0</run_address>
         <size>0xc7</size>
         <input_file_ref idref="fl-b"/>
      </object_component>
      <object_component id="oc-71">
         <name>.debug_info</name>
         <load_address>0xcf87</load_address>
         <run_address>0xcf87</run_address>
         <size>0x771</size>
         <input_file_ref idref="fl-c"/>
      </object_component>
      <object_component id="oc-31">
         <name>.debug_info</name>
         <load_address>0xd6f8</load_address>
         <run_address>0xd6f8</run_address>
         <size>0xf8</size>
         <input_file_ref idref="fl-d"/>
      </object_component>
      <object_component id="oc-8d">
         <name>.debug_info</name>
         <load_address>0xd7f0</load_address>
         <run_address>0xd7f0</run_address>
         <size>0x23f</size>
         <input_file_ref idref="fl-e"/>
      </object_component>
      <object_component id="oc-26e">
         <name>.debug_info</name>
         <load_address>0xda2f</load_address>
         <run_address>0xda2f</run_address>
         <size>0xe9</size>
         <input_file_ref idref="fl-10"/>
      </object_component>
      <object_component id="oc-349">
         <name>.debug_info</name>
         <load_address>0xdb18</load_address>
         <run_address>0xdb18</run_address>
         <size>0x242</size>
         <input_file_ref idref="fl-10"/>
      </object_component>
      <object_component id="oc-19f">
         <name>.debug_info</name>
         <load_address>0xdd5a</load_address>
         <run_address>0xdd5a</run_address>
         <size>0x2af</size>
         <input_file_ref idref="fl-10"/>
      </object_component>
      <object_component id="oc-36">
         <name>.debug_info</name>
         <load_address>0xe009</load_address>
         <run_address>0xe009</run_address>
         <size>0x126</size>
         <input_file_ref idref="fl-11"/>
      </object_component>
      <object_component id="oc-e1">
         <name>.debug_info</name>
         <load_address>0xe12f</load_address>
         <run_address>0xe12f</run_address>
         <size>0x357</size>
         <input_file_ref idref="fl-12"/>
      </object_component>
      <object_component id="oc-e6">
         <name>.debug_info</name>
         <load_address>0xe486</load_address>
         <run_address>0xe486</run_address>
         <size>0x4ab</size>
         <input_file_ref idref="fl-13"/>
      </object_component>
      <object_component id="oc-7b">
         <name>.debug_info</name>
         <load_address>0xe931</load_address>
         <run_address>0xe931</run_address>
         <size>0x27eb</size>
         <input_file_ref idref="fl-13"/>
      </object_component>
      <object_component id="oc-22">
         <name>.debug_info</name>
         <load_address>0x1111c</load_address>
         <run_address>0x1111c</run_address>
         <size>0x4d7</size>
         <input_file_ref idref="fl-14"/>
      </object_component>
      <object_component id="oc-a7">
         <name>.debug_info</name>
         <load_address>0x115f3</load_address>
         <run_address>0x115f3</run_address>
         <size>0x287</size>
         <input_file_ref idref="fl-15"/>
      </object_component>
      <object_component id="oc-2e">
         <name>.debug_info</name>
         <load_address>0x1187a</load_address>
         <run_address>0x1187a</run_address>
         <size>0xce</size>
         <input_file_ref idref="fl-15"/>
      </object_component>
      <object_component id="oc-41">
         <name>.debug_info</name>
         <load_address>0x11948</load_address>
         <run_address>0x11948</run_address>
         <size>0x460</size>
         <input_file_ref idref="fl-15"/>
      </object_component>
      <object_component id="oc-44">
         <name>.debug_info</name>
         <load_address>0x11da8</load_address>
         <run_address>0x11da8</run_address>
         <size>0x1e9</size>
         <input_file_ref idref="fl-15"/>
      </object_component>
      <object_component id="oc-161">
         <name>.debug_info</name>
         <load_address>0x11f91</load_address>
         <run_address>0x11f91</run_address>
         <size>0x5d</size>
         <input_file_ref idref="fl-15"/>
      </object_component>
      <object_component id="oc-df">
         <name>.debug_info</name>
         <load_address>0x11fee</load_address>
         <run_address>0x11fee</run_address>
         <size>0x357</size>
         <input_file_ref idref="fl-16"/>
      </object_component>
      <object_component id="oc-76">
         <name>.debug_info</name>
         <load_address>0x12345</load_address>
         <run_address>0x12345</run_address>
         <size>0x71f</size>
         <input_file_ref idref="fl-16"/>
      </object_component>
      <object_component id="oc-f5">
         <name>.debug_info</name>
         <load_address>0x12a64</load_address>
         <run_address>0x12a64</run_address>
         <size>0x286</size>
         <input_file_ref idref="fl-14d"/>
      </object_component>
      <object_component id="oc-89">
         <name>.debug_info</name>
         <load_address>0x12cea</load_address>
         <run_address>0x12cea</run_address>
         <size>0x140</size>
         <input_file_ref idref="fl-14d"/>
      </object_component>
      <object_component id="oc-1bc">
         <name>.debug_info</name>
         <load_address>0x12e2a</load_address>
         <run_address>0x12e2a</run_address>
         <size>0x39</size>
         <input_file_ref idref="fl-14d"/>
      </object_component>
      <object_component id="oc-1c1">
         <name>.debug_info</name>
         <load_address>0x12e63</load_address>
         <run_address>0x12e63</run_address>
         <size>0xcd</size>
         <input_file_ref idref="fl-14d"/>
      </object_component>
      <object_component id="oc-55">
         <name>.debug_info</name>
         <load_address>0x12f30</load_address>
         <run_address>0x12f30</run_address>
         <size>0x104</size>
         <input_file_ref idref="fl-14e"/>
      </object_component>
      <object_component id="oc-12">
         <name>.debug_info</name>
         <load_address>0x13034</load_address>
         <run_address>0x13034</run_address>
         <size>0x193</size>
         <input_file_ref idref="fl-14e"/>
      </object_component>
      <object_component id="oc-50">
         <name>.debug_info</name>
         <load_address>0x131c7</load_address>
         <run_address>0x131c7</run_address>
         <size>0x46</size>
         <input_file_ref idref="fl-14e"/>
      </object_component>
      <object_component id="oc-c0">
         <name>.debug_info</name>
         <load_address>0x1320d</load_address>
         <run_address>0x1320d</run_address>
         <size>0x2c</size>
         <input_file_ref idref="fl-14e"/>
      </object_component>
      <object_component id="oc-5d">
         <name>.debug_info</name>
         <load_address>0x13239</load_address>
         <run_address>0x13239</run_address>
         <size>0xfd</size>
         <input_file_ref idref="fl-14f"/>
      </object_component>
      <object_component id="oc-58">
         <name>.debug_info</name>
         <load_address>0x13336</load_address>
         <run_address>0x13336</run_address>
         <size>0x210</size>
         <input_file_ref idref="fl-14f"/>
      </object_component>
      <object_component id="oc-16">
         <name>.debug_info</name>
         <load_address>0x13546</load_address>
         <run_address>0x13546</run_address>
         <size>0x17a</size>
         <input_file_ref idref="fl-14f"/>
      </object_component>
      <object_component id="oc-5e">
         <name>.debug_info</name>
         <load_address>0x136c0</load_address>
         <run_address>0x136c0</run_address>
         <size>0x39</size>
         <input_file_ref idref="fl-14f"/>
      </object_component>
      <object_component id="oc-6e">
         <name>.debug_info</name>
         <load_address>0x136f9</load_address>
         <run_address>0x136f9</run_address>
         <size>0xf3</size>
         <input_file_ref idref="fl-150"/>
      </object_component>
      <object_component id="oc-1c">
         <name>.debug_info</name>
         <load_address>0x137ec</load_address>
         <run_address>0x137ec</run_address>
         <size>0x15e</size>
         <input_file_ref idref="fl-150"/>
      </object_component>
      <object_component id="oc-69">
         <name>.debug_info</name>
         <load_address>0x1394a</load_address>
         <run_address>0x1394a</run_address>
         <size>0x46</size>
         <input_file_ref idref="fl-150"/>
      </object_component>
      <object_component id="oc-1b9">
         <name>.debug_info</name>
         <load_address>0x13990</load_address>
         <run_address>0x13990</run_address>
         <size>0x1a9</size>
         <input_file_ref idref="fl-151"/>
      </object_component>
      <object_component id="oc-ef">
         <name>.debug_info</name>
         <load_address>0x13b39</load_address>
         <run_address>0x13b39</run_address>
         <size>0x14c</size>
         <input_file_ref idref="fl-151"/>
      </object_component>
      <object_component id="oc-271">
         <name>.debug_info</name>
         <load_address>0x13c85</load_address>
         <run_address>0x13c85</run_address>
         <size>0x2c</size>
         <input_file_ref idref="fl-151"/>
      </object_component>
      <object_component id="oc-138">
         <name>.debug_info</name>
         <load_address>0x13cb1</load_address>
         <run_address>0x13cb1</run_address>
         <size>0x15a</size>
         <input_file_ref idref="fl-152"/>
      </object_component>
      <object_component id="oc-135">
         <name>.debug_info</name>
         <load_address>0x13e0b</load_address>
         <run_address>0x13e0b</run_address>
         <size>0xff</size>
         <input_file_ref idref="fl-152"/>
      </object_component>
      <object_component id="oc-96">
         <name>.debug_info</name>
         <load_address>0x13f0a</load_address>
         <run_address>0x13f0a</run_address>
         <size>0x1d6</size>
         <input_file_ref idref="fl-152"/>
      </object_component>
      <object_component id="oc-1dd">
         <name>.debug_info</name>
         <load_address>0x140e0</load_address>
         <run_address>0x140e0</run_address>
         <size>0x10d</size>
         <input_file_ref idref="fl-153"/>
      </object_component>
      <object_component id="oc-1d9">
         <name>.debug_info</name>
         <load_address>0x141ed</load_address>
         <run_address>0x141ed</run_address>
         <size>0x10d</size>
         <input_file_ref idref="fl-154"/>
      </object_component>
      <object_component id="oc-1e4">
         <name>.debug_info</name>
         <load_address>0x142fa</load_address>
         <run_address>0x142fa</run_address>
         <size>0x106</size>
         <input_file_ref idref="fl-155"/>
      </object_component>
      <object_component id="oc-4c">
         <name>.debug_info</name>
         <load_address>0x14400</load_address>
         <run_address>0x14400</run_address>
         <size>0x149</size>
         <input_file_ref idref="fl-156"/>
      </object_component>
      <object_component id="oc-64">
         <name>.debug_info</name>
         <load_address>0x14549</load_address>
         <run_address>0x14549</run_address>
         <size>0x111</size>
         <input_file_ref idref="fl-157"/>
      </object_component>
      <object_component id="oc-20e">
         <name>.debug_info</name>
         <load_address>0x1465a</load_address>
         <run_address>0x1465a</run_address>
         <size>0x1f5</size>
         <input_file_ref idref="fl-158"/>
      </object_component>
      <object_component id="oc-10b">
         <name>.debug_info</name>
         <load_address>0x1484f</load_address>
         <run_address>0x1484f</run_address>
         <size>0x24d</size>
         <input_file_ref idref="fl-158"/>
      </object_component>
      <object_component id="oc-311">
         <name>.debug_info</name>
         <load_address>0x14a9c</load_address>
         <run_address>0x14a9c</run_address>
         <size>0xae</size>
         <input_file_ref idref="fl-158"/>
      </object_component>
      <object_component id="oc-37c">
         <name>.debug_info</name>
         <load_address>0x14b4a</load_address>
         <run_address>0x14b4a</run_address>
         <size>0xb3</size>
         <input_file_ref idref="fl-159"/>
      </object_component>
      <object_component id="oc-2ac">
         <name>.debug_info</name>
         <load_address>0x14bfd</load_address>
         <run_address>0x14bfd</run_address>
         <size>0x193</size>
         <input_file_ref idref="fl-159"/>
      </object_component>
      <object_component id="oc-1d3">
         <name>.debug_info</name>
         <load_address>0x14d90</load_address>
         <run_address>0x14d90</run_address>
         <size>0x116</size>
         <input_file_ref idref="fl-15a"/>
      </object_component>
      <object_component id="oc-1e8">
         <name>.debug_info</name>
         <load_address>0x14ea6</load_address>
         <run_address>0x14ea6</run_address>
         <size>0xf2</size>
         <input_file_ref idref="fl-15b"/>
      </object_component>
      <object_component id="oc-25a">
         <name>.debug_info</name>
         <load_address>0x14f98</load_address>
         <run_address>0x14f98</run_address>
         <size>0xed</size>
         <input_file_ref idref="fl-15c"/>
      </object_component>
[...]
      </symbol>
      <symbol id="sm-6f5">
         <name>memcpy</name>
         <value>0x97f8</value>
         <object_component_ref idref="oc-4a"/>
      </symbol>
      <symbol id="sm-6f6">
         <name>__aeabi_memcpy</name>
         <value>0x97f8</value>
         <object_component_ref idref="oc-4a"/>
      </symbol>
      <symbol id="sm-6f7">
         <name>__aeabi_memcpy8</name>
         <value>0x97f8</value>
         <object_component_ref idref="oc-4a"/>
      </symbol>
      <symbol id="sm-6f8">
         <name>__aeabi_memcpy4</name>
         <value>0x97f8</value>
         <object_component_ref idref="oc-4a"/>
      </symbol>
      <symbol id="sm-707">
         <name>__aeabi_memset</name>
         <value>0xabec</value>
         <object_component_ref idref="oc-63"/>
      </symbol>
      <symbol id="sm-708">
         <name>memset</name>
         <value>0xabf8</value>
         <object_component_ref idref="oc-63"/>
      </symbol>
      <symbol id="sm-709">
         <name>__aeabi_memset8</name>
         <value>0xabec</value>
         <object_component_ref idref="oc-63"/>
      </symbol>
      <symbol id="sm-70a">
         <name>__aeabi_memset4</name>
         <value>0xabec</value>
         <object_component_ref idref="oc-63"/>
      </symbol>
      <symbol id="sm-70b">
         <name>__aeabi_memclr8</name>
         <value>0xabe8</value>
         <object_component_ref idref="oc-63"/>
      </symbol>
      <symbol id="sm-70c">
         <name>__aeabi_memclr4</name>
         <value>0xabe8</value>
         <object_component_ref idref="oc-63"/>
      </symbol>
      <symbol id="sm-70d">
         <name>__aeabi_memclr</name>
         <value>0xabe8</value>
         <object_component_ref idref="oc-63"/>
      </symbol>
      <symbol id="sm-72b">
         <name>printf</name>
         <value>0xadec</value>
         <object_component_ref idref="oc-108"/>
      </symbol>
      <symbol id="sm-739">
         <name>strlen</name>
         <value>0xb76c</value>
         <object_component_ref idref="oc-2ab"/>
      </symbol>
      <symbol id="sm-747">
         <name>__aeabi_uidivmod</name>
         <value>0xb464</value>
         <object_component_ref idref="oc-1d2"/>
      </symbol>
      <symbol id="sm-748">
         <name>__aeabi_uidiv</name>
         <value>0xb464</value>
         <object_component_ref idref="oc-1d2"/>
      </symbol>
      <symbol id="sm-754">
         <name>__aeabi_ui2d</name>
         <value>0xb63c</value>
         <object_component_ref idref="oc-1e6"/>
      </symbol>
      <symbol id="sm-76e">
         <name>_nop</name>
         <value>0xb760</value>
         <object_component_ref idref="oc-252"/>
      </symbol>
      <symbol id="sm-76f">
         <name>_lock</name>
         <value>0x8002014</value>
         <object_component_ref idref="oc-131"/>
      </symbol>
      <symbol id="sm-770">
         <name>_unlock</name>
         <value>0x8002018</value>
         <object_component_ref idref="oc-131"/>
      </symbol>
      <symbol id="sm-771">
         <name>_register_lock</name>
         <value>0xb754</value>
         <object_component_ref idref="oc-252"/>
      </symbol>
      <symbol id="sm-772">
         <name>_register_unlock</name>
         <value>0xb748</value>
         <object_component_ref idref="oc-252"/>
      </symbol>
      <symbol id="sm-869">
         <name>__TI_printfi</name>
         <value>0x3a88</value>
         <object_component_ref idref="oc-204"/>
      </symbol>
      <symbol id="sm-87c">
         <name>atoi</name>
         <value>0xafc8</value>
         <object_component_ref idref="oc-2f5"/>
      </symbol>
      <symbol id="sm-887">
         <name>_ctypes_</name>
         <value>0xbd58</value>
         <object_component_ref idref="oc-3a8"/>
      </symbol>
      <symbol id="sm-8a0">
         <name>__aeabi_stdout</name>
         <value>0x8001ff8</value>
         <object_component_ref idref="oc-35d"/>
      </symbol>
      <symbol id="sm-8a1">
         <name>__TI_tmpnams</name>
         <value>0x8002158</value>
         <object_component_ref idref="oc-464"/>
      </symbol>
      <symbol id="sm-8a2">
         <name>__aeabi_stderr</name>
         <value>0x8001ffc</value>
         <object_component_ref idref="oc-35d"/>
      </symbol>
      <symbol id="sm-8a3">
         <name>__aeabi_stdin</name>
         <value>0x8001ff4</value>
         <object_component_ref idref="oc-35d"/>
      </symbol>
      <symbol id="sm-8a4">
         <name>_ftable</name>
         <value>0x8001d00</value>
         <object_component_ref idref="oc-20a"/>
      </symbol>
      <symbol id="sm-8a5">
         <name>__TI_ft_end</name>
         <value>0x8001ff0</value>
         <object_component_ref idref="oc-35d"/>
      </symbol>
      <symbol id="sm-8c9">
         <name>__aeabi_dsub</name>
         <value>0x8d38</value>
         <object_component_ref idref="oc-2d8"/>
      </symbol>
      <symbol id="sm-8ca">
         <name>__aeabi_dadd</name>
         <value>0x8d44</value>
         <object_component_ref idref="oc-2d8"/>
      </symbol>
      <symbol id="sm-8f1">
         <name>__aeabi_cdcmpeq</name>
         <value>0xa7c4</value>
         <object_component_ref idref="oc-2be"/>
      </symbol>
      <symbol id="sm-8f2">
         <name>__aeabi_cdcmple</name>
         <value>0xa7c4</value>
         <object_component_ref idref="oc-2be"/>
      </symbol>
      <symbol id="sm-8f3">
         <name>__aeabi_cdrcmple</name>
         <value>0xa8a4</value>
         <object_component_ref idref="oc-2c3"/>
      </symbol>
      <symbol id="sm-901">
         <name>__aeabi_d2iz</name>
         <value>0xb304</value>
         <object_component_ref idref="oc-2c8"/>
      </symbol>
      <symbol id="sm-919">
         <name>putc</name>
         <value>0xa3e8</value>
         <object_component_ref idref="oc-1f8"/>
      </symbol>
      <symbol id="sm-91a">
         <name>fputc</name>
         <value>0xa3e8</value>
         <object_component_ref idref="oc-1f8"/>
      </symbol>
      <symbol id="sm-91b">
         <name>putchar</name>
         <value>0xa4e0</value>
         <object_component_ref idref="oc-1f8"/>
      </symbol>
      <symbol id="sm-93b">
         <name>puts</name>
         <value>0x92f0</value>
         <object_component_ref idref="oc-1fe"/>
      </symbol>
      <symbol id="sm-93c">
         <name>fputs</name>
         <value>0x9154</value>
         <object_component_ref idref="oc-1fe"/>
      </symbol>
      <symbol id="sm-949">
         <name>frexp</name>
         <value>0xb670</value>
         <object_component_ref idref="oc-2dd"/>
      </symbol>
      <symbol id="sm-953">
         <name>__aeabi_idiv0</name>
         <value>0xb834</value>
         <object_component_ref idref="oc-286"/>
      </symbol>
      <symbol id="sm-95f">
         <name>__aeabi_i2d</name>
         <value>0xb5c8</value>
         <object_component_ref idref="oc-2d3"/>
      </symbol>
      <symbol id="sm-96e">
         <name>ldexp</name>
         <value>0xb238</value>
         <object_component_ref idref="oc-2e3"/>
      </symbol>
      <symbol id="sm-9be">
         <name>open</name>
         <value>0x74c8</value>
         <object_component_ref idref="oc-2a3"/>
      </symbol>
      <symbol id="sm-9bf">
         <name>add_device</name>
         <value>0x76b4</value>
         <object_component_ref idref="oc-2a3"/>
      </symbol>
      <symbol id="sm-9c0">
         <name>remove_device</name>
         <value>0x7438</value>
         <object_component_ref idref="oc-2a3"/>
      </symbol>
      <symbol id="sm-9c1">
         <name>lseek</name>
         <value>0x75e0</value>
         <object_component_ref idref="oc-2a3"/>
      </symbol>
      <symbol id="sm-9c2">
         <name>read</name>
         <value>0x7484</value>
         <object_component_ref idref="oc-2a3"/>
      </symbol>
      <symbol id="sm-9c3">
         <name>rename</name>
         <value>0x73cc</value>
         <object_component_ref idref="oc-2a3"/>
      </symbol>
      <symbol id="sm-9c4">
         <name>write</name>
         <value>0x7294</value>
         <object_component_ref idref="oc-2a3"/>
      </symbol>
      <symbol id="sm-9c5">
         <name>close</name>
         <value>0x7624</value>
         <object_component_ref idref="oc-2a3"/>
      </symbol>
      <symbol id="sm-9c6">
         <name>unlink</name>
         <value>0x738c</value>
         <object_component_ref idref="oc-2a3"/>
      </symbol>
      <symbol id="sm-9d4">
         <name>ltoa</name>
         <value>0xb0d0</value>
         <object_component_ref idref="oc-2cd"/>
      </symbol>
      <symbol id="sm-9e3">
         <name>memccpy</name>
         <value>0xb6a0</value>
         <object_component_ref idref="oc-2ef"/>
      </symbol>
      <symbol id="sm-9f2">
         <name>memchr</name>
         <value>0xb6cc</value>
         <object_component_ref idref="oc-2b1"/>
      </symbol>
      <symbol id="sm-a00">
         <name>strchr</name>
         <value>0xb6f8</value>
         <object_component_ref idref="oc-2e9"/>
      </symbol>
      <symbol id="sm-a0e">
         <name>strcmp</name>
         <value>0xb720</value>
         <object_component_ref idref="oc-362"/>
      </symbol>
      <symbol id="sm-a1d">
         <name>strncpy</name>
         <value>0xb500</value>
         <object_component_ref idref="oc-368"/>
      </symbol>
      <symbol id="sm-a3e">
         <name>HOSTgetenv</name>
         <value>0x7b6c</value>
         <object_component_ref idref="oc-3e3"/>
      </symbol>
      <symbol id="sm-a3f">
         <name>HOSTrename</name>
         <value>0x7924</value>
         <object_component_ref idref="oc-3e3"/>
      </symbol>
      <symbol id="sm-a40">
         <name>HOSTclose</name>
         <value>0x7bd4</value>
         <object_component_ref idref="oc-3e3"/>
      </symbol>
      <symbol id="sm-a41">
         <name>HOSTunlink</name>
         <value>0x7860</value>
         <object_component_ref idref="oc-3e3"/>
      </symbol>
      <symbol id="sm-a42">
         <name>HOSTlseek</name>
         <value>0x7acc</value>
         <object_component_ref idref="oc-3e3"/>
      </symbol>
      <symbol id="sm-a43">
         <name>HOSTopen</name>
         <value>0x7a40</value>
         <object_component_ref idref="oc-3e3"/>
      </symbol>
      <symbol id="sm-a44">
         <name>HOSTclock</name>
         <value>0x7c3c</value>
         <object_component_ref idref="oc-3e3"/>
      </symbol>
      <symbol id="sm-a45">
         <name>HOSTwrite</name>
         <value>0x77dc</value>
         <object_component_ref idref="oc-3e3"/>
      </symbol>
      <symbol id="sm-a46">
         <name>HOSTread</name>
         <value>0x79bc</value>
         <object_component_ref idref="oc-3e3"/>
      </symbol>
      <symbol id="sm-a47">
         <name>HOSTtime</name>
         <value>0x78c4</value>
         <object_component_ref idref="oc-3e3"/>
      </symbol>
      <symbol id="sm-a61">
         <name>__TI_readmsg</name>
         <value>0xaed8</value>
         <object_component_ref idref="oc-432"/>
      </symbol>
      <symbol id="sm-a62">
         <name>C$$IO$$</name>
         <value>0xaed0</value>
         <object_component_ref idref="oc-432"/>
      </symbol>
      <symbol id="sm-a63">
         <name>__CIOBUF_</name>
         <value>0x8002038</value>
         <object_component_ref idref="oc-46b"/>
      </symbol>
      <symbol id="sm-a64">
         <name>__TI_writemsg</name>
         <value>0xae88</value>
         <object_component_ref idref="oc-432"/>
      </symbol>
      <symbol id="sm-a8e">
         <name>__aeabi_uldivmod</name>
         <value>0x85b8</value>
         <object_component_ref idref="oc-2b9"/>
      </symbol>
      <symbol id="sm-aac">
         <name>_Dscale</name>
         <value>0x9328</value>
         <object_component_ref idref="oc-396"/>
      </symbol>
      <symbol id="sm-abf">
         <name>_Dunscale</name>
         <value>0xab34</value>
         <object_component_ref idref="oc-38e"/>
      </symbol>
      <symbol id="sm-acc">
         <name>_Feraise</name>
         <value>0xb548</value>
         <object_component_ref idref="oc-39c"/>
      </symbol>
      <symbol id="sm-adc">
         <name>_Rteps</name>
         <value>0x8001fd0</value>
         <object_component_ref idref="oc-403"/>
      </symbol>
      <symbol id="sm-add">
         <name>_Zero</name>
         <value>0x8001fe8</value>
         <object_component_ref idref="oc-403"/>
      </symbol>
      <symbol id="sm-ade">
         <name>_Hugeval</name>
         <value>0x8001f90</value>
         <object_component_ref idref="oc-403"/>
      </symbol>
      <symbol id="sm-adf">
         <name>_Snan</name>
         <value>0x8001fc0</value>
         <object_component_ref idref="oc-403"/>
      </symbol>
      <symbol id="sm-ae0">
         <name>_Nan</name>
         <value>0x8001fb0</value>
         <object_component_ref idref="oc-403"/>
      </symbol>
      <symbol id="sm-ae1">
         <name>_Inf</name>
         <value>0x8001fa0</value>
         <object_component_ref idref="oc-403"/>
      </symbol>
      <symbol id="sm-ae2">
         <name>_Xbig</name>
         <value>0x8001fe0</value>
         <object_component_ref idref="oc-403"/>
      </symbol>
      <symbol id="sm-ae3">
         <name>_Eps</name>
         <value>0x8001f80</value>
         <object_component_ref idref="oc-403"/>
      </symbol>
      <symbol id="sm-ae4">
         <name>_Denorm</name>
         <value>0x8001f70</value>
         <object_component_ref idref="oc-403"/>
      </symbol>
      <symbol id="sm-b00">
         <name>__TI_wrt_ok</name>
         <value>0xa2d0</value>
         <object_component_ref idref="oc-297"/>
      </symbol>
      <symbol id="sm-b01">
         <name>__TI_rd_ok</name>
         <value>0xa370</value>
         <object_component_ref idref="oc-297"/>
      </symbol>
      <symbol id="sm-b09">
         <name>_Errno</name>
         <value>0x800202c</value>
         <object_component_ref idref="oc-40e"/>
      </symbol>
      <symbol id="sm-b28">
         <name>feraiseexcept</name>
         <value>0xb3b8</value>
         <object_component_ref idref="oc-408"/>
      </symbol>
      <symbol id="sm-b29">
         <name>_Tls_setup__Fenv</name>
         <value>0x8002028</value>
         <object_component_ref idref="oc-45a"/>
      </symbol>
      <symbol id="sm-b2a">
         <name>_Fenv</name>
         <value>0x8002024</value>
         <object_component_ref idref="oc-45a"/>
      </symbol>
      <symbol id="sm-b44">
         <name>__TI_doflush</name>
         <value>0xa078</value>
         <object_component_ref idref="oc-29d"/>
      </symbol>
      <symbol id="sm-b45">
         <name>fflush</name>
         <value>0xa0fc</value>
         <object_component_ref idref="oc-29d"/>
      </symbol>
      <symbol id="sm-b57">
         <name>fseek</name>
         <value>0xac98</value>
         <object_component_ref idref="oc-34f"/>
      </symbol>
      <symbol id="sm-b66">
         <name>__aeabi_idivmod</name>
         <value>0xb410</value>
         <object_component_ref idref="oc-385"/>
      </symbol>
      <symbol id="sm-b67">
         <name>__aeabi_idiv</name>
         <value>0xb410</value>
         <object_component_ref idref="oc-385"/>
      </symbol>
      <symbol id="sm-b7a">
         <name>raise</name>
         <value>0xb4b4</value>
         <object_component_ref idref="oc-454"/>
      </symbol>
      <symbol id="sm-b94">
         <name>setvbuf</name>
         <value>0x9dcc</value>
         <object_component_ref idref="oc-355"/>
      </symbol>
      <symbol id="sm-bae">
         <name>signal</name>
         <value>0xb2a0</value>
         <object_component_ref idref="oc-476"/>
      </symbol>
      <symbol id="sm-bbc">
         <name>strcpy</name>
         <value>0xb7a8</value>
         <object_component_ref idref="oc-438"/>
      </symbol>
      <symbol id="sm-bd1">
         <name>_Dnorm</name>
         <value>0x9c6c</value>
         <object_component_ref idref="oc-3f9"/>
      </symbol>
      <symbol id="sm-c04">
         <name>__TI_cleanup</name>
         <value>0x8154</value>
         <object_component_ref idref="oc-3cc"/>
      </symbol>
      <symbol id="sm-c05">
         <name>freopen</name>
         <value>0x81a0</value>
         <object_component_ref idref="oc-3cc"/>
      </symbol>
      <symbol id="sm-c06">
         <name>fopen</name>
         <value>0x81ec</value>
         <object_component_ref idref="oc-3cc"/>
      </symbol>
      <symbol id="sm-c6a">
         <name>_sys_memory</name>
         <value>0x8001500</value>
         <object_component_ref idref="oc-47"/>
      </symbol>
      <symbol id="sm-c6b">
         <name>free</name>
         <value>0x6828</value>
         <object_component_ref idref="oc-3c6"/>
      </symbol>
      <symbol id="sm-c6c">
         <name>realloc</name>
         <value>0x6980</value>
         <object_component_ref idref="oc-3c6"/>
      </symbol>
      <symbol id="sm-c6d">
         <name>memalign</name>
         <value>0x6b14</value>
         <object_component_ref idref="oc-3c6"/>
      </symbol>
      <symbol id="sm-c6e">
         <name>calloc</name>
         <value>0x6c54</value>
         <object_component_ref idref="oc-3c6"/>
      </symbol>
      <symbol id="sm-c6f">
         <name>malloc</name>
         <value>0x676c</value>
         <object_component_ref idref="oc-3c6"/>
      </symbol>
      <symbol id="sm-c70">
         <name>minit</name>
         <value>0x6670</value>
         <object_component_ref idref="oc-3c6"/>
      </symbol>
      <symbol id="sm-c86">
         <name>__TI_closefile</name>
         <value>0xa4f4</value>
         <object_component_ref idref="oc-423"/>
      </symbol>
      <symbol id="sm-c87">
         <name>fclose</name>
         <value>0xa5a0</value>
         <object_component_ref idref="oc-423"/>
      </symbol>
      <symbol id="sm-caf">
         <name>Fapi_enableMainBankSectors</name>
         <value>0xb1c9</value>
         <object_component_ref idref="oc-11a"/>
      </symbol>
      <symbol id="sm-cd2">
         <name>Fapi_initializeFlashBanks</name>
         <value>0x8ad9</value>
         <object_component_ref idref="oc-10e"/>
      </symbol>
      <symbol id="sm-ce1">
         <name>_Fapi_issueFsmCommand</name>
         <value>0xb58d</value>
         <object_component_ref idref="oc-23e"/>
      </symbol>
      <symbol id="sm-d00">
         <name>_scaleMainFclk</name>
         <value>0xb809</value>
         <object_component_ref idref="oc-220"/>
      </symbol>
      <symbol id="sm-d01">
         <name>_scaleEEFclk</name>
         <value>0xb7f9</value>
         <object_component_ref idref="oc-226"/>
      </symbol>
      <symbol id="sm-d1b">
         <name>Fapi_setActiveFlashBank</name>
         <value>0x9979</value>
         <object_component_ref idref="oc-114"/>
      </symbol>
      <symbol id="sm-d3e">
         <name>Fapi_issueProgrammingCommand</name>
         <value>0x9af5</value>
         <object_component_ref idref="oc-120"/>
      </symbol>
      <symbol id="sm-d50">
         <name>Fapi_calculateEcc</name>
         <value>0xb7c1</value>
         <object_component_ref idref="oc-244"/>
      </symbol>
      <symbol id="sm-d5f">
         <name>Fapi_calculateFletcherChecksum</name>
         <value>0xb605</value>
         <object_component_ref idref="oc-214"/>
      </symbol>
      <symbol id="sm-d6f">
         <name>Fapi_getNumberOfBankSectors</name>
         <value>0xb7e9</value>
         <object_component_ref idref="oc-236"/>
      </symbol>
      <symbol id="sm-d72">
         <name>__TI_static_base__</name>
         <value>0x0</value>
      </symbol>
      <symbol id="sm-d75">
         <name>SHT$$INIT_ARRAY$$Base</name>
         <value>0x0</value>
      </symbol>
      <symbol id="sm-d76">
         <name>SHT$$INIT_ARRAY$$Limit</name>
         <value>0x0</value>
      </symbol>
      <symbol id="sm-d77">
         <name>remove</name>
         <value>0x738c</value>
      </symbol>
   </symbol_table>
   <title>Link successful</title>
</link_info>
